Archive member included to satisfy reference by file (symbol)

C:/devkitPro/libnds/lib\libfilesystem.a(nitrofs.o)
                              main.o (nitroFSInit)
C:/devkitPro/libnds/lib\libfat.a(libfat.o)
                              C:/devkitPro/libnds/lib\libfilesystem.a(nitrofs.o) (fatInitDefault)
C:/devkitPro/libnds/lib\libfat.a(disc.o)
                              C:/devkitPro/libnds/lib\libfat.a(libfat.o) (_FAT_disc_interfaces)
C:/devkitPro/libnds/lib\libfat.a(fatfile.o)
                              C:/devkitPro/libnds/lib\libfat.a(libfat.o) (_FAT_open_r)
C:/devkitPro/libnds/lib\libfat.a(cache.o)
                              C:/devkitPro/libnds/lib\libfat.a(fatfile.o) (_FAT_cache_readSectors)
C:/devkitPro/libnds/lib\libfat.a(fatdir.o)
                              C:/devkitPro/libnds/lib\libfat.a(libfat.o) (_FAT_stat_r)
C:/devkitPro/libnds/lib\libfat.a(directory.o)
                              C:/devkitPro/libnds/lib\libfat.a(fatfile.o) (_FAT_directory_entryGetCluster)
C:/devkitPro/libnds/lib\libfat.a(partition.o)
                              C:/devkitPro/libnds/lib\libfat.a(libfat.o) (_FAT_partition_destructor)
C:/devkitPro/libnds/lib\libfat.a(lock.o)
                              C:/devkitPro/libnds/lib\libfat.a(partition.o) (_FAT_lock_init)
C:/devkitPro/libnds/lib\libfat.a(filetime.o)
                              C:/devkitPro/libnds/lib\libfat.a(fatfile.o) (_FAT_filetime_getTimeFromRTC)
C:/devkitPro/libnds/lib\libfat.a(file_allocation_table.o)
                              C:/devkitPro/libnds/lib\libfat.a(fatfile.o) (_FAT_fat_nextCluster)
C:/devkitPro/libnds/lib\libnds9.a(trig.o)
                              main.o (tanLerp)
C:/devkitPro/libnds/lib\libnds9.a(touch.o)
                              main.o (touchRead)
C:/devkitPro/libnds/lib\libnds9.a(console.o)
                              main.o (consoleDemoInit)
C:/devkitPro/libnds/lib\libnds9.a(videoGL.o)
                              main.o (glRotatef32i)
C:/devkitPro/libnds/lib\libnds9.a(keys.o)
                              main.o (scanKeys)
C:/devkitPro/libnds/lib\libnds9.a(dldi.o)
                              C:/devkitPro/libnds/lib\libfat.a(disc.o) (dldiGetInternal)
C:/devkitPro/libnds/lib\libnds9.a(initSystem.o)
                              C:/devkitPro/devkitARM/bin/../lib/gcc/arm-none-eabi/13.2.0/../../../../arm-none-eabi/lib/thumb/ds_arm9_crt0.o (initSystem)
C:/devkitPro/libnds/lib\libnds9.a(securearea.o)
                              C:/devkitPro/devkitARM/bin/../lib/gcc/arm-none-eabi/13.2.0/../../../../arm-none-eabi/lib/thumb/ds_arm9_crt0.o (__secure_area__)
C:/devkitPro/libnds/lib\libnds9.a(interrupts.o)
                              C:/devkitPro/libnds/lib\libnds9.a(initSystem.o) (irqInit)
C:/devkitPro/libnds/lib\libnds9.a(libnds_exit.arm.o)
                              C:/devkitPro/devkitARM/bin/../lib/gcc/arm-none-eabi/13.2.0/../../../../arm-none-eabi/lib/thumb/ds_arm9_crt0.o (__libnds_exit)
C:/devkitPro/libnds/lib\libnds9.a(card.o)
                              C:/devkitPro/libnds/lib\libfilesystem.a(nitrofs.o) (cardParamCommand)
C:/devkitPro/libnds/lib\libnds9.a(fifosystem.o)
                              C:/devkitPro/libnds/lib\libnds9.a(initSystem.o) (fifoSetValue32Handler)
C:/devkitPro/libnds/lib\libnds9.a(dldi_stub.o)
                              C:/devkitPro/libnds/lib\libnds9.a(dldi.o) (_io_dldi_stub)
C:/devkitPro/libnds/lib\libnds9.a(mpu_setup.o)
                              C:/devkitPro/devkitARM/bin/../lib/gcc/arm-none-eabi/13.2.0/../../../../arm-none-eabi/lib/thumb/ds_arm9_crt0.o (__libnds_mpu_setup)
C:/devkitPro/libnds/lib\libnds9.a(IntrWait.o)
                              C:/devkitPro/libnds/lib\libnds9.a(fifosystem.o) (swiIntrWait)
C:/devkitPro/libnds/lib\libnds9.a(cpu_clock.o)
                              C:/devkitPro/libnds/lib\libnds9.a(initSystem.o) (setCpuClock)
C:/devkitPro/libnds/lib\libnds9.a(interruptDispatcher.o)
                              C:/devkitPro/libnds/lib\libnds9.a(interrupts.o) (IntrMain)
C:/devkitPro/libnds/lib\libnds9.a(biosCalls.o)
                              C:/devkitPro/libnds/lib\libnds9.a(card.o) (swiDelay)
C:/devkitPro/libnds/lib\libnds9.a(debugprint.o)
                              C:/devkitPro/libnds/lib\libnds9.a(console.o) (nocashWrite)
C:/devkitPro/libnds/lib\libnds9.a(swiSoftReset.o)
                              C:/devkitPro/libnds/lib\libnds9.a(fifosystem.o) (swiSoftReset)
C:/devkitPro/libnds/lib\libnds9.a(default_font.bin.o)
                              C:/devkitPro/libnds/lib\libnds9.a(console.o) (default_font_bin)
C:/devkitPro/libnds/lib\libnds9.a(background.o)
                              C:/devkitPro/libnds/lib\libnds9.a(console.o) (bgState)
C:/devkitPro/libnds/lib\libnds9.a(dynamicArray.o)
                              C:/devkitPro/libnds/lib\libnds9.a(videoGL.o) (DynamicArrayInit)
C:/devkitPro/libnds/lib\libnds9.a(video.o)
                              C:/devkitPro/libnds/lib\libnds9.a(videoGL.o) (vramSetBanks_EFG)
[...]
Memory Configuration

Name             Origin             Length             Attributes
ewram            0x02000000         0x00380000
dtcm             0x02ff0000         0x00004000
vectors          0x01000000         0x00000100
itcm             0x01000100         0x00007f00
*default*        0x00000000         0xffffffff

Linker script and memory map

                0x02380000                        __ewram_end = (ORIGIN (ewram) + LENGTH (ewram))
                0x02380000                        __eheap_end = (ORIGIN (ewram) + LENGTH (ewram))
                0x02ff4000                        __dtcm_top = (ORIGIN (dtcm) + LENGTH (dtcm))
                0x02ff3ff8                        __irq_flags = (__dtcm_top - 0x8)
                0x02ff3ffc                        __irq_vector = (__dtcm_top - 0x4)
                0x02ff3f00                        __sp_svc = (__dtcm_top - 0x100)
                0x02ff3e00                        __sp_irq = (__sp_svc - 0x100)
                0x02ff3d00                        __sp_usr = (__sp_irq - 0x100)

.secure         0x02000000      0x800
 *(.secure)
 .secure        0x02000000      0x800 C:/devkitPro/libnds/lib\libnds9.a(securearea.o)
                0x02000000                __secure_area__

.crt0           0x02000800      0x300
                0x02000800                        __text_start = .
 *(.crt0)
 .crt0          0x02000800      0x300 C:/devkitPro/devkitARM/bin/../lib/gcc/arm-none-eabi/13.2.0/../../../../arm-none-eabi/lib/thumb/ds_arm9_crt0.o
                0x02000800                _start
                0x02000b00                        . = ALIGN (0x4)

.plt
 *(.plt)

.init           0x02000b00        0xc
 *(SORT_NONE(.init))
 .init          0x02000b00        0x4 C:/devkitPro/devkitARM/bin/../lib/gcc/arm-none-eabi/13.2.0/thumb/crti.o
                0x02000b00                _init
 .init          0x02000b04        0x8 C:/devkitPro/devkitARM/bin/../lib/gcc/arm-none-eabi/13.2.0/thumb/crtn.o

.text           0x02000b40    0x20738
 *(EXCLUDE_FILE(*.twl* *.vectors* *.itcm*) .text)
 .text          0x02000b40      0x548 Player.o
                0x02000b40                Player::Start()
                0x02000b50                Player::Attack()
                0x02000b50                Player::Draw()
                0x02000b50                Player::Animation()
                0x02000b50                Player::Draw2DTop()
                0x02000b50                Player::Death()
                0x02000b50                Player::Draw2DBottom()
                0x02000b54                Player::Damage(float, float, float)
                0x02000b58                Player::ColCheck()
                0x02000d78                Player::Update()
 .text          0x02001088      0x864 VectorFunctions.o
                0x02001088                lineLine(float, float, float, float, float, float, float, float)
                0x02001188                VeclineLine(float, float, float, float, float, float, float, float)
                0x020012a8                linePoint(float, float, float, float, float, float)
                0x02001418                PointBox(float, float, float, float, float, float)
                0x02001460                BoxBox(float, float, float, float, float, float, float, float)
                0x020014ac                distance(float, float, float, float)
                0x02001508                Magnitude(float, float)
                0x0200152c                VectLerpAngle(float, float, float)
                0x020015f0                repeat(float, float)
                0x02001618                lerpAngle(float, float, float)
                0x02001680                PointOnLine(float, float, float, float, float, float)
                0x02001780                polyPoint(Vector2*, float, float)
                0x02001844                polyLine(Vector2*, float, float, float, float)
                0x020018a0                polyPoly(Vector2*, Vector2*)
 .text          0x020018ec       0x70 globals.o
                0x020018ec                clip(float, float, float)
                0x02001914                lerp(float, float, float)
                0x02001940                SetCamera(float, float, float, float, float)
 .text          0x0200195c      0x684 main.o
                0x02001998                KeyUp(int)
                0x02001a04                KeyDown(int)
                0x02001a70                DrawGLScene()
                0x02001cb4                DrawFileTextTemp()
                0x02001d50                GenerateLevel()
 *fill*         0x02001fe0       0x20 ff
 .text          0x02002000     0x4000 C:/devkitPro/libnds/lib\libnds9.a(dldi_stub.o)
                0x02002000                _io_dldi_stub
 .text          0x02006000      0x11c C:/devkitPro/devkitARM/bin/../lib/gcc/arm-none-eabi/13.2.0/thumb\libgcc.a(_udivsi3.o)
                0x02006000                __aeabi_uidiv
                0x02006000                __udivsi3
                0x020060fc                __aeabi_uidivmod
 .text          0x0200611c      0x150 C:/devkitPro/devkitARM/bin/../lib/gcc/arm-none-eabi/13.2.0/thumb\libgcc.a(_divsi3.o)
                0x0200611c                __divsi3
                0x0200611c                __aeabi_idiv
                0x0200624c                __aeabi_idivmod
 .text          0x0200626c        0x4 C:/devkitPro/devkitARM/bin/../lib/gcc/arm-none-eabi/13.2.0/thumb\libgcc.a(_dvmd_tls.o)
                0x0200626c                __aeabi_idiv0
                0x0200626c                __aeabi_ldiv0
 .text          0x02006270      0x424 C:/devkitPro/devkitARM/bin/../lib/gcc/arm-none-eabi/13.2.0/thumb\libgcc.a(_arm_addsubdf3.o)
                0x02006270                __aeabi_drsub
                0x02006278                __aeabi_dsub
                0x02006278                __subdf3
                0x0200627c                __aeabi_dadd
                0x0200627c                __adddf3
                0x0200658c                __floatunsidf
                0x0200658c                __aeabi_ui2d
                0x020065b0                __floatsidf
                0x020065b0                __aeabi_i2d
                0x020065d8                __aeabi_f2d
                0x020065d8                __extendsfdf2
                0x02006620                __floatundidf
                0x02006620                __aeabi_ul2d
                0x02006634                __floatdidf
                0x02006634                __aeabi_l2d
 .text          0x02006694      0x49c C:/devkitPro/devkitARM/bin/../lib/gcc/arm-none-eabi/13.2.0/thumb\libgcc.a(_arm_muldivdf3.o)
                0x02006694                __aeabi_dmul
                0x02006694                __muldf3
                0x02006924                __divdf3
                0x02006924                __aeabi_ddiv
 .text          0x02006b30      0x144 C:/devkitPro/devkitARM/bin/../lib/gcc/arm-none-eabi/13.2.0/thumb\libgcc.a(_arm_cmpdf2.o)
                0x02006b30                __gtdf2
                0x02006b30                __gedf2
                0x02006b38                __ltdf2
                0x02006b38                __ledf2
                0x02006b40                __nedf2
                0x02006b40                __eqdf2
                0x02006b40                __cmpdf2
                0x02006bc8                __aeabi_cdrcmple
                0x02006be4                __aeabi_cdcmpeq
                0x02006be4                __aeabi_cdcmple
                0x02006bfc                __aeabi_dcmpeq
                0x02006c14                __aeabi_dcmplt
                0x02006c2c                __aeabi_dcmple
                0x02006c44                __aeabi_dcmpge
                0x02006c5c                __aeabi_dcmpgt
 .text          0x02006c74       0x38 C:/devkitPro/devkitARM/bin/../lib/gcc/arm-none-eabi/13.2.0/thumb\libgcc.a(_arm_unorddf2.o)
                0x02006c74                __unorddf2
                0x02006c74                __aeabi_dcmpun
 .text          0x02006cac       0x5c C:/devkitPro/devkitARM/bin/../lib/gcc/arm-none-eabi/13.2.0/thumb\libgcc.a(_arm_fixdfsi.o)
                0x02006cac                __aeabi_d2iz
                0x02006cac                __fixdfsi
 .text          0x02006d08       0xa0 C:/devkitPro/devkitARM/bin/../lib/gcc/arm-none-eabi/13.2.0/thumb\libgcc.a(_arm_truncdfsf2.o)
                0x02006d08                __truncdfsf2
                0x02006d08                __aeabi_d2f
 .text          0x02006da8      0x2ac C:/devkitPro/devkitARM/bin/../lib/gcc/arm-none-eabi/13.2.0/thumb\libgcc.a(_arm_addsubsf3.o)
                0x02006da8                __aeabi_frsub
                0x02006db0                __subsf3
                0x02006db0                __aeabi_fsub
                0x02006db4                __aeabi_fadd
                0x02006db4                __addsf3
                0x02006f70                __aeabi_ui2f
                0x02006f70                __floatunsisf
                0x02006f78                __aeabi_i2f
                0x02006f78                __floatsisf
                0x02006f98                __aeabi_ul2f
                0x02006f98                __floatundisf
                0x02006fa8                __aeabi_l2f
                0x02006fa8                __floatdisf
 .text          0x02007054      0x2f8 C:/devkitPro/devkitARM/bin/../lib/gcc/arm-none-eabi/13.2.0/thumb\libgcc.a(_arm_muldivsf3.o)
                0x02007054                __mulsf3
                0x02007054                __aeabi_fmul
                0x020071ec                __aeabi_fdiv
                0x020071ec                __divsf3
 .text          0x0200734c      0x114 C:/devkitPro/devkitARM/bin/../lib/gcc/arm-none-eabi/13.2.0/thumb\libgcc.a(_arm_cmpsf2.o)
                0x0200734c                __gesf2
                0x0200734c                __gtsf2
                0x02007354                __lesf2
                0x02007354                __ltsf2
                0x0200735c                __nesf2
                0x0200735c                __eqsf2
                0x0200735c                __cmpsf2
                0x020073c0                __aeabi_cfrcmple
                0x020073d0                __aeabi_cfcmpeq
                0x020073d0                __aeabi_cfcmple
                0x020073e8                __aeabi_fcmpeq
                0x02007400                __aeabi_fcmplt
                0x02007418                __aeabi_fcmple
                0x02007430                __aeabi_fcmpge
                0x02007448                __aeabi_fcmpgt
 .text          0x02007460       0x38 C:/devkitPro/devkitARM/bin/../lib/gcc/arm-none-eabi/13.2.0/thumb\libgcc.a(_arm_unordsf2.o)
                0x02007460                __unordsf2
                0x02007460                __aeabi_fcmpun
 .text          0x02007498       0x5c C:/devkitPro/devkitARM/bin/../lib/gcc/arm-none-eabi/13.2.0/thumb\libgcc.a(_arm_fixsfsi.o)
                0x02007498                __aeabi_f2iz
                0x02007498                __fixsfsi
 .text          0x020074f4       0xd4 C:/devkitPro/devkitARM/bin/../lib/gcc/arm-none-eabi/13.2.0/thumb\libgcc.a(_aeabi_ldivmod.o)
                0x020074f4                __aeabi_ldivmod
 .text          0x020075c8      0x1d8 C:/devkitPro/devkitARM/bin/../lib/gcc/arm-none-eabi/13.2.0/thumb\libgcc.a(libunwind.o)
                0x020075c8                __restore_core_regs
                0x020075c8                restore_core_regs
                0x020075e4                __gnu_Unwind_Restore_VFP
                0x020075ec                __gnu_Unwind_Save_VFP
                0x020075f4                __gnu_Unwind_Restore_VFP_D
                0x020075fc                __gnu_Unwind_Save_VFP_D
                0x02007604                __gnu_Unwind_Restore_VFP_D_16_to_31
                0x0200760c                __gnu_Unwind_Save_VFP_D_16_to_31
                0x02007614                __gnu_Unwind_Restore_WMMXD
                0x02007658                __gnu_Unwind_Save_WMMXD
                0x0200769c                __gnu_Unwind_Restore_WMMXC
                0x020076b0                __gnu_Unwind_Save_WMMXC
                0x020076c4                ___Unwind_RaiseException
                0x020076c4                _Unwind_RaiseException
                0x020076f0                _Unwind_Resume
                0x020076f0                ___Unwind_Resume
                0x0200771c                _Unwind_Resume_or_Rethrow
                0x0200771c                ___Unwind_Resume_or_Rethrow
                0x02007748                _Unwind_ForcedUnwind
                0x02007748                ___Unwind_ForcedUnwind
                0x02007774                ___Unwind_Backtrace
                0x02007774                _Unwind_Backtrace
 .text          0x020077a0       0x28 C:/devkitPro/devkitARM/bin/../lib/gcc/arm-none-eabi/13.2.0/thumb\libgcc.a(_clzdi2.o)
                0x020077a0                __clzdi2
 .text          0x020077c8       0x48 C:/devkitPro/devkitARM/bin/../lib/gcc/arm-none-eabi/13.2.0/thumb\libgcc.a(_clzsi2.o)
                0x020077c8                __clzsi2
 .text          0x02007810      0x224 C:/devkitPro/devkitARM/bin/../lib/gcc/arm-none-eabi/13.2.0/../../../../arm-none-eabi/lib/thumb\libg.a(libc_a-strcmp.o)
                0x02007810                strcmp
 .text          0x02007a34       0x14 C:/devkitPro/devkitARM/bin/../lib/gcc/arm-none-eabi/13.2.0/thumb\libgcc.a(_thumb1_case_uqi.o)
                0x02007a34                __gnu_thumb1_case_uqi
 .text          0x02007a48       0x14 C:/devkitPro/devkitARM/bin/../lib/gcc/arm-none-eabi/13.2.0/thumb\libgcc.a(_thumb1_case_uhi.o)
                0x02007a48                __gnu_thumb1_case_uhi
 .text          0x02007a5c       0x3c C:/devkitPro/devkitARM/bin/../lib/gcc/arm-none-eabi/13.2.0/thumb\libgcc.a(_aeabi_uldivmod.o)
                0x02007a5c                __aeabi_uldivmod
 *(EXCLUDE_FILE(*.twl* *.vectors* *.itcm*) .stub)
 *(EXCLUDE_FILE(*.twl* *.vectors* *.itcm*) .text.*)
 .text.__do_global_dtors_aux
                0x02007a98       0x2c C:/devkitPro/devkitARM/bin/../lib/gcc/arm-none-eabi/13.2.0/thumb/crtbegin.o
 .text.frame_dummy
                0x02007ac4       0x24 C:/devkitPro/devkitARM/bin/../lib/gcc/arm-none-eabi/13.2.0/thumb/crtbegin.o
 .text.startup  0x02007ae8       0x20 globals.o
 .text.exit     0x02007b08       0x34 globals.o
 .text._ZNSt6vectorIP7HexTileSaIS1_EE17_M_realloc_insertIJRKS1_EEEvN9__gnu_cxx17__normal_iteratorIPS1_S3_EEDpOT_
                0x02007b3c       0xf0 main.o
                0x02007b3c                void std::vector<HexTile*, std::allocator<HexTile*> >::_M_realloc_insert<HexTile* const&>(__gnu_cxx::__normal_iterator<HexTile**, std::vector<HexTile*, std::allocator<HexTile*> > >, HexTile* const&)
 .text._ZNSt6vectorIP10GameObjectSaIS1_EE17_M_realloc_insertIJS1_EEEvN9__gnu_cxx17__normal_iteratorIPS1_S3_EEDpOT_
                0x02007c2c       0xf0 main.o
                0x02007c2c                void std::vector<GameObject*, std::allocator<GameObject*> >::_M_realloc_insert<GameObject*>(__gnu_cxx::__normal_iterator<GameObject**, std::vector<GameObject*, std::allocator<GameObject*> > >, GameObject*&&)
 .text.startup  0x02007d1c      0x334 main.o
                0x02007d1c                main
 .text.nitroFSDirClose
                0x02008050        0x4 C:/devkitPro/libnds/lib\libfilesystem.a(nitrofs.o)
 .text.nitroFSSeek
                0x02008054       0x78 C:/devkitPro/libnds/lib\libfilesystem.a(nitrofs.o)
 .text.nitroFSFstat
                0x020080cc       0x10 C:/devkitPro/libnds/lib\libfilesystem.a(nitrofs.o)
 .text.nitroSubReadBlock
                0x020080dc       0x54 C:/devkitPro/libnds/lib\libfilesystem.a(nitrofs.o)
 .text.nitroSubReadCard
                0x02008130       0xb0 C:/devkitPro/libnds/lib\libfilesystem.a(nitrofs.o)
 .text.nitroFSClose
                0x020081e0        0x4 C:/devkitPro/libnds/lib\libfilesystem.a(nitrofs.o)
 .text.nitroDirReset
                0x020081e4       0x9c C:/devkitPro/libnds/lib\libfilesystem.a(nitrofs.o)
 .text.nitroFSRead
                0x02008280       0xbc C:/devkitPro/libnds/lib\libfilesystem.a(nitrofs.o)
 .text.nitroFSDirNext
                0x0200833c      0x30c C:/devkitPro/libnds/lib\libfilesystem.a(nitrofs.o)
 .text.nitroFSDirOpen
                0x02008648       0xe0 C:/devkitPro/libnds/lib\libfilesystem.a(nitrofs.o)
 .text.nitroFSChdir
                0x02008728       0x30 C:/devkitPro/libnds/lib\libfilesystem.a(nitrofs.o)
 .text.nitroFSOpen
                0x02008758       0xc4 C:/devkitPro/libnds/lib\libfilesystem.a(nitrofs.o)
 .text.nitroFSstat
                0x0200881c       0x68 C:/devkitPro/libnds/lib\libfilesystem.a(nitrofs.o)
 .text.nitroFSInit
                0x02008884      0x12c C:/devkitPro/libnds/lib\libfilesystem.a(nitrofs.o)
                0x02008884                nitroFSInit
 .text.fatMount.part.0
                0x020089b0       0xa0 C:/devkitPro/libnds/lib\libfat.a(libfat.o)
 .text.fatMount
                0x02008a50       0x3c C:/devkitPro/libnds/lib\libfat.a(libfat.o)
                0x02008a50                fatMount
 .text.fatInit  0x02008a8c      0x130 C:/devkitPro/libnds/lib\libfat.a(libfat.o)
                0x02008a8c                fatInit
 .text.fatInitDefault
                0x02008bbc        0xc C:/devkitPro/libnds/lib\libfat.a(libfat.o)
                0x02008bbc                fatInitDefault
 .text._FAT_check_position_for_next_cluster.part.0
                0x02008bc8       0x68 C:/devkitPro/libnds/lib\libfat.a(fatfile.o)
 .text._FAT_syncToDisc.part.0
                0x02008c30       0xd4 C:/devkitPro/libnds/lib\libfat.a(fatfile.o)
 .text._FAT_file_extend_r
                0x02008d04      0x208 C:/devkitPro/libnds/lib\libfat.a(fatfile.o)
 .text._FAT_open_r
                0x02008f0c      0x2d4 C:/devkitPro/libnds/lib\libfat.a(fatfile.o)
                0x02008f0c                _FAT_open_r
 .text._FAT_close_r
                0x020091e0       0x74 C:/devkitPro/libnds/lib\libfat.a(fatfile.o)
                0x020091e0                _FAT_close_r
 .text._FAT_read_r
                0x02009254      0x398 C:/devkitPro/libnds/lib\libfat.a(fatfile.o)
                0x02009254                _FAT_read_r
 .text._FAT_write_r
                0x020095ec      0x53c C:/devkitPro/libnds/lib\libfat.a(fatfile.o)
                0x020095ec                _FAT_write_r
 .text._FAT_seek_r
                0x02009b28      0x194 C:/devkitPro/libnds/lib\libfat.a(fatfile.o)
                0x02009b28                _FAT_seek_r
 .text._FAT_fstat_r
                0x02009cbc       0x8c C:/devkitPro/libnds/lib\libfat.a(fatfile.o)
                0x02009cbc                _FAT_fstat_r
 .text._FAT_ftruncate_r
                0x02009d48      0x16c C:/devkitPro/libnds/lib\libfat.a(fatfile.o)
                0x02009d48                _FAT_ftruncate_r
 .text._FAT_fsync_r
                0x02009eb4       0x44 C:/devkitPro/libnds/lib\libfat.a(fatfile.o)
                0x02009eb4                _FAT_fsync_r
 .text._FAT_cache_getPage
                0x02009ef8       0xf0 C:/devkitPro/libnds/lib\libfat.a(cache.o)
 .text._FAT_cache_constructor
                0x02009fe8       0x90 C:/devkitPro/libnds/lib\libfat.a(cache.o)
                0x02009fe8                _FAT_cache_constructor
 .text._FAT_cache_readSectors
                0x0200a078       0x60 C:/devkitPro/libnds/lib\libfat.a(cache.o)
                0x0200a078                _FAT_cache_readSectors
 .text._FAT_cache_readPartialSector
                0x0200a0d8       0x3c C:/devkitPro/libnds/lib\libfat.a(cache.o)
                0x0200a0d8                _FAT_cache_readPartialSector
 .text._FAT_cache_readLittleEndianValue
                0x0200a114       0x70 C:/devkitPro/libnds/lib\libfat.a(cache.o)
                0x0200a114                _FAT_cache_readLittleEndianValue
 .text._FAT_cache_writePartialSector
                0x0200a184       0x4c C:/devkitPro/libnds/lib\libfat.a(cache.o)
                0x0200a184                _FAT_cache_writePartialSector
 .text._FAT_cache_writeLittleEndianValue
                0x0200a1d0       0x8c C:/devkitPro/libnds/lib\libfat.a(cache.o)
                0x0200a1d0                _FAT_cache_writeLittleEndianValue
 .text._FAT_cache_eraseWritePartialSector
                0x0200a25c       0x60 C:/devkitPro/libnds/lib\libfat.a(cache.o)
                0x0200a25c                _FAT_cache_eraseWritePartialSector
 .text._FAT_cache_writeSectors
                0x0200a2bc       0x80 C:/devkitPro/libnds/lib\libfat.a(cache.o)
                0x0200a2bc                _FAT_cache_writeSectors
 .text._FAT_cache_flush
                0x0200a33c       0x40 C:/devkitPro/libnds/lib\libfat.a(cache.o)
                0x0200a33c                _FAT_cache_flush
 .text._FAT_stat_r
                0x0200a37c       0x90 C:/devkitPro/libnds/lib\libfat.a(fatdir.o)
                0x0200a37c                _FAT_stat_r
 .text._FAT_link_r
                0x0200a40c        0xc C:/devkitPro/libnds/lib\libfat.a(fatdir.o)
                0x0200a40c                _FAT_link_r
 .text._FAT_unlink_r
                0x0200a418      0x184 C:/devkitPro/libnds/lib\libfat.a(fatdir.o)
                0x0200a418                _FAT_unlink_r
 .text._FAT_chdir_r
                0x0200a59c       0x70 C:/devkitPro/libnds/lib\libfat.a(fatdir.o)
                0x0200a59c                _FAT_chdir_r
 .text._FAT_rename_r
                0x0200a60c      0x1c4 C:/devkitPro/libnds/lib\libfat.a(fatdir.o)
                0x0200a60c                _FAT_rename_r
 .text._FAT_mkdir_r
                0x0200a7d0      0x244 C:/devkitPro/libnds/lib\libfat.a(fatdir.o)
                0x0200a7d0                _FAT_mkdir_r
 .text._FAT_statvfs_r
                0x0200aa14       0x78 C:/devkitPro/libnds/lib\libfat.a(fatdir.o)
                0x0200aa14                _FAT_statvfs_r
 .text._FAT_diropen_r
                0x0200aa8c       0xb0 C:/devkitPro/libnds/lib\libfat.a(fatdir.o)
                0x0200aa8c                _FAT_diropen_r
 .text._FAT_dirreset_r
                0x0200ab3c       0x4c C:/devkitPro/libnds/lib\libfat.a(fatdir.o)
                0x0200ab3c                _FAT_dirreset_r
 .text._FAT_dirnext_r
                0x0200ab88       0x7c C:/devkitPro/libnds/lib\libfat.a(fatdir.o)
                0x0200ab88                _FAT_dirnext_r
 .text._FAT_dirclose_r
                0x0200ac04       0x20 C:/devkitPro/libnds/lib\libfat.a(fatdir.o)
                0x0200ac04                _FAT_dirclose_r
 .text._FAT_directory_entryGetAlias
                0x0200ac24       0xc8 C:/devkitPro/libnds/lib\libfat.a(directory.o)
 .text._FAT_directory_incrementDirEntryPosition
                0x0200acec       0x80 C:/devkitPro/libnds/lib\libfat.a(directory.o)
 .text._FAT_directory_mbsncasecmp
                0x0200ad6c       0xa8 C:/devkitPro/libnds/lib\libfat.a(directory.o)
 .text._FAT_directory_ucs2tombs.constprop.0
                0x0200ae14       0x90 C:/devkitPro/libnds/lib\libfat.a(directory.o)
 .text._FAT_directory_entryGetCluster
                0x0200aea4       0x20 C:/devkitPro/libnds/lib\libfat.a(directory.o)
                0x0200aea4                _FAT_directory_entryGetCluster
 .text._FAT_directory_getNextEntry
                0x0200aec4      0x23c C:/devkitPro/libnds/lib\libfat.a(directory.o)
                0x0200aec4                _FAT_directory_getNextEntry
 .text._FAT_directory_entryExists
                0x0200b100       0x80 C:/devkitPro/libnds/lib\libfat.a(directory.o)
 .text._FAT_directory_getFirstEntry
                0x0200b180       0x20 C:/devkitPro/libnds/lib\libfat.a(directory.o)
                0x0200b180                _FAT_directory_getFirstEntry
 .text._FAT_directory_getRootEntry
                0x0200b1a0       0x60 C:/devkitPro/libnds/lib\libfat.a(directory.o)
                0x0200b1a0                _FAT_directory_getRootEntry
 .text._FAT_directory_entryFromPosition
                0x0200b200      0x150 C:/devkitPro/libnds/lib\libfat.a(directory.o)
                0x0200b200                _FAT_directory_entryFromPosition
 .text._FAT_directory_entryFromPath
                0x0200b350      0x248 C:/devkitPro/libnds/lib\libfat.a(directory.o)
                0x0200b350                _FAT_directory_entryFromPath
 .text._FAT_directory_removeEntry
                0x0200b598       0xd8 C:/devkitPro/libnds/lib\libfat.a(directory.o)
                0x0200b598                _FAT_directory_removeEntry
 .text._FAT_directory_addEntry
                0x0200b670      0x808 C:/devkitPro/libnds/lib\libfat.a(directory.o)
                0x0200b670                _FAT_directory_addEntry
 .text._FAT_directory_chdir
                0x0200be78       0x3c C:/devkitPro/libnds/lib\libfat.a(directory.o)
                0x0200be78                _FAT_directory_chdir
 .text._FAT_directory_entryStat
                0x0200beb4       0xe4 C:/devkitPro/libnds/lib\libfat.a(directory.o)
                0x0200beb4                _FAT_directory_entryStat
 .text.isValidMBR
                0x0200bf98       0x5c C:/devkitPro/libnds/lib\libfat.a(partition.o)
 .text._FAT_updateFS_INFO
                0x0200bff4       0x54 C:/devkitPro/libnds/lib\libfat.a(partition.o)
 .text.FindFirstValidPartition_buf.part.0
                0x0200c048      0x11c C:/devkitPro/libnds/lib\libfat.a(partition.o)
 .text._FAT_partition_getPartitionFromPath
                0x0200c164       0x10 C:/devkitPro/libnds/lib\libfat.a(partition.o)
                0x0200c164                _FAT_partition_getPartitionFromPath
 .text._FAT_partition_createFSinfo
                0x0200c174       0x50 C:/devkitPro/libnds/lib\libfat.a(partition.o)
                0x0200c174                _FAT_partition_createFSinfo
 .text._FAT_partition_readFSinfo.part.0
                0x0200c1c4       0x74 C:/devkitPro/libnds/lib\libfat.a(partition.o)
 .text._FAT_partition_constructor_buf
                0x0200c238      0x2e8 C:/devkitPro/libnds/lib\libfat.a(partition.o)
                0x0200c238                _FAT_partition_constructor_buf
 .text._FAT_partition_constructor
                0x0200c520       0x40 C:/devkitPro/libnds/lib\libfat.a(partition.o)
                0x0200c520                _FAT_partition_constructor
 .text._FAT_partition_readFSinfo
                0x0200c560       0x10 C:/devkitPro/libnds/lib\libfat.a(partition.o)
                0x0200c560                _FAT_partition_readFSinfo
 .text._FAT_lock_init
                0x0200c570        0x4 C:/devkitPro/libnds/lib\libfat.a(lock.o)
                0x0200c570                _FAT_lock_init
 .text._FAT_lock
                0x0200c574        0x4 C:/devkitPro/libnds/lib\libfat.a(lock.o)
                0x0200c574                _FAT_lock
 .text._FAT_unlock
                0x0200c578        0x4 C:/devkitPro/libnds/lib\libfat.a(lock.o)
                0x0200c578                _FAT_unlock
 .text._FAT_filetime_getTimeFromRTC
                0x0200c57c       0x44 C:/devkitPro/libnds/lib\libfat.a(filetime.o)
                0x0200c57c                _FAT_filetime_getTimeFromRTC
 .text._FAT_filetime_getDateFromRTC
                0x0200c5c0       0x44 C:/devkitPro/libnds/lib\libfat.a(filetime.o)
                0x0200c5c0                _FAT_filetime_getDateFromRTC
 .text._FAT_filetime_to_time_t
                0x0200c604       0x38 C:/devkitPro/libnds/lib\libfat.a(filetime.o)
                0x0200c604                _FAT_filetime_to_time_t
 .text._FAT_fat_writeFatEntry.part.0.isra.0
                0x0200c63c      0x12c C:/devkitPro/libnds/lib\libfat.a(file_allocation_table.o)
 .text._FAT_fat_nextCluster
                0x0200c768      0x108 C:/devkitPro/libnds/lib\libfat.a(file_allocation_table.o)
                0x0200c768                _FAT_fat_nextCluster
 .text._FAT_fat_linkFreeCluster
                0x0200c870       0xac C:/devkitPro/libnds/lib\libfat.a(file_allocation_table.o)
                0x0200c870                _FAT_fat_linkFreeCluster
 .text._FAT_fat_linkFreeClusterCleared
                0x0200c91c       0x68 C:/devkitPro/libnds/lib\libfat.a(file_allocation_table.o)
                0x0200c91c                _FAT_fat_linkFreeClusterCleared
 .text._FAT_fat_clearLinks
                0x0200c984       0x7c C:/devkitPro/libnds/lib\libfat.a(file_allocation_table.o)
                0x0200c984                _FAT_fat_clearLinks
 .text._FAT_fat_trimChain
                0x0200ca00       0x80 C:/devkitPro/libnds/lib\libfat.a(file_allocation_table.o)
                0x0200ca00                _FAT_fat_trimChain
 .text._FAT_fat_lastCluster
                0x0200ca80       0x34 C:/devkitPro/libnds/lib\libfat.a(file_allocation_table.o)
                0x0200ca80                _FAT_fat_lastCluster
 .text._FAT_fat_freeClusterCount
                0x0200cab4       0x2c C:/devkitPro/libnds/lib\libfat.a(file_allocation_table.o)
                0x0200cab4                _FAT_fat_freeClusterCount
 .text.sinLutLookup
                0x0200cae0       0x4c C:/devkitPro/libnds/lib\libnds9.a(trig.o)
                0x0200cae0                sinLutLookup
 .text.sinLerp  0x0200cb2c       0x40 C:/devkitPro/libnds/lib\libnds9.a(trig.o)
                0x0200cb2c                sinLerp
 .text.cosLerp  0x0200cb6c       0x4c C:/devkitPro/libnds/lib\libnds9.a(trig.o)
                0x0200cb6c                cosLerp
 .text.tanLerp  0x0200cbb8       0xb0 C:/devkitPro/libnds/lib\libnds9.a(trig.o)
                0x0200cbb8                tanLerp
 .text.touchRead
                0x0200cc68       0x24 C:/devkitPro/libnds/lib\libnds9.a(touch.o)
                0x0200cc68                touchRead
 .text.newRow   0x0200cc8c       0xa8 C:/devkitPro/libnds/lib\libnds9.a(console.o)
 .text.consolePrintChar
                0x0200cd34       0xe0 C:/devkitPro/libnds/lib\libnds9.a(console.o)
                0x0200cd34                consolePrintChar
 .text.con_write
                0x0200ce14      0x36c C:/devkitPro/libnds/lib\libnds9.a(console.o)
                0x0200ce14                con_write
 .text.consoleLoadFont
                0x0200d180      0x2a0 C:/devkitPro/libnds/lib\libnds9.a(console.o)
                0x0200d180                consoleLoadFont
 .text.consoleInit
                0x0200d420      0x18c C:/devkitPro/libnds/lib\libnds9.a(console.o)
                0x0200d420                consoleInit
 .text.consoleDemoInit
                0x0200d5ac       0x40 C:/devkitPro/libnds/lib\libnds9.a(console.o)
                0x0200d5ac                consoleDemoInit
 .text.glRotatef32i
                0x0200d5ec      0x2b4 C:/devkitPro/libnds/lib\libnds9.a(videoGL.o)
                0x0200d5ec                glRotatef32i
 .text.glMaterialf
                0x0200d8a0       0x7c C:/devkitPro/libnds/lib\libnds9.a(videoGL.o)
                0x0200d8a0                glMaterialf
 .text.vramBlock_init
                0x0200d91c       0x5c C:/devkitPro/libnds/lib\libnds9.a(videoGL.o)
                0x0200d91c                vramBlock_init
 .text.glInit_C
                0x0200d978      0x1cc C:/devkitPro/libnds/lib\libnds9.a(videoGL.o)
                0x0200d978                glInit_C
 .text.scanKeys
                0x0200db44       0x8c C:/devkitPro/libnds/lib\libnds9.a(keys.o)
                0x0200db44                scanKeys
 .text.keysHeld
                0x0200dbd0        0xc C:/devkitPro/libnds/lib\libnds9.a(keys.o)
                0x0200dbd0                keysHeld
 .text.keysDown
                0x0200dbdc       0x14 C:/devkitPro/libnds/lib\libnds9.a(keys.o)
                0x0200dbdc                keysDown
 .text.keysUp   0x0200dbf0       0x18 C:/devkitPro/libnds/lib\libnds9.a(keys.o)
                0x0200dbf0                keysUp
 .text.dldiGetInternal
                0x0200dc08       0x34 C:/devkitPro/libnds/lib\libnds9.a(dldi.o)
                0x0200dc08                dldiGetInternal
 .text.get_io_dsisd
                0x0200dc3c       0x24 C:/devkitPro/libnds/lib\libnds9.a(dldi.o)
                0x0200dc3c                get_io_dsisd
 .text.__syscall_gettod_r
                0x0200dc60       0x28 C:/devkitPro/libnds/lib\libnds9.a(initSystem.o)
                0x0200dc60                __syscall_gettod_r
 .text.__syscall_exit
                0x0200dc88        0x8 C:/devkitPro/libnds/lib\libnds9.a(initSystem.o)
                0x0200dc88                __syscall_exit
 .text.initSystem
                0x0200dc90      0x180 C:/devkitPro/libnds/lib\libnds9.a(initSystem.o)
                0x0200dc90                initSystem
 .text.irqDummy
                0x0200de10        0x4 C:/devkitPro/libnds/lib\libnds9.a(interrupts.o)
                0x0200de10                irqDummy
 .text.irqSet   0x0200de14       0x6c C:/devkitPro/libnds/lib\libnds9.a(interrupts.o)
                0x0200de14                irqSet
 .text.irqInit  0x0200de80       0x50 C:/devkitPro/libnds/lib\libnds9.a(interrupts.o)
                0x0200de80                irqInit
 .text.irqEnable
                0x0200ded0       0x64 C:/devkitPro/libnds/lib\libnds9.a(interrupts.o)
                0x0200ded0                irqEnable
 .text.systemErrorExit
                0x0200df34        0x4 C:/devkitPro/libnds/lib\libnds9.a(libnds_exit.arm.o)
                0x0200df34                systemErrorExit
 .text.__libnds_exit
                0x0200df38       0x5c C:/devkitPro/libnds/lib\libnds9.a(libnds_exit.arm.o)
                0x0200df38                __libnds_exit
 .text.cardPolledTransfer
                0x0200df94       0x54 C:/devkitPro/libnds/lib\libnds9.a(card.o)
                0x0200df94                cardPolledTransfer
 .text.cardParamCommand
                0x0200dfe8       0x34 C:/devkitPro/libnds/lib\libnds9.a(card.o)
                0x0200dfe8                cardParamCommand
 .text.fifo_queueBlock
                0x0200e01c       0x44 C:/devkitPro/libnds/lib\libnds9.a(fifosystem.o)
 .text.fifo_waitBlock
                0x0200e060       0x80 C:/devkitPro/libnds/lib\libnds9.a(fifosystem.o)
 .text.fifoInternalSend.part.0
                0x0200e0e0       0xd4 C:/devkitPro/libnds/lib\libnds9.a(fifosystem.o)
 .text.fifoInternalSendInterrupt
                0x0200e1b4       0xb0 C:/devkitPro/libnds/lib\libnds9.a(fifosystem.o)
 .text.fifoSetValue32Handler
                0x0200e264       0xd4 C:/devkitPro/libnds/lib\libnds9.a(fifosystem.o)
                0x0200e264                fifoSetValue32Handler
 .text.fifoSendValue32
                0x0200e338       0x4c C:/devkitPro/libnds/lib\libnds9.a(fifosystem.o)
                0x0200e338                fifoSendValue32
 .text.fifoSendDatamsg
                0x0200e384       0x90 C:/devkitPro/libnds/lib\libnds9.a(fifosystem.o)
                0x0200e384                fifoSendDatamsg
 .text.fifoGetValue32
                0x0200e414       0x70 C:/devkitPro/libnds/lib\libnds9.a(fifosystem.o)
                0x0200e414                fifoGetValue32
 .text.fifoGetDatamsg
                0x0200e484       0xf4 C:/devkitPro/libnds/lib\libnds9.a(fifosystem.o)
                0x0200e484                fifoGetDatamsg
 .text.fifoInternalRecvInterrupt
                0x0200e578      0x37c C:/devkitPro/libnds/lib\libnds9.a(fifosystem.o)
 .text.fifoSetDatamsgHandler
                0x0200e8f4       0x9c C:/devkitPro/libnds/lib\libnds9.a(fifosystem.o)
                0x0200e8f4                fifoSetDatamsgHandler
 .text.fifoCheckValue32
                0x0200e990       0x24 C:/devkitPro/libnds/lib\libnds9.a(fifosystem.o)
                0x0200e990                fifoCheckValue32
 .text.fifoInit
                0x0200e9b4      0x108 C:/devkitPro/libnds/lib\libnds9.a(fifosystem.o)
                0x0200e9b4                fifoInit
 .text.__libnds_mpu_setup
                0x0200eabc      0x174 C:/devkitPro/libnds/lib\libnds9.a(mpu_setup.o)
                0x0200eabc                __libnds_mpu_setup
 .text.memUncached
                0x0200ec30       0x20 C:/devkitPro/libnds/lib\libnds9.a(mpu_setup.o)
                0x0200ec30                memUncached
 .text.swiIntrWait
                0x0200ec50       0x70 C:/devkitPro/libnds/lib\libnds9.a(IntrWait.o)
                0x0200ec50                swiIntrWait
 .text.setCpuClock
                0x0200ecc0       0x50 C:/devkitPro/libnds/lib\libnds9.a(cpu_clock.o)
                0x0200ecc0                setCpuClock
 .text.swiDelay
                0x0200ed10        0x4 C:/devkitPro/libnds/lib\libnds9.a(biosCalls.o)
                0x0200ed10                swiDelay
 .text.swiSoftReset
                0x0200ed14       0x2c C:/devkitPro/libnds/lib\libnds9.a(swiSoftReset.o)
                0x0200ed14                swiSoftReset
 .text.checkIfText
                0x0200ed40       0x5c C:/devkitPro/libnds/lib\libnds9.a(background.o)
                0x0200ed40                checkIfText
 .text.bgUpdate
                0x0200ed9c       0xf4 C:/devkitPro/libnds/lib\libnds9.a(background.o)
                0x0200ed9c                bgUpdate
 .text.bgInit_call
                0x0200ee90       0xc4 C:/devkitPro/libnds/lib\libnds9.a(background.o)
                0x0200ee90                bgInit_call
 .text.bgInitSub_call
                0x0200ef54       0xcc C:/devkitPro/libnds/lib\libnds9.a(background.o)
                0x0200ef54                bgInitSub_call
 .text.DynamicArrayInit
                0x0200f020       0x18 C:/devkitPro/libnds/lib\libnds9.a(dynamicArray.o)
                0x0200f020                DynamicArrayInit
 .text.DynamicArraySet
                0x0200f038       0x48 C:/devkitPro/libnds/lib\libnds9.a(dynamicArray.o)
                0x0200f038                DynamicArraySet
 .text.vramDefault
                0x0200f080       0xd0 C:/devkitPro/libnds/lib\libnds9.a(video.o)
                0x0200f080                vramDefault
 .text.systemValueHandler
                0x0200f150       0x48 C:/devkitPro/libnds/lib\libnds9.a(system.o)
                0x0200f150                systemValueHandler
 .text.systemMsgHandler
                0x0200f198       0x60 C:/devkitPro/libnds/lib\libnds9.a(system.o)
                0x0200f198                systemMsgHandler
 .text.powerOn  0x0200f1f8       0x2c C:/devkitPro/libnds/lib\libnds9.a(system.o)
                0x0200f1f8                powerOn
 .text.DC_FlushRange
                0x0200f224       0x24 C:/devkitPro/libnds/lib\libnds9.a(dcache.o)
                0x0200f224                DC_FlushRange
 .text._ZdlPvj  0x0200f248        0xc C:/devkitPro/devkitARM/bin/../lib/gcc/arm-none-eabi/13.2.0/../../../../arm-none-eabi/lib/thumb\libstdc++.a(del_ops.o)
                0x0200f248                operator delete(void*, unsigned int)
 .text._Znwj    0x0200f254       0x48 C:/devkitPro/devkitARM/bin/../lib/gcc/arm-none-eabi/13.2.0/../../../../arm-none-eabi/lib/thumb\libstdc++.a(new_op.o)
                0x0200f254                operator new(unsigned int)
 .text.unlikely._ZSt19__throw_logic_errorPKc
                0x0200f29c       0x30 C:/devkitPro/devkitARM/bin/../lib/gcc/arm-none-eabi/13.2.0/../../../../arm-none-eabi/lib/thumb\libstdc++.a(functexcept.o)
                0x0200f29c                std::__throw_logic_error(char const*)
 .text.unlikely._ZSt20__throw_length_errorPKc
                0x0200f2cc       0x30 C:/devkitPro/devkitARM/bin/../lib/gcc/arm-none-eabi/13.2.0/../../../../arm-none-eabi/lib/thumb\libstdc++.a(functexcept.o)
                0x0200f2cc                std::__throw_length_error(char const*)
 .text._ZNKSt9bad_alloc4whatEv
                0x0200f2fc        0x8 C:/devkitPro/devkitARM/bin/../lib/gcc/arm-none-eabi/13.2.0/../../../../arm-none-eabi/lib/thumb\libstdc++.a(bad_alloc.o)
                0x0200f2fc                std::bad_alloc::what() const
 .text._ZNSt9bad_allocD2Ev
                0x0200f304       0x18 C:/devkitPro/devkitARM/bin/../lib/gcc/arm-none-eabi/13.2.0/../../../../arm-none-eabi/lib/thumb\libstdc++.a(bad_alloc.o)
                0x0200f304                std::bad_alloc::~bad_alloc()
                0x0200f304                std::bad_alloc::~bad_alloc()
 .text._ZNSt9bad_allocD0Ev
                0x0200f31c       0x20 C:/devkitPro/devkitARM/bin/../lib/gcc/arm-none-eabi/13.2.0/../../../../arm-none-eabi/lib/thumb\libstdc++.a(bad_alloc.o)
                0x0200f31c                std::bad_alloc::~bad_alloc()
 .text._ZdlPv   0x0200f33c        0xc C:/devkitPro/devkitARM/bin/../lib/gcc/arm-none-eabi/13.2.0/../../../../arm-none-eabi/lib/thumb\libstdc++.a(del_op.o)
                0x0200f33c                operator delete(void*)
 .text._ZNK9__gnu_cxx24__concurrence_lock_error4whatEv
                0x0200f348        0x8 C:/devkitPro/devkitARM/bin/../lib/gcc/arm-none-eabi/13.2.0/../../../../arm-none-eabi/lib/thumb\libstdc++.a(eh_alloc.o)
                0x0200f348                __gnu_cxx::__concurrence_lock_error::what() const
 .text._ZNK9__gnu_cxx26__concurrence_unlock_error4whatEv
                0x0200f350        0x8 C:/devkitPro/devkitARM/bin/../lib/gcc/arm-none-eabi/13.2.0/../../../../arm-none-eabi/lib/thumb\libstdc++.a(eh_alloc.o)
                0x0200f350                __gnu_cxx::__concurrence_unlock_error::what() const
 .text._ZN9__gnu_cxx24__concurrence_lock_errorD2Ev
                0x0200f358       0x18 C:/devkitPro/devkitARM/bin/../lib/gcc/arm-none-eabi/13.2.0/../../../../arm-none-eabi/lib/thumb\libstdc++.a(eh_alloc.o)
                0x0200f358                __gnu_cxx::__concurrence_lock_error::~__concurrence_lock_error()
                0x0200f358                __gnu_cxx::__concurrence_lock_error::~__concurrence_lock_error()
 .text._ZN9__gnu_cxx24__concurrence_lock_errorD0Ev
                0x0200f370       0x20 C:/devkitPro/devkitARM/bin/../lib/gcc/arm-none-eabi/13.2.0/../../../../arm-none-eabi/lib/thumb\libstdc++.a(eh_alloc.o)
                0x0200f370                __gnu_cxx::__concurrence_lock_error::~__concurrence_lock_error()
 .text._ZN9__gnu_cxx26__concurrence_unlock_errorD2Ev
                0x0200f390       0x18 C:/devkitPro/devkitARM/bin/../lib/gcc/arm-none-eabi/13.2.0/../../../../arm-none-eabi/lib/thumb\libstdc++.a(eh_alloc.o)
                0x0200f390                __gnu_cxx::__concurrence_unlock_error::~__concurrence_unlock_error()
                0x0200f390                __gnu_cxx::__concurrence_unlock_error::~__concurrence_unlock_error()
 .text._ZN9__gnu_cxx26__concurrence_unlock_errorD0Ev
                0x0200f3a8       0x20 C:/devkitPro/devkitARM/bin/../lib/gcc/arm-none-eabi/13.2.0/../../../../arm-none-eabi/lib/thumb\libstdc++.a(eh_alloc.o)
                0x0200f3a8                __gnu_cxx::__concurrence_unlock_error::~__concurrence_unlock_error()
 .text.unlikely._ZN9__gnu_cxx30__throw_concurrence_lock_errorEv
                0x0200f3c8       0x20 C:/devkitPro/devkitARM/bin/../lib/gcc/arm-none-eabi/13.2.0/../../../../arm-none-eabi/lib/thumb\libstdc++.a(eh_alloc.o)
                0x0200f3c8                __gnu_cxx::__throw_concurrence_lock_error()
 .text.unlikely._ZN9__gnu_cxx32__throw_concurrence_unlock_errorEv
                0x0200f3e8       0x20 C:/devkitPro/devkitARM/bin/../lib/gcc/arm-none-eabi/13.2.0/../../../../arm-none-eabi/lib/thumb\libstdc++.a(eh_alloc.o)
                0x0200f3e8                __gnu_cxx::__throw_concurrence_unlock_error()
 .text._ZN12_GLOBAL__N_14pool4freeEPv.constprop.0
                0x0200f408       0xa8 C:/devkitPro/devkitARM/bin/../lib/gcc/arm-none-eabi/13.2.0/../../../../arm-none-eabi/lib/thumb\libstdc++.a(eh_alloc.o)
 .text._ZN12_GLOBAL__N_14pool8allocateEj.constprop.0
                0x0200f4b0       0x84 C:/devkitPro/devkitARM/bin/../lib/gcc/arm-none-eabi/13.2.0/../../../../arm-none-eabi/lib/thumb\libstdc++.a(eh_alloc.o)
 .text.__cxa_allocate_exception
                0x0200f534       0x30 C:/devkitPro/devkitARM/bin/../lib/gcc/arm-none-eabi/13.2.0/../../../../arm-none-eabi/lib/thumb\libstdc++.a(eh_alloc.o)
                0x0200f534                __cxa_allocate_exception
 .text.__cxa_free_exception
                0x0200f564       0x28 C:/devkitPro/devkitARM/bin/../lib/gcc/arm-none-eabi/13.2.0/../../../../arm-none-eabi/lib/thumb\libstdc++.a(eh_alloc.o)
                0x0200f564                __cxa_free_exception
 .text.startup._GLOBAL__sub_I__ZN9__gnu_cxx9__freeresEv
                0x0200f58c      0x120 C:/devkitPro/devkitARM/bin/../lib/gcc/arm-none-eabi/13.2.0/../../../../arm-none-eabi/lib/thumb\libstdc++.a(eh_alloc.o)
 .text.__cxa_end_cleanup
                0x0200f6ac        0xc C:/devkitPro/devkitARM/bin/../lib/gcc/arm-none-eabi/13.2.0/../../../../arm-none-eabi/lib/thumb\libstdc++.a(eh_arm.o)
                0x0200f6ac                __cxa_end_cleanup
 .text.__cxa_type_match
                0x0200f6b8       0xcc C:/devkitPro/devkitARM/bin/../lib/gcc/arm-none-eabi/13.2.0/../../../../arm-none-eabi/lib/thumb\libstdc++.a(eh_arm.o)
                0x0200f6b8                __cxa_type_match
 .text.__cxa_begin_cleanup
                0x0200f784       0x64 C:/devkitPro/devkitARM/bin/../lib/gcc/arm-none-eabi/13.2.0/../../../../arm-none-eabi/lib/thumb\libstdc++.a(eh_arm.o)
                0x0200f784                __cxa_begin_cleanup
 .text.__gnu_end_cleanup
                0x0200f7e8       0x74 C:/devkitPro/devkitARM/bin/../lib/gcc/arm-none-eabi/13.2.0/../../../../arm-none-eabi/lib/thumb\libstdc++.a(eh_arm.o)
                0x0200f7e8                __gnu_end_cleanup
 .text._ZNSt9exceptionD2Ev
                0x0200f85c        0x4 C:/devkitPro/devkitARM/bin/../lib/gcc/arm-none-eabi/13.2.0/../../../../arm-none-eabi/lib/thumb\libstdc++.a(eh_exception.o)
                0x0200f85c                std::exception::~exception()
                0x0200f85c                std::exception::~exception()
 .text._ZNSt13bad_exceptionD2Ev
                0x0200f860        0x4 C:/devkitPro/devkitARM/bin/../lib/gcc/arm-none-eabi/13.2.0/../../../../arm-none-eabi/lib/thumb\libstdc++.a(eh_exception.o)
                0x0200f860                std::bad_exception::~bad_exception()
                0x0200f860                std::bad_exception::~bad_exception()
 .text._ZNKSt9exception4whatEv
                0x0200f864        0x8 C:/devkitPro/devkitARM/bin/../lib/gcc/arm-none-eabi/13.2.0/../../../../arm-none-eabi/lib/thumb\libstdc++.a(eh_exception.o)
                0x0200f864                std::exception::what() const
                0x0200f864                transaction clone for std::exception::what() const
 .text._ZNKSt13bad_exception4whatEv
                0x0200f86c        0x8 C:/devkitPro/devkitARM/bin/../lib/gcc/arm-none-eabi/13.2.0/../../../../arm-none-eabi/lib/thumb\libstdc++.a(eh_exception.o)
                0x0200f86c                std::bad_exception::what() const
                0x0200f86c                transaction clone for std::bad_exception::what() const
 .text._ZNSt13bad_exceptionD0Ev
                0x0200f874       0x14 C:/devkitPro/devkitARM/bin/../lib/gcc/arm-none-eabi/13.2.0/../../../../arm-none-eabi/lib/thumb\libstdc++.a(eh_exception.o)
                0x0200f874                std::bad_exception::~bad_exception()
 .text._ZL15eh_globals_dtorPv
                0x0200f888       0x28 C:/devkitPro/devkitARM/bin/../lib/gcc/arm-none-eabi/13.2.0/../../../../arm-none-eabi/lib/thumb\libstdc++.a(eh_globals.o)
 .text.__cxa_get_globals_fast
                0x0200f8b0       0x28 C:/devkitPro/devkitARM/bin/../lib/gcc/arm-none-eabi/13.2.0/../../../../arm-none-eabi/lib/thumb\libstdc++.a(eh_globals.o)
                0x0200f8b0                __cxa_get_globals_fast
 .text.__cxa_get_globals
                0x0200f8d8       0x50 C:/devkitPro/devkitARM/bin/../lib/gcc/arm-none-eabi/13.2.0/../../../../arm-none-eabi/lib/thumb\libstdc++.a(eh_globals.o)
                0x0200f8d8                __cxa_get_globals
 .text.startup._GLOBAL__sub_I__ZN17__eh_globals_init7_S_initE
                0x0200f928       0x30 C:/devkitPro/devkitARM/bin/../lib/gcc/arm-none-eabi/13.2.0/../../../../arm-none-eabi/lib/thumb\libstdc++.a(eh_globals.o)
 .text.exit._GLOBAL__sub_D__ZN17__eh_globals_init7_S_initE
                0x0200f958       0x28 C:/devkitPro/devkitARM/bin/../lib/gcc/arm-none-eabi/13.2.0/../../../../arm-none-eabi/lib/thumb\libstdc++.a(eh_globals.o)
 .text._ZL28read_encoded_value_with_basehjPKhPj
                0x0200f980      0x104 C:/devkitPro/devkitARM/bin/../lib/gcc/arm-none-eabi/13.2.0/../../../../arm-none-eabi/lib/thumb\libstdc++.a(eh_personality.o)
 .text._ZL21base_of_encoded_valuehP15_Unwind_Context
                0x0200fa84       0x44 C:/devkitPro/devkitARM/bin/../lib/gcc/arm-none-eabi/13.2.0/../../../../arm-none-eabi/lib/thumb\libstdc++.a(eh_personality.o)
 .text._ZL17parse_lsda_headerP15_Unwind_ContextPKhP16lsda_header_info
                0x0200fac8       0x94 C:/devkitPro/devkitARM/bin/../lib/gcc/arm-none-eabi/13.2.0/../../../../arm-none-eabi/lib/thumb\libstdc++.a(eh_personality.o)
 .text.__gxx_personality_v0
                0x0200fb5c      0x490 C:/devkitPro/devkitARM/bin/../lib/gcc/arm-none-eabi/13.2.0/../../../../arm-none-eabi/lib/thumb\libstdc++.a(eh_personality.o)
                0x0200fb5c                __gxx_personality_v0
 .text._ZN10__cxxabiv111__terminateEPFvvE
                0x0200ffec       0x14 C:/devkitPro/devkitARM/bin/../lib/gcc/arm-none-eabi/13.2.0/../../../../arm-none-eabi/lib/thumb\libstdc++.a(eh_terminate.o)
                0x0200ffec                __cxxabiv1::__terminate(void (*)())
 .text._ZSt13get_terminatev
                0x02010000       0x40 C:/devkitPro/devkitARM/bin/../lib/gcc/arm-none-eabi/13.2.0/../../../../arm-none-eabi/lib/thumb\libstdc++.a(eh_terminate.o)
                0x02010000                std::get_terminate()
 .text._ZSt9terminatev
                0x02010040        0xc C:/devkitPro/devkitARM/bin/../lib/gcc/arm-none-eabi/13.2.0/../../../../arm-none-eabi/lib/thumb\libstdc++.a(eh_terminate.o)
                0x02010040                std::terminate()
 .text._ZN10__cxxabiv112__unexpectedEPFvvE
                0x0201004c        0xc C:/devkitPro/devkitARM/bin/../lib/gcc/arm-none-eabi/13.2.0/../../../../arm-none-eabi/lib/thumb\libstdc++.a(eh_terminate.o)
                0x0201004c                __cxxabiv1::__unexpected(void (*)())
 .text._ZSt14get_unexpectedv
                0x02010058       0x40 C:/devkitPro/devkitARM/bin/../lib/gcc/arm-none-eabi/13.2.0/../../../../arm-none-eabi/lib/thumb\libstdc++.a(eh_terminate.o)
                0x02010058                std::get_unexpected()
 .text._ZSt10unexpectedv
                0x02010098        0xc C:/devkitPro/devkitARM/bin/../lib/gcc/arm-none-eabi/13.2.0/../../../../arm-none-eabi/lib/thumb\libstdc++.a(eh_terminate.o)
                0x02010098                std::unexpected()
 .text.startup._GLOBAL__sub_I__ZN10__cxxabiv111__terminateEPFvvE
                0x020100a4       0x18 C:/devkitPro/devkitARM/bin/../lib/gcc/arm-none-eabi/13.2.0/../../../../arm-none-eabi/lib/thumb\libstdc++.a(eh_terminate.o)
 .text._ZL23__gxx_exception_cleanup19_Unwind_Reason_CodeP21_Unwind_Control_Block
                0x020100bc       0x58 C:/devkitPro/devkitARM/bin/../lib/gcc/arm-none-eabi/13.2.0/../../../../arm-none-eabi/lib/thumb\libstdc++.a(eh_throw.o)
 .text.__cxa_init_primary_exception
                0x02010114       0x50 C:/devkitPro/devkitARM/bin/../lib/gcc/arm-none-eabi/13.2.0/../../../../arm-none-eabi/lib/thumb\libstdc++.a(eh_throw.o)
                0x02010114                __cxa_init_primary_exception
 .text.__cxa_throw
                0x02010164       0x34 C:/devkitPro/devkitARM/bin/../lib/gcc/arm-none-eabi/13.2.0/../../../../arm-none-eabi/lib/thumb\libstdc++.a(eh_throw.o)
                0x02010164                __cxa_throw
 .text.__cxa_rethrow
                0x02010198       0x70 C:/devkitPro/devkitARM/bin/../lib/gcc/arm-none-eabi/13.2.0/../../../../arm-none-eabi/lib/thumb\libstdc++.a(eh_throw.o)
                0x02010198                __cxa_rethrow
 .text._ZSt15get_new_handlerv
                0x02010208       0x40 C:/devkitPro/devkitARM/bin/../lib/gcc/arm-none-eabi/13.2.0/../../../../arm-none-eabi/lib/thumb\libstdc++.a(new_handler.o)
                0x02010208                std::get_new_handler()
 .text.startup._GLOBAL__sub_I__ZSt7nothrow
                0x02010248       0x18 C:/devkitPro/devkitARM/bin/../lib/gcc/arm-none-eabi/13.2.0/../../../../arm-none-eabi/lib/thumb\libstdc++.a(new_handler.o)
 .text._ZN10__cxxabiv120__si_class_type_infoD2Ev
                0x02010260       0x18 C:/devkitPro/devkitARM/bin/../lib/gcc/arm-none-eabi/13.2.0/../../../../arm-none-eabi/lib/thumb\libstdc++.a(si_class_type_info.o)
                0x02010260                __cxxabiv1::__si_class_type_info::~__si_class_type_info()
                0x02010260                __cxxabiv1::__si_class_type_info::~__si_class_type_info()
 .text._ZN10__cxxabiv120__si_class_type_infoD0Ev
                0x02010278       0x20 C:/devkitPro/devkitARM/bin/../lib/gcc/arm-none-eabi/13.2.0/../../../../arm-none-eabi/lib/thumb\libstdc++.a(si_class_type_info.o)
                0x02010278                __cxxabiv1::__si_class_type_info::~__si_class_type_info()
 .text._ZNK10__cxxabiv120__si_class_type_info12__do_dyncastEiNS_17__class_type_info10__sub_kindEPKS1_PKvS4_S6_RNS1_16__dyncast_resultE
                0x02010298       0xd8 C:/devkitPro/devkitARM/bin/../lib/gcc/arm-none-eabi/13.2.0/../../../../arm-none-eabi/lib/thumb\libstdc++.a(si_class_type_info.o)
                0x02010298                __cxxabiv1::__si_class_type_info::__do_dyncast(int, __cxxabiv1::__class_type_info::__sub_kind, __cxxabiv1::__class_type_info const*, void const*, __cxxabiv1::__class_type_info const*, void const*, __cxxabiv1::__class_type_info::__dyncast_result&) const
 .text._ZNK10__cxxabiv120__si_class_type_info20__do_find_public_srcEiPKvPKNS_17__class_type_infoES2_
                0x02010370       0x5c C:/devkitPro/devkitARM/bin/../lib/gcc/arm-none-eabi/13.2.0/../../../../arm-none-eabi/lib/thumb\libstdc++.a(si_class_type_info.o)
                0x02010370                __cxxabiv1::__si_class_type_info::__do_find_public_src(int, void const*, __cxxabiv1::__class_type_info const*, void const*) const
 .text._ZNK10__cxxabiv120__si_class_type_info11__do_upcastEPKNS_17__class_type_infoEPKvRNS1_15__upcast_resultE
                0x020103cc       0x2c C:/devkitPro/devkitARM/bin/../lib/gcc/arm-none-eabi/13.2.0/../../../../arm-none-eabi/lib/thumb\libstdc++.a(si_class_type_info.o)
                0x020103cc                __cxxabiv1::__si_class_type_info::__do_upcast(__cxxabiv1::__class_type_info const*, void const*, __cxxabiv1::__class_type_info::__upcast_result&) const
 .text._ZNSt9type_infoD2Ev
                0x020103f8        0x4 C:/devkitPro/devkitARM/bin/../lib/gcc/arm-none-eabi/13.2.0/../../../../arm-none-eabi/lib/thumb\libstdc++.a(tinfo.o)
                0x020103f8                std::type_info::~type_info()
                0x020103f8                std::type_info::~type_info()
 .text._ZNKSt9type_info14__is_pointer_pEv
                0x020103fc        0x4 C:/devkitPro/devkitARM/bin/../lib/gcc/arm-none-eabi/13.2.0/../../../../arm-none-eabi/lib/thumb\libstdc++.a(tinfo.o)
                0x020103fc                std::type_info::__is_pointer_p() const
                0x020103fc                std::type_info::__is_function_p() const
 .text._ZNKSt11logic_error4whatEv
                0x02010400        0x4 C:/devkitPro/devkitARM/bin/../lib/gcc/arm-none-eabi/13.2.0/../../../../arm-none-eabi/lib/thumb\libstdc++.a(stdexcept.o)
                0x02010400                std::logic_error::what() const
                0x02010400                std::runtime_error::what() const
 .text._ZNSt11logic_errorD2Ev
                0x02010404       0x5c C:/devkitPro/devkitARM/bin/../lib/gcc/arm-none-eabi/13.2.0/../../../../arm-none-eabi/lib/thumb\libstdc++.a(stdexcept.o)
                0x02010404                std::logic_error::~logic_error()
                0x02010404                std::logic_error::~logic_error()
 .text._ZNSt12length_errorD2Ev
                0x02010460       0x5c C:/devkitPro/devkitARM/bin/../lib/gcc/arm-none-eabi/13.2.0/../../../../arm-none-eabi/lib/thumb\libstdc++.a(stdexcept.o)
                0x02010460                std::length_error::~length_error()
                0x02010460                std::length_error::~length_error()
 .text._ZNSt11logic_errorD0Ev
                0x020104bc       0x60 C:/devkitPro/devkitARM/bin/../lib/gcc/arm-none-eabi/13.2.0/../../../../arm-none-eabi/lib/thumb\libstdc++.a(stdexcept.o)
                0x020104bc                std::logic_error::~logic_error()
 .text._ZNSt12length_errorD0Ev
                0x0201051c       0x60 C:/devkitPro/devkitARM/bin/../lib/gcc/arm-none-eabi/13.2.0/../../../../arm-none-eabi/lib/thumb\libstdc++.a(stdexcept.o)
                0x0201051c                std::length_error::~length_error()
 .text._ZNSt11logic_errorC2EPKc
                0x0201057c       0x8c C:/devkitPro/devkitARM/bin/../lib/gcc/arm-none-eabi/13.2.0/../../../../arm-none-eabi/lib/thumb\libstdc++.a(cow-stdexcept.o)
                0x0201057c                std::logic_error::logic_error(char const*)
                0x0201057c                std::logic_error::logic_error(char const*)
 .text._ZNSt12length_errorC2EPKc
                0x02010608       0x18 C:/devkitPro/devkitARM/bin/../lib/gcc/arm-none-eabi/13.2.0/../../../../arm-none-eabi/lib/thumb\libstdc++.a(cow-stdexcept.o)
                0x02010608                std::length_error::length_error(char const*)
                0x02010608                std::length_error::length_error(char const*)
 .text._ZNSs4_Rep9_S_createEjjRKSaIcE
                0x02010620       0x60 C:/devkitPro/devkitARM/bin/../lib/gcc/arm-none-eabi/13.2.0/../../../../arm-none-eabi/lib/thumb\libstdc++.a(cow-string-inst.o)
                0x02010620                std::string::_Rep::_S_create(unsigned int, unsigned int, std::allocator<char> const&)
 .text._ZNSs4_Rep10_M_destroyERKSaIcE
                0x02010680        0xc C:/devkitPro/devkitARM/bin/../lib/gcc/arm-none-eabi/13.2.0/../../../../arm-none-eabi/lib/thumb\libstdc++.a(cow-string-inst.o)
                0x02010680                std::string::_Rep::_M_destroy(std::allocator<char> const&)
 .text._ZN9__gnu_cxx18__exchange_and_addEPVii
                0x0201068c       0x9c C:/devkitPro/devkitARM/bin/../lib/gcc/arm-none-eabi/13.2.0/../../../../arm-none-eabi/lib/thumb\libstdc++.a(atomicity.o)
                0x0201068c                __gnu_cxx::__exchange_and_add(int volatile*, int)
 .text._ZNK10__cxxabiv117__class_type_info11__do_upcastEPKS0_PPv
                0x02010728       0x3c C:/devkitPro/devkitARM/bin/../lib/gcc/arm-none-eabi/13.2.0/../../../../arm-none-eabi/lib/thumb\libstdc++.a(class_type_info.o)
                0x02010728                __cxxabiv1::__class_type_info::__do_upcast(__cxxabiv1::__class_type_info const*, void**) const
 .text._ZNK10__cxxabiv117__class_type_info20__do_find_public_srcEiPKvPKS0_S2_
                0x02010764       0x14 C:/devkitPro/devkitARM/bin/../lib/gcc/arm-none-eabi/13.2.0/../../../../arm-none-eabi/lib/thumb\libstdc++.a(class_type_info.o)
                0x02010764                __cxxabiv1::__class_type_info::__do_find_public_src(int, void const*, __cxxabiv1::__class_type_info const*, void const*) const
 .text._ZN10__cxxabiv117__class_type_infoD2Ev
                0x02010778       0x18 C:/devkitPro/devkitARM/bin/../lib/gcc/arm-none-eabi/13.2.0/../../../../arm-none-eabi/lib/thumb\libstdc++.a(class_type_info.o)
                0x02010778                __cxxabiv1::__class_type_info::~__class_type_info()
                0x02010778                __cxxabiv1::__class_type_info::~__class_type_info()
 .text._ZN10__cxxabiv117__class_type_infoD0Ev
                0x02010790       0x20 C:/devkitPro/devkitARM/bin/../lib/gcc/arm-none-eabi/13.2.0/../../../../arm-none-eabi/lib/thumb\libstdc++.a(class_type_info.o)
                0x02010790                __cxxabiv1::__class_type_info::~__class_type_info()
 .text._ZNK10__cxxabiv117__class_type_info11__do_upcastEPKS0_PKvRNS0_15__upcast_resultE
                0x020107b0       0x3c C:/devkitPro/devkitARM/bin/../lib/gcc/arm-none-eabi/13.2.0/../../../../arm-none-eabi/lib/thumb\libstdc++.a(class_type_info.o)
                0x020107b0                __cxxabiv1::__class_type_info::__do_upcast(__cxxabiv1::__class_type_info const*, void const*, __cxxabiv1::__class_type_info::__upcast_result&) const
 .text._ZNK10__cxxabiv117__class_type_info10__do_catchEPKSt9type_infoPPvj
                0x020107ec       0x54 C:/devkitPro/devkitARM/bin/../lib/gcc/arm-none-eabi/13.2.0/../../../../arm-none-eabi/lib/thumb\libstdc++.a(class_type_info.o)
                0x020107ec                __cxxabiv1::__class_type_info::__do_catch(std::type_info const*, void**, unsigned int) const
 .text._ZNK10__cxxabiv117__class_type_info12__do_dyncastEiNS0_10__sub_kindEPKS0_PKvS3_S5_RNS0_16__dyncast_resultE
                0x02010840       0x80 C:/devkitPro/devkitARM/bin/../lib/gcc/arm-none-eabi/13.2.0/../../../../arm-none-eabi/lib/thumb\libstdc++.a(class_type_info.o)
                0x02010840                __cxxabiv1::__class_type_info::__do_dyncast(int, __cxxabiv1::__class_type_info::__sub_kind, __cxxabiv1::__class_type_info const*, void const*, __cxxabiv1::__class_type_info const*, void const*, __cxxabiv1::__class_type_info::__dyncast_result&) const
 .text._ZN10__cxxabiv1L24__is_gxx_exception_classEPc
                0x020108c0       0x3c C:/devkitPro/devkitARM/bin/../lib/gcc/arm-none-eabi/13.2.0/../../../../arm-none-eabi/lib/thumb\libstdc++.a(eh_call.o)
 .text.__cxa_call_terminate
                0x020108fc       0x20 C:/devkitPro/devkitARM/bin/../lib/gcc/arm-none-eabi/13.2.0/../../../../arm-none-eabi/lib/thumb\libstdc++.a(eh_call.o)
                0x020108fc                __cxa_call_terminate
 .text.unlikely.__cxa_call_unexpected
                0x0201091c      0x104 C:/devkitPro/devkitARM/bin/../lib/gcc/arm-none-eabi/13.2.0/../../../../arm-none-eabi/lib/thumb\libstdc++.a(eh_call.o)
                0x0201091c                __cxa_call_unexpected
 .text.__cxa_begin_catch
                0x02010a20       0x78 C:/devkitPro/devkitARM/bin/../lib/gcc/arm-none-eabi/13.2.0/../../../../arm-none-eabi/lib/thumb\libstdc++.a(eh_catch.o)
                0x02010a20                __cxa_begin_catch
 .text.__cxa_end_catch
                0x02010a98       0x94 C:/devkitPro/devkitARM/bin/../lib/gcc/arm-none-eabi/13.2.0/../../../../arm-none-eabi/lib/thumb\libstdc++.a(eh_catch.o)
                0x02010a98                __cxa_end_catch
 .text._ZNK9__gnu_cxx29__concurrence_broadcast_error4whatEv
                0x02010b2c        0x8 C:/devkitPro/devkitARM/bin/../lib/gcc/arm-none-eabi/13.2.0/../../../../arm-none-eabi/lib/thumb\libstdc++.a(guard.o)
                0x02010b2c                __gnu_cxx::__concurrence_broadcast_error::what() const
 .text._ZNK9__gnu_cxx24__concurrence_wait_error4whatEv
                0x02010b34        0x8 C:/devkitPro/devkitARM/bin/../lib/gcc/arm-none-eabi/13.2.0/../../../../arm-none-eabi/lib/thumb\libstdc++.a(guard.o)
                0x02010b34                __gnu_cxx::__concurrence_wait_error::what() const
 .text._ZN12_GLOBAL__N_1L4initEv
                0x02010b3c       0x20 C:/devkitPro/devkitARM/bin/../lib/gcc/arm-none-eabi/13.2.0/../../../../arm-none-eabi/lib/thumb\libstdc++.a(guard.o)
 .text._ZN12_GLOBAL__N_1L16init_static_condEv
                0x02010b5c       0x18 C:/devkitPro/devkitARM/bin/../lib/gcc/arm-none-eabi/13.2.0/../../../../arm-none-eabi/lib/thumb\libstdc++.a(guard.o)
 .text._ZN9__gnu_cxx24__concurrence_wait_errorD2Ev
                0x02010b74       0x18 C:/devkitPro/devkitARM/bin/../lib/gcc/arm-none-eabi/13.2.0/../../../../arm-none-eabi/lib/thumb\libstdc++.a(guard.o)
                0x02010b74                __gnu_cxx::__concurrence_wait_error::~__concurrence_wait_error()
                0x02010b74                __gnu_cxx::__concurrence_wait_error::~__concurrence_wait_error()
 .text._ZN9__gnu_cxx24__concurrence_wait_errorD0Ev
                0x02010b8c       0x20 C:/devkitPro/devkitARM/bin/../lib/gcc/arm-none-eabi/13.2.0/../../../../arm-none-eabi/lib/thumb\libstdc++.a(guard.o)
                0x02010b8c                __gnu_cxx::__concurrence_wait_error::~__concurrence_wait_error()
 .text._ZN9__gnu_cxx29__concurrence_broadcast_errorD2Ev
                0x02010bac       0x18 C:/devkitPro/devkitARM/bin/../lib/gcc/arm-none-eabi/13.2.0/../../../../arm-none-eabi/lib/thumb\libstdc++.a(guard.o)
                0x02010bac                __gnu_cxx::__concurrence_broadcast_error::~__concurrence_broadcast_error()
                0x02010bac                __gnu_cxx::__concurrence_broadcast_error::~__concurrence_broadcast_error()
 .text._ZN9__gnu_cxx29__concurrence_broadcast_errorD0Ev
                0x02010bc4       0x20 C:/devkitPro/devkitARM/bin/../lib/gcc/arm-none-eabi/13.2.0/../../../../arm-none-eabi/lib/thumb\libstdc++.a(guard.o)
                0x02010bc4                __gnu_cxx::__concurrence_broadcast_error::~__concurrence_broadcast_error()
 .text.unlikely._ZN9__gnu_cxx35__throw_concurrence_broadcast_errorEv
                0x02010be4       0x20 C:/devkitPro/devkitARM/bin/../lib/gcc/arm-none-eabi/13.2.0/../../../../arm-none-eabi/lib/thumb\libstdc++.a(guard.o)
                0x02010be4                __gnu_cxx::__throw_concurrence_broadcast_error()
 .text.__cxa_guard_acquire
                0x02010c04      0x12c C:/devkitPro/devkitARM/bin/../lib/gcc/arm-none-eabi/13.2.0/../../../../arm-none-eabi/lib/thumb\libstdc++.a(guard.o)
                0x02010c04                __cxa_guard_acquire
 .text.__cxa_guard_release
                0x02010d30       0x80 C:/devkitPro/devkitARM/bin/../lib/gcc/arm-none-eabi/13.2.0/../../../../arm-none-eabi/lib/thumb\libstdc++.a(guard.o)
                0x02010d30                __cxa_guard_release
 .text._ZN9__gnu_cxx20recursive_init_errorD2Ev
                0x02010db0       0x18 C:/devkitPro/devkitARM/bin/../lib/gcc/arm-none-eabi/13.2.0/../../../../arm-none-eabi/lib/thumb\libstdc++.a(guard_error.o)
                0x02010db0                __gnu_cxx::recursive_init_error::~recursive_init_error()
                0x02010db0                __gnu_cxx::recursive_init_error::~recursive_init_error()
 .text._ZN9__gnu_cxx20recursive_init_errorD0Ev
                0x02010dc8       0x20 C:/devkitPro/devkitARM/bin/../lib/gcc/arm-none-eabi/13.2.0/../../../../arm-none-eabi/lib/thumb\libstdc++.a(guard_error.o)
                0x02010dc8                __gnu_cxx::recursive_init_error::~recursive_init_error()
 .text._ZN9__gnu_cxx20recursive_init_errorC2Ev
                0x02010de8        0xc C:/devkitPro/devkitARM/bin/../lib/gcc/arm-none-eabi/13.2.0/../../../../arm-none-eabi/lib/thumb\libstdc++.a(guard_error.o)
                0x02010de8                __gnu_cxx::recursive_init_error::recursive_init_error()
                0x02010de8                __gnu_cxx::recursive_init_error::recursive_init_error()
 .text.sqrtf    0x02010df4       0x40 C:/devkitPro/devkitARM/bin/../lib/gcc/arm-none-eabi/13.2.0/../../../../arm-none-eabi/lib/thumb\libm.a(libm_a-wf_sqrt.o)
                0x02010df4                sqrtf
 .text.sqrt     0x02010e34       0x54 C:/devkitPro/devkitARM/bin/../lib/gcc/arm-none-eabi/13.2.0/../../../../arm-none-eabi/lib/thumb\libm.a(libm_a-w_sqrt.o)
                0x02010e34                sqrt
 .text.sin      0x02010e88       0x8c C:/devkitPro/devkitARM/bin/../lib/gcc/arm-none-eabi/13.2.0/../../../../arm-none-eabi/lib/thumb\libm.a(libm_a-s_sin.o)
                0x02010e88                sin
 .text.cos      0x02010f14       0x88 C:/devkitPro/devkitARM/bin/../lib/gcc/arm-none-eabi/13.2.0/../../../../arm-none-eabi/lib/thumb\libm.a(libm_a-s_cos.o)
                0x02010f14                cos
 .text.__ieee754_sqrt
                0x02010f9c      0x200 C:/devkitPro/devkitARM/bin/../lib/gcc/arm-none-eabi/13.2.0/../../../../arm-none-eabi/lib/thumb\libm.a(libm_a-e_sqrt.o)
                0x02010f9c                __ieee754_sqrt
 .text.__ieee754_sqrtf
                0x0201119c       0xec C:/devkitPro/devkitARM/bin/../lib/gcc/arm-none-eabi/13.2.0/../../../../arm-none-eabi/lib/thumb\libm.a(libm_a-ef_sqrt.o)
                0x0201119c                __ieee754_sqrtf
 .text.floorf   0x02011288       0x98 C:/devkitPro/devkitARM/bin/../lib/gcc/arm-none-eabi/13.2.0/../../../../arm-none-eabi/lib/thumb\libm.a(libm_a-sf_floor.o)
                0x02011288                floorf
 .text.atan2f   0x02011320        0xc C:/devkitPro/devkitARM/bin/../lib/gcc/arm-none-eabi/13.2.0/../../../../arm-none-eabi/lib/thumb\libm.a(libm_a-wf_atan2.o)
                0x02011320                atan2f
 .text.__kernel_cos
                0x0201132c      0x22c C:/devkitPro/devkitARM/bin/../lib/gcc/arm-none-eabi/13.2.0/../../../../arm-none-eabi/lib/thumb\libm.a(libm_a-k_cos.o)
                0x0201132c                __kernel_cos
 .text.__kernel_sin
                0x02011558      0x158 C:/devkitPro/devkitARM/bin/../lib/gcc/arm-none-eabi/13.2.0/../../../../arm-none-eabi/lib/thumb\libm.a(libm_a-k_sin.o)
                0x02011558                __kernel_sin
 .text.__ieee754_rem_pio2
                0x020116b0      0x434 C:/devkitPro/devkitARM/bin/../lib/gcc/arm-none-eabi/13.2.0/../../../../arm-none-eabi/lib/thumb\libm.a(libm_a-e_rem_pio2.o)
                0x020116b0                __ieee754_rem_pio2
 .text.fabs     0x02011ae4        0x8 C:/devkitPro/devkitARM/bin/../lib/gcc/arm-none-eabi/13.2.0/../../../../arm-none-eabi/lib/thumb\libm.a(libm_a-s_fabs.o)
                0x02011ae4                fabs
 .text.__ieee754_atan2f
                0x02011aec      0x138 C:/devkitPro/devkitARM/bin/../lib/gcc/arm-none-eabi/13.2.0/../../../../arm-none-eabi/lib/thumb\libm.a(libm_a-ef_atan2.o)
                0x02011aec                __ieee754_atan2f
 .text.__kernel_rem_pio2
                0x02011c24      0x8b8 C:/devkitPro/devkitARM/bin/../lib/gcc/arm-none-eabi/13.2.0/../../../../arm-none-eabi/lib/thumb\libm.a(libm_a-k_rem_pio2.o)
                0x02011c24                __kernel_rem_pio2
 .text.atanf    0x020124dc      0x240 C:/devkitPro/devkitARM/bin/../lib/gcc/arm-none-eabi/13.2.0/../../../../arm-none-eabi/lib/thumb\libm.a(libm_a-sf_atan.o)
                0x020124dc                atanf
 .text.fabsf    0x0201271c        0x8 C:/devkitPro/devkitARM/bin/../lib/gcc/arm-none-eabi/13.2.0/../../../../arm-none-eabi/lib/thumb\libm.a(libm_a-sf_fabs.o)
                0x0201271c                fabsf
 .text.scalbn   0x02012724       0xfc C:/devkitPro/devkitARM/bin/../lib/gcc/arm-none-eabi/13.2.0/../../../../arm-none-eabi/lib/thumb\libm.a(libm_a-s_scalbn.o)
                0x02012724                scalbn
 .text.floor    0x02012820      0x120 C:/devkitPro/devkitARM/bin/../lib/gcc/arm-none-eabi/13.2.0/../../../../arm-none-eabi/lib/thumb\libm.a(libm_a-s_floor.o)
                0x02012820                floor
 .text.__muldi3
                0x02012940       0x64 C:/devkitPro/devkitARM/bin/../lib/gcc/arm-none-eabi/13.2.0/thumb\libgcc.a(_muldi3.o)
                0x02012940                __muldi3
                0x02012940                __aeabi_lmul
 .text.__udivmoddi4
                0x020129a4      0x19c C:/devkitPro/devkitARM/bin/../lib/gcc/arm-none-eabi/13.2.0/thumb\libgcc.a(_udivmoddi4.o)
                0x020129a4                __udivmoddi4
 .text.selfrel_offset31
                0x02012b40       0x18 C:/devkitPro/devkitARM/bin/../lib/gcc/arm-none-eabi/13.2.0/thumb\libgcc.a(unwind-arm.o)
 .text.search_EIT_table
                0x02012b58       0x74 C:/devkitPro/devkitARM/bin/../lib/gcc/arm-none-eabi/13.2.0/thumb\libgcc.a(unwind-arm.o)
 .text.__gnu_unwind_get_pr_addr
                0x02012bcc       0x28 C:/devkitPro/devkitARM/bin/../lib/gcc/arm-none-eabi/13.2.0/thumb\libgcc.a(unwind-arm.o)
 .text.get_eit_entry
                0x02012bf4       0x98 C:/devkitPro/devkitARM/bin/../lib/gcc/arm-none-eabi/13.2.0/thumb\libgcc.a(unwind-arm.o)
 .text.restore_non_core_regs
                0x02012c8c       0x60 C:/devkitPro/devkitARM/bin/../lib/gcc/arm-none-eabi/13.2.0/thumb\libgcc.a(unwind-arm.o)
 .text._Unwind_decode_typeinfo_ptr.constprop.0
                0x02012cec        0xc C:/devkitPro/devkitARM/bin/../lib/gcc/arm-none-eabi/13.2.0/thumb\libgcc.a(unwind-arm.o)
 .text._Unwind_DebugHook
                0x02012cf8        0x4 C:/devkitPro/devkitARM/bin/../lib/gcc/arm-none-eabi/13.2.0/thumb\libgcc.a(unwind-arm.o)
 .text.unwind_phase2
                0x02012cfc       0x40 C:/devkitPro/devkitARM/bin/../lib/gcc/arm-none-eabi/13.2.0/thumb\libgcc.a(unwind-arm.o)
 .text.unwind_phase2_forced
                0x02012d3c       0xd8 C:/devkitPro/devkitARM/bin/../lib/gcc/arm-none-eabi/13.2.0/thumb\libgcc.a(unwind-arm.o)
 .text.__gnu_Unwind_RaiseException
                0x02012e14       0x58 C:/devkitPro/devkitARM/bin/../lib/gcc/arm-none-eabi/13.2.0/thumb\libgcc.a(unwind-arm.o)
                0x02012e14                __gnu_Unwind_RaiseException
 .text.__gnu_Unwind_ForcedUnwind
                0x02012e6c       0x18 C:/devkitPro/devkitARM/bin/../lib/gcc/arm-none-eabi/13.2.0/thumb\libgcc.a(unwind-arm.o)
                0x02012e6c                __gnu_Unwind_ForcedUnwind
 .text.__gnu_Unwind_Resume
                0x02012e84       0x4c C:/devkitPro/devkitARM/bin/../lib/gcc/arm-none-eabi/13.2.0/thumb\libgcc.a(unwind-arm.o)
                0x02012e84                __gnu_Unwind_Resume
 .text.__gnu_Unwind_Resume_or_Rethrow
                0x02012ed0       0x20 C:/devkitPro/devkitARM/bin/../lib/gcc/arm-none-eabi/13.2.0/thumb\libgcc.a(unwind-arm.o)
                0x02012ed0                __gnu_Unwind_Resume_or_Rethrow
 .text._Unwind_Complete
                0x02012ef0        0x4 C:/devkitPro/devkitARM/bin/../lib/gcc/arm-none-eabi/13.2.0/thumb\libgcc.a(unwind-arm.o)
                0x02012ef0                _Unwind_Complete
 .text._Unwind_DeleteException
                0x02012ef4       0x18 C:/devkitPro/devkitARM/bin/../lib/gcc/arm-none-eabi/13.2.0/thumb\libgcc.a(unwind-arm.o)
                0x02012ef4                _Unwind_DeleteException
 .text._Unwind_VRS_Get
                0x02012f0c       0x44 C:/devkitPro/devkitARM/bin/../lib/gcc/arm-none-eabi/13.2.0/thumb\libgcc.a(unwind-arm.o)
                0x02012f0c                _Unwind_VRS_Get
 .text._Unwind_GetGR
                0x02012f50       0x1c C:/devkitPro/devkitARM/bin/../lib/gcc/arm-none-eabi/13.2.0/thumb\libgcc.a(unwind-arm.o)
 .text._Unwind_VRS_Set
                0x02012f6c       0x44 C:/devkitPro/devkitARM/bin/../lib/gcc/arm-none-eabi/13.2.0/thumb\libgcc.a(unwind-arm.o)
                0x02012f6c                _Unwind_VRS_Set
 .text._Unwind_SetGR
                0x02012fb0       0x1c C:/devkitPro/devkitARM/bin/../lib/gcc/arm-none-eabi/13.2.0/thumb\libgcc.a(unwind-arm.o)
 .text.__gnu_Unwind_Backtrace
                0x02012fcc       0x78 C:/devkitPro/devkitARM/bin/../lib/gcc/arm-none-eabi/13.2.0/thumb\libgcc.a(unwind-arm.o)
                0x02012fcc                __gnu_Unwind_Backtrace
 .text.__gnu_unwind_pr_common
                0x02013044      0x2e8 C:/devkitPro/devkitARM/bin/../lib/gcc/arm-none-eabi/13.2.0/thumb\libgcc.a(unwind-arm.o)
 .text.__aeabi_unwind_cpp_pr0
                0x0201332c       0x10 C:/devkitPro/devkitARM/bin/../lib/gcc/arm-none-eabi/13.2.0/thumb\libgcc.a(unwind-arm.o)
                0x0201332c                __aeabi_unwind_cpp_pr0
 .text.__aeabi_unwind_cpp_pr1
                0x0201333c       0x10 C:/devkitPro/devkitARM/bin/../lib/gcc/arm-none-eabi/13.2.0/thumb\libgcc.a(unwind-arm.o)
                0x0201333c                __aeabi_unwind_cpp_pr1
 .text.__aeabi_unwind_cpp_pr2
                0x0201334c       0x10 C:/devkitPro/devkitARM/bin/../lib/gcc/arm-none-eabi/13.2.0/thumb\libgcc.a(unwind-arm.o)
                0x0201334c                __aeabi_unwind_cpp_pr2
 .text._Unwind_VRS_Pop
                0x0201335c      0x2b4 C:/devkitPro/devkitARM/bin/../lib/gcc/arm-none-eabi/13.2.0/thumb\libgcc.a(unwind-arm.o)
                0x0201335c                _Unwind_VRS_Pop
 .text.next_unwind_byte
                0x02013610       0x34 C:/devkitPro/devkitARM/bin/../lib/gcc/arm-none-eabi/13.2.0/thumb\libgcc.a(pr-support.o)
 .text._Unwind_GetGR.constprop.0
                0x02013644       0x1c C:/devkitPro/devkitARM/bin/../lib/gcc/arm-none-eabi/13.2.0/thumb\libgcc.a(pr-support.o)
 .text.unwind_UCB_from_context
                0x02013660        0xc C:/devkitPro/devkitARM/bin/../lib/gcc/arm-none-eabi/13.2.0/thumb\libgcc.a(pr-support.o)
 .text.__gnu_unwind_execute
                0x0201366c      0x310 C:/devkitPro/devkitARM/bin/../lib/gcc/arm-none-eabi/13.2.0/thumb\libgcc.a(pr-support.o)
                0x0201366c                __gnu_unwind_execute
 .text.__gnu_unwind_frame
                0x0201397c       0x2c C:/devkitPro/devkitARM/bin/../lib/gcc/arm-none-eabi/13.2.0/thumb\libgcc.a(pr-support.o)
                0x0201397c                __gnu_unwind_frame
 .text._Unwind_GetRegionStart
                0x020139a8       0x10 C:/devkitPro/devkitARM/bin/../lib/gcc/arm-none-eabi/13.2.0/thumb\libgcc.a(pr-support.o)
                0x020139a8                _Unwind_GetRegionStart
 .text._Unwind_GetLanguageSpecificData
                0x020139b8       0x18 C:/devkitPro/devkitARM/bin/../lib/gcc/arm-none-eabi/13.2.0/thumb\libgcc.a(pr-support.o)
                0x020139b8                _Unwind_GetLanguageSpecificData
 .text.unlikely._Unwind_GetDataRelBase
                0x020139d0        0x6 C:/devkitPro/devkitARM/bin/../lib/gcc/arm-none-eabi/13.2.0/thumb\libgcc.a(pr-support.o)
                0x020139d0                _Unwind_GetDataRelBase
 .text.unlikely._Unwind_GetTextRelBase
                0x020139d6        0x6 C:/devkitPro/devkitARM/bin/../lib/gcc/arm-none-eabi/13.2.0/thumb\libgcc.a(pr-support.o)
                0x020139d6                _Unwind_GetTextRelBase
 .text.towlower
                0x020139dc       0x10 C:/devkitPro/devkitARM/bin/../lib/gcc/arm-none-eabi/13.2.0/../../../../arm-none-eabi/lib/thumb\libg.a(libc_a-towlower.o)
                0x020139dc                towlower
 .text._mbrtowc_r
                0x020139ec       0x90 C:/devkitPro/devkitARM/bin/../lib/gcc/arm-none-eabi/13.2.0/../../../../arm-none-eabi/lib/thumb\libg.a(libc_a-mbrtowc.o)
                0x020139ec                _mbrtowc_r
 .text.mbrtowc  0x02013a7c       0x94 C:/devkitPro/devkitARM/bin/../lib/gcc/arm-none-eabi/13.2.0/../../../../arm-none-eabi/lib/thumb\libg.a(libc_a-mbrtowc.o)
                0x02013a7c                mbrtowc
 .text._wcrtomb_r
                0x02013b10       0x84 C:/devkitPro/devkitARM/bin/../lib/gcc/arm-none-eabi/13.2.0/../../../../arm-none-eabi/lib/thumb\libg.a(libc_a-wcrtomb.o)
                0x02013b10                _wcrtomb_r
 .text.wcrtomb  0x02013b94       0x88 C:/devkitPro/devkitARM/bin/../lib/gcc/arm-none-eabi/13.2.0/../../../../arm-none-eabi/lib/thumb\libg.a(libc_a-wcrtomb.o)
                0x02013b94                wcrtomb
 .text.towupper
                0x02013c1c       0x10 C:/devkitPro/devkitARM/bin/../lib/gcc/arm-none-eabi/13.2.0/../../../../arm-none-eabi/lib/thumb\libg.a(libc_a-towupper.o)
                0x02013c1c                towupper
 .text.printf   0x02013c2c       0x24 C:/devkitPro/devkitARM/bin/../lib/gcc/arm-none-eabi/13.2.0/../../../../arm-none-eabi/lib/thumb\libg.a(libc_a-printf.o)
                0x02013c2c                printf
 .text.mbsrtowcs
                0x02013c50       0x28 C:/devkitPro/devkitARM/bin/../lib/gcc/arm-none-eabi/13.2.0/../../../../arm-none-eabi/lib/thumb\libg.a(libc_a-mbsrtowcs.o)
                0x02013c50                mbsrtowcs
 .text.wctob    0x02013c78       0x58 C:/devkitPro/devkitARM/bin/../lib/gcc/arm-none-eabi/13.2.0/../../../../arm-none-eabi/lib/thumb\libg.a(libc_a-wctob.o)
                0x02013c78                wctob
 .text.towctrans
                0x02013cd0       0x28 C:/devkitPro/devkitARM/bin/../lib/gcc/arm-none-eabi/13.2.0/../../../../arm-none-eabi/lib/thumb\libg.a(libc_a-towctrans.o)
                0x02013cd0                towctrans
 .text._puts_r  0x02013cf8       0x88 C:/devkitPro/devkitARM/bin/../lib/gcc/arm-none-eabi/13.2.0/../../../../arm-none-eabi/lib/thumb\libg.a(libc_a-puts.o)
                0x02013cf8                _puts_r
 .text.puts     0x02013d80       0x14 C:/devkitPro/devkitARM/bin/../lib/gcc/arm-none-eabi/13.2.0/../../../../arm-none-eabi/lib/thumb\libg.a(libc_a-puts.o)
                0x02013d80                puts
 .text.abort    0x02013d94       0x10 C:/devkitPro/devkitARM/bin/../lib/gcc/arm-none-eabi/13.2.0/../../../../arm-none-eabi/lib/thumb\libg.a(libc_a-abort.o)
                0x02013d94                abort
 .text.siscanf  0x02013da4       0x4c C:/devkitPro/devkitARM/bin/../lib/gcc/arm-none-eabi/13.2.0/../../../../arm-none-eabi/lib/thumb\libg.a(libc_a-siscanf.o)
                0x02013da4                siscanf
 .text.calloc   0x02013df0       0x18 C:/devkitPro/devkitARM/bin/../lib/gcc/arm-none-eabi/13.2.0/../../../../arm-none-eabi/lib/thumb\libg.a(libc_a-calloc.o)
                0x02013df0                calloc
 .text._calloc_r
                0x02013e08       0xb8 C:/devkitPro/devkitARM/bin/../lib/gcc/arm-none-eabi/13.2.0/../../../../arm-none-eabi/lib/thumb\libg.a(libc_a-callocr.o)
                0x02013e08                _calloc_r
 .text.setvbuf  0x02013ec0      0x1a4 C:/devkitPro/devkitARM/bin/../lib/gcc/arm-none-eabi/13.2.0/../../../../arm-none-eabi/lib/thumb\libg.a(libc_a-setvbuf.o)
                0x02013ec0                setvbuf
 .text.get_arg  0x02014064       0x3e C:/devkitPro/devkitARM/bin/../lib/gcc/arm-none-eabi/13.2.0/../../../../arm-none-eabi/lib/thumb\libg.a(libc_a-svfiscanf.o)
 .text._sungetc_r
                0x020140a2       0x7e C:/devkitPro/devkitARM/bin/../lib/gcc/arm-none-eabi/13.2.0/../../../../arm-none-eabi/lib/thumb\libg.a(libc_a-svfiscanf.o)
                0x020140a2                _sungetc_r
 .text.__ssrefill_r
                0x02014120       0x42 C:/devkitPro/devkitARM/bin/../lib/gcc/arm-none-eabi/13.2.0/../../../../arm-none-eabi/lib/thumb\libg.a(libc_a-svfiscanf.o)
                0x02014120                __ssrefill_r
 .text._sfread_r
                0x02014162       0x88 C:/devkitPro/devkitARM/bin/../lib/gcc/arm-none-eabi/13.2.0/../../../../arm-none-eabi/lib/thumb\libg.a(libc_a-svfiscanf.o)
                0x02014162                _sfread_r
 *fill*         0x020141ea        0x2 ff
 .text.__ssvfiscanf_r
                0x020141ec     0x1ac4 C:/devkitPro/devkitARM/bin/../lib/gcc/arm-none-eabi/13.2.0/../../../../arm-none-eabi/lib/thumb\libg.a(libc_a-svfiscanf.o)
                0x020141ec                __ssvfiscanf_r
 .text._malloc_trim_r
                0x02015cb0       0xac C:/devkitPro/devkitARM/bin/../lib/gcc/arm-none-eabi/13.2.0/../../../../arm-none-eabi/lib/thumb\libg.a(libc_a-freer.o)
                0x02015cb0                _malloc_trim_r
 .text._free_r  0x02015d5c      0x1d8 C:/devkitPro/devkitARM/bin/../lib/gcc/arm-none-eabi/13.2.0/../../../../arm-none-eabi/lib/thumb\libg.a(libc_a-freer.o)
                0x02015d5c                _free_r
 .text.strchr   0x02015f34       0xc8 C:/devkitPro/devkitARM/bin/../lib/gcc/arm-none-eabi/13.2.0/../../../../arm-none-eabi/lib/thumb\libg.a(libc_a-strchr.o)
                0x02015f34                strchr
 .text.memcmp   0x02015ffc       0x4c C:/devkitPro/devkitARM/bin/../lib/gcc/arm-none-eabi/13.2.0/../../../../arm-none-eabi/lib/thumb\libg.a(libc_a-memcmp.o)
                0x02015ffc                memcmp
 .text._fclose_r
                0x02016048       0xd8 C:/devkitPro/devkitARM/bin/../lib/gcc/arm-none-eabi/13.2.0/../../../../arm-none-eabi/lib/thumb\libg.a(libc_a-fclose.o)
                0x02016048                _fclose_r
 .text.fclose   0x02016120       0x14 C:/devkitPro/devkitARM/bin/../lib/gcc/arm-none-eabi/13.2.0/../../../../arm-none-eabi/lib/thumb\libg.a(libc_a-fclose.o)
                0x02016120                fclose
 .text.malloc   0x02016134       0x14 C:/devkitPro/devkitARM/bin/../lib/gcc/arm-none-eabi/13.2.0/../../../../arm-none-eabi/lib/thumb\libg.a(libc_a-malloc.o)
                0x02016134                malloc
 .text.free     0x02016148       0x14 C:/devkitPro/devkitARM/bin/../lib/gcc/arm-none-eabi/13.2.0/../../../../arm-none-eabi/lib/thumb\libg.a(libc_a-malloc.o)
                0x02016148                free
 .text._malloc_r
                0x0201615c      0x558 C:/devkitPro/devkitARM/bin/../lib/gcc/arm-none-eabi/13.2.0/../../../../arm-none-eabi/lib/thumb\libg.a(libc_a-mallocr.o)
                0x0201615c                _malloc_r
 .text.getenv   0x020166b4       0x1c C:/devkitPro/devkitARM/bin/../lib/gcc/arm-none-eabi/13.2.0/../../../../arm-none-eabi/lib/thumb\libg.a(libc_a-getenv.o)
                0x020166b4                getenv
 .text.memmove  0x020166d0       0xbc C:/devkitPro/devkitARM/bin/../lib/gcc/arm-none-eabi/13.2.0/../../../../arm-none-eabi/lib/thumb\libg.a(libc_a-memmove.o)
                0x020166d0                memmove
 .text._findenv_r
                0x0201678c       0x94 C:/devkitPro/devkitARM/bin/../lib/gcc/arm-none-eabi/13.2.0/../../../../arm-none-eabi/lib/thumb\libg.a(libc_a-getenv_r.o)
                0x0201678c                _findenv_r
 .text._getenv_r
                0x02016820       0x10 C:/devkitPro/devkitARM/bin/../lib/gcc/arm-none-eabi/13.2.0/../../../../arm-none-eabi/lib/thumb\libg.a(libc_a-getenv_r.o)
                0x02016820                _getenv_r
 .text.memset   0x02016830       0xb0 C:/devkitPro/devkitARM/bin/../lib/gcc/arm-none-eabi/13.2.0/../../../../arm-none-eabi/lib/thumb\libg.a(libc_a-memset.o)
                0x02016830                memset
 .text.__malloc_lock
                0x020168e0       0x14 C:/devkitPro/devkitARM/bin/../lib/gcc/arm-none-eabi/13.2.0/../../../../arm-none-eabi/lib/thumb\libg.a(libc_a-mlock.o)
                0x020168e0                __malloc_lock
 .text.__malloc_unlock
                0x020168f4       0x14 C:/devkitPro/devkitARM/bin/../lib/gcc/arm-none-eabi/13.2.0/../../../../arm-none-eabi/lib/thumb\libg.a(libc_a-mlock.o)
                0x020168f4                __malloc_unlock
 .text.get_arg  0x02016908      0x434 C:/devkitPro/devkitARM/bin/../lib/gcc/arm-none-eabi/13.2.0/../../../../arm-none-eabi/lib/thumb\libg.a(libc_a-vfprintf.o)
 .text._vfprintf_r
                0x02016d3c     0x2388 C:/devkitPro/devkitARM/bin/../lib/gcc/arm-none-eabi/13.2.0/../../../../arm-none-eabi/lib/thumb\libg.a(libc_a-vfprintf.o)
                0x02016d3c                _vfprintf_r
 .text.__sbprintf
                0x020190c4       0x7c C:/devkitPro/devkitARM/bin/../lib/gcc/arm-none-eabi/13.2.0/../../../../arm-none-eabi/lib/thumb\libg.a(libc_a-vfprintf.o)
 .text._raise_r
                0x02019140       0x60 C:/devkitPro/devkitARM/bin/../lib/gcc/arm-none-eabi/13.2.0/../../../../arm-none-eabi/lib/thumb\libg.a(libc_a-signal.o)
                0x02019140                _raise_r
 .text.raise    0x020191a0       0x14 C:/devkitPro/devkitARM/bin/../lib/gcc/arm-none-eabi/13.2.0/../../../../arm-none-eabi/lib/thumb\libg.a(libc_a-signal.o)
                0x020191a0                raise
 .text.strlen   0x020191b4       0x60 C:/devkitPro/devkitARM/bin/../lib/gcc/arm-none-eabi/13.2.0/../../../../arm-none-eabi/lib/thumb\libg.a(libc_a-strlen.o)
                0x020191b4                strlen
 .text._fopen_r
                0x02019214       0xb8 C:/devkitPro/devkitARM/bin/../lib/gcc/arm-none-eabi/13.2.0/../../../../arm-none-eabi/lib/thumb\libg.a(libc_a-fopen.o)
                0x02019214                _fopen_r
 .text.fopen    0x020192cc       0x18 C:/devkitPro/devkitARM/bin/../lib/gcc/arm-none-eabi/13.2.0/../../../../arm-none-eabi/lib/thumb\libg.a(libc_a-fopen.o)
                0x020192cc                fopen
 .text.__sflush_r
                0x020192e4      0x188 C:/devkitPro/devkitARM/bin/../lib/gcc/arm-none-eabi/13.2.0/../../../../arm-none-eabi/lib/thumb\libg.a(libc_a-fflush.o)
                0x020192e4                __sflush_r
 .text._fflush_r
                0x0201946c       0x70 C:/devkitPro/devkitARM/bin/../lib/gcc/arm-none-eabi/13.2.0/../../../../arm-none-eabi/lib/thumb\libg.a(libc_a-fflush.o)
                0x0201946c                _fflush_r
 .text.strpbrk  0x020194dc       0x4c C:/devkitPro/devkitARM/bin/../lib/gcc/arm-none-eabi/13.2.0/../../../../arm-none-eabi/lib/thumb\libg.a(libc_a-strpbrk.o)
                0x020194dc                strpbrk
 .text.strdup   0x02019528       0x14 C:/devkitPro/devkitARM/bin/../lib/gcc/arm-none-eabi/13.2.0/../../../../arm-none-eabi/lib/thumb\libg.a(libc_a-strdup.o)
                0x02019528                strdup
 .text.strcasecmp
                0x0201953c       0x48 C:/devkitPro/devkitARM/bin/../lib/gcc/arm-none-eabi/13.2.0/../../../../arm-none-eabi/lib/thumb\libg.a(libc_a-strcasecmp.o)
                0x0201953c                strcasecmp
 .text.strrchr  0x02019584       0x30 C:/devkitPro/devkitARM/bin/../lib/gcc/arm-none-eabi/13.2.0/../../../../arm-none-eabi/lib/thumb\libg.a(libc_a-strrchr.o)
                0x02019584                strrchr
 .text.strncasecmp
                0x020195b4       0x54 C:/devkitPro/devkitARM/bin/../lib/gcc/arm-none-eabi/13.2.0/../../../../arm-none-eabi/lib/thumb\libg.a(libc_a-strncasecmp.o)
                0x020195b4                strncasecmp
 .text._strdup_r
                0x02019608       0x2c C:/devkitPro/devkitARM/bin/../lib/gcc/arm-none-eabi/13.2.0/../../../../arm-none-eabi/lib/thumb\libg.a(libc_a-strdup_r.o)
                0x02019608                _strdup_r
 .text.ftell    0x02019634       0x24 C:/devkitPro/devkitARM/bin/../lib/gcc/arm-none-eabi/13.2.0/../../../../arm-none-eabi/lib/thumb\libg.a(libc_a-ftell.o)
                0x02019634                ftell
 .text.__sfvwrite_r
                0x02019658      0x330 C:/devkitPro/devkitARM/bin/../lib/gcc/arm-none-eabi/13.2.0/../../../../arm-none-eabi/lib/thumb\libg.a(libc_a-fvwrite.o)
                0x02019658                __sfvwrite_r
 .text.strncmp  0x02019988       0x78 C:/devkitPro/devkitARM/bin/../lib/gcc/arm-none-eabi/13.2.0/../../../../arm-none-eabi/lib/thumb\libg.a(libc_a-strncmp.o)
                0x02019988                strncmp
 .text._fwalk_sglue
                0x02019a00       0x4c C:/devkitPro/devkitARM/bin/../lib/gcc/arm-none-eabi/13.2.0/../../../../arm-none-eabi/lib/thumb\libg.a(libc_a-fwalk.o)
                0x02019a00                _fwalk_sglue
 .text._fread_r
                0x02019a4c      0x224 C:/devkitPro/devkitARM/bin/../lib/gcc/arm-none-eabi/13.2.0/../../../../arm-none-eabi/lib/thumb\libg.a(libc_a-fread.o)
                0x02019a4c                _fread_r
 .text.fread    0x02019c70       0x24 C:/devkitPro/devkitARM/bin/../lib/gcc/arm-none-eabi/13.2.0/../../../../arm-none-eabi/lib/thumb\libg.a(libc_a-fread.o)
                0x02019c70                fread
 .text._realloc_r
                0x02019c94      0x384 C:/devkitPro/devkitARM/bin/../lib/gcc/arm-none-eabi/13.2.0/../../../../arm-none-eabi/lib/thumb\libg.a(libc_a-reallocr.o)
                0x02019c94                _realloc_r
 .text.strncpy  0x0201a018       0x68 C:/devkitPro/devkitARM/bin/../lib/gcc/arm-none-eabi/13.2.0/../../../../arm-none-eabi/lib/thumb\libg.a(libc_a-strncpy.o)
                0x0201a018                strncpy
 .text.stdio_exit_handler
                0x0201a080       0x20 C:/devkitPro/devkitARM/bin/../lib/gcc/arm-none-eabi/13.2.0/../../../../arm-none-eabi/lib/thumb\libg.a(libc_a-findfp.o)
 .text.cleanup_stdio
                0x0201a0a0       0x40 C:/devkitPro/devkitARM/bin/../lib/gcc/arm-none-eabi/13.2.0/../../../../arm-none-eabi/lib/thumb\libg.a(libc_a-findfp.o)
 .text.global_stdio_init.part.0
                0x0201a0e0      0x128 C:/devkitPro/devkitARM/bin/../lib/gcc/arm-none-eabi/13.2.0/../../../../arm-none-eabi/lib/thumb\libg.a(libc_a-findfp.o)
 .text.__sfp    0x0201a208       0xcc C:/devkitPro/devkitARM/bin/../lib/gcc/arm-none-eabi/13.2.0/../../../../arm-none-eabi/lib/thumb\libg.a(libc_a-findfp.o)
                0x0201a208                __sfp
 .text.__sinit  0x0201a2d4       0x3c C:/devkitPro/devkitARM/bin/../lib/gcc/arm-none-eabi/13.2.0/../../../../arm-none-eabi/lib/thumb\libg.a(libc_a-findfp.o)
                0x0201a2d4                __sinit
 .text.__sfp_lock_acquire
                0x0201a310       0x14 C:/devkitPro/devkitARM/bin/../lib/gcc/arm-none-eabi/13.2.0/../../../../arm-none-eabi/lib/thumb\libg.a(libc_a-findfp.o)
                0x0201a310                __sfp_lock_acquire
 .text.__sfp_lock_release
                0x0201a324       0x14 C:/devkitPro/devkitARM/bin/../lib/gcc/arm-none-eabi/13.2.0/../../../../arm-none-eabi/lib/thumb\libg.a(libc_a-findfp.o)
                0x0201a324                __sfp_lock_release
 .text.localtime_r
                0x0201a338      0x228 C:/devkitPro/devkitARM/bin/../lib/gcc/arm-none-eabi/13.2.0/../../../../arm-none-eabi/lib/thumb\libg.a(libc_a-lcltime_r.o)
                0x0201a338                localtime_r
 .text.strnlen  0x0201a560       0x28 C:/devkitPro/devkitARM/bin/../lib/gcc/arm-none-eabi/13.2.0/../../../../arm-none-eabi/lib/thumb\libg.a(libc_a-strnlen.o)
                0x0201a560                strnlen
 .text._tzset_unlocked
                0x0201a588       0x10 C:/devkitPro/devkitARM/bin/../lib/gcc/arm-none-eabi/13.2.0/../../../../arm-none-eabi/lib/thumb\libg.a(libc_a-tzset.o)
                0x0201a588                _tzset_unlocked
 .text.validate_structure
                0x0201a598      0x1d4 C:/devkitPro/devkitARM/bin/../lib/gcc/arm-none-eabi/13.2.0/../../../../arm-none-eabi/lib/thumb\libg.a(libc_a-mktime.o)
 .text.mktime   0x0201a76c      0x428 C:/devkitPro/devkitARM/bin/../lib/gcc/arm-none-eabi/13.2.0/../../../../arm-none-eabi/lib/thumb\libg.a(libc_a-mktime.o)
                0x0201a76c                mktime
 .text._fseek_r
                0x0201ab94       0x18 C:/devkitPro/devkitARM/bin/../lib/gcc/arm-none-eabi/13.2.0/../../../../arm-none-eabi/lib/thumb\libg.a(libc_a-fseek.o)
                0x0201ab94                _fseek_r
 .text.fseek    0x0201abac       0x24 C:/devkitPro/devkitARM/bin/../lib/gcc/arm-none-eabi/13.2.0/../../../../arm-none-eabi/lib/thumb\libg.a(libc_a-fseek.o)
                0x0201abac                fseek
 .text._tzset_unlocked_r
                0x0201abd0      0x4b8 C:/devkitPro/devkitARM/bin/../lib/gcc/arm-none-eabi/13.2.0/../../../../arm-none-eabi/lib/thumb\libg.a(libc_a-tzset_r.o)
                0x0201abd0                _tzset_unlocked_r
 .text._strtol_l.part.0
                0x0201b088      0x13c C:/devkitPro/devkitARM/bin/../lib/gcc/arm-none-eabi/13.2.0/../../../../arm-none-eabi/lib/thumb\libg.a(libc_a-strtol.o)
 .text._strtol_r
                0x0201b1c4       0x34 C:/devkitPro/devkitARM/bin/../lib/gcc/arm-none-eabi/13.2.0/../../../../arm-none-eabi/lib/thumb\libg.a(libc_a-strtol.o)
                0x0201b1c4                _strtol_r
 .text.realloc  0x0201b1f8       0x18 C:/devkitPro/devkitARM/bin/../lib/gcc/arm-none-eabi/13.2.0/../../../../arm-none-eabi/lib/thumb\libg.a(libc_a-realloc.o)