Archive member included to satisfy reference by file (symbol)

C:/devkitPro/libnds/lib\libfilesystem.a(nitrofs.o)
                              main.o (nitroFSInit)
C:/devkitPro/libnds/lib\libfat.a(libfat.o)
                              C:/devkitPro/libnds/lib\libfilesystem.a(nitrofs.o) (fatInitDefault)
C:/devkitPro/libnds/lib\libfat.a(disc.o)
                              C:/devkitPro/libnds/lib\libfat.a(libfat.o) (_FAT_disc_interfaces)
C:/devkitPro/libnds/lib\libfat.a(fatfile.o)
                              C:/devkitPro/libnds/lib\libfat.a(libfat.o) (_FAT_open_r)
C:/devkitPro/libnds/lib\libfat.a(cache.o)
                              C:/devkitPro/libnds/lib\libfat.a(fatfile.o) (_FAT_cache_readSectors)
C:/devkitPro/libnds/lib\libfat.a(fatdir.o)
                              C:/devkitPro/libnds/lib\libfat.a(libfat.o) (_FAT_stat_r)
C:/devkitPro/libnds/lib\libfat.a(directory.o)
                              C:/devkitPro/libnds/lib\libfat.a(fatfile.o) (_FAT_directory_entryGetCluster)
C:/devkitPro/libnds/lib\libfat.a(partition.o)
                              C:/devkitPro/libnds/lib\libfat.a(libfat.o) (_FAT_partition_destructor)
C:/devkitPro/libnds/lib\libfat.a(lock.o)
                              C:/devkitPro/libnds/lib\libfat.a(partition.o) (_FAT_lock_init)
C:/devkitPro/libnds/lib\libfat.a(filetime.o)
                              C:/devkitPro/libnds/lib\libfat.a(fatfile.o) (_FAT_filetime_getTimeFromRTC)
C:/devkitPro/libnds/lib\libfat.a(file_allocation_table.o)
                              C:/devkitPro/libnds/lib\libfat.a(fatfile.o) (_FAT_fat_nextCluster)
C:/devkitPro/libnds/lib\libnds9.a(trig.o)
                              main.o (sinLerp)
C:/devkitPro/libnds/lib\libnds9.a(touch.o)
                              main.o (touchRead)
C:/devkitPro/libnds/lib\libnds9.a(console.o)
                              main.o (consoleDemoInit)
C:/devkitPro/libnds/lib\libnds9.a(videoGL.o)
                              main.o (glRotatef32i)
C:/devkitPro/libnds/lib\libnds9.a(keys.o)
                              main.o (scanKeys)
C:/devkitPro/libnds/lib\libnds9.a(dldi.o)
                              C:/devkitPro/libnds/lib\libfat.a(disc.o) (dldiGetInternal)
C:/devkitPro/libnds/lib\libnds9.a(initSystem.o)
                              C:/devkitPro/devkitARM/bin/../lib/gcc/arm-none-eabi/13.2.0/../../../../arm-none-eabi/lib/thumb/ds_arm9_crt0.o (initSystem)
C:/devkitPro/libnds/lib\libnds9.a(securearea.o)
                              C:/devkitPro/devkitARM/bin/../lib/gcc/arm-none-eabi/13.2.0/../../../../arm-none-eabi/lib/thumb/ds_arm9_crt0.o (__secure_area__)
C:/devkitPro/libnds/lib\libnds9.a(interrupts.o)
                              C:/devkitPro/libnds/lib\libnds9.a(initSystem.o) (irqInit)
C:/devkitPro/libnds/lib\libnds9.a(libnds_exit.arm.o)
                              C:/devkitPro/devkitARM/bin/../lib/gcc/arm-none-eabi/13.2.0/../../../../arm-none-eabi/lib/thumb/ds_arm9_crt0.o (__libnds_exit)
C:/devkitPro/libnds/lib\libnds9.a(card.o)
                              C:/devkitPro/libnds/lib\libfilesystem.a(nitrofs.o) (cardParamCommand)
C:/devkitPro/libnds/lib\libnds9.a(fifosystem.o)
                              C:/devkitPro/libnds/lib\libnds9.a(initSystem.o) (fifoSetValue32Handler)
C:/devkitPro/libnds/lib\libnds9.a(dldi_stub.o)
                              C:/devkitPro/libnds/lib\libnds9.a(dldi.o) (_io_dldi_stub)
C:/devkitPro/libnds/lib\libnds9.a(mpu_setup.o)
                              C:/devkitPro/devkitARM/bin/../lib/gcc/arm-none-eabi/13.2.0/../../../../arm-none-eabi/lib/thumb/ds_arm9_crt0.o (__libnds_mpu_setup)
C:/devkitPro/libnds/lib\libnds9.a(IntrWait.o)
                              C:/devkitPro/libnds/lib\libnds9.a(fifosystem.o) (swiIntrWait)
C:/devkitPro/libnds/lib\libnds9.a(cpu_clock.o)
                              C:/devkitPro/libnds/lib\libnds9.a(initSystem.o) (setCpuClock)
C:/devkitPro/libnds/lib\libnds9.a(interruptDispatcher.o)
                              C:/devkitPro/libnds/lib\libnds9.a(interrupts.o) (IntrMain)
C:/devkitPro/libnds/lib\libnds9.a(biosCalls.o)
                              C:/devkitPro/libnds/lib\libnds9.a(card.o) (swiDelay)
C:/devkitPro/libnds/lib\libnds9.a(debugprint.o)
                              C:/devkitPro/libnds/lib\libnds9.a(console.o) (nocashWrite)
C:/devkitPro/libnds/lib\libnds9.a(swiSoftReset.o)
                              C:/devkitPro/libnds/lib\libnds9.a(fifosystem.o) (swiSoftReset)
C:/devkitPro/libnds/lib\libnds9.a(default_font.bin.o)
                              C:/devkitPro/libnds/lib\libnds9.a(console.o) (default_font_bin)
C:/devkitPro/libnds/lib\libnds9.a(background.o)
                              C:/devkitPro/libnds/lib\libnds9.a(console.o) (bgState)
C:/devkitPro/libnds/lib\libnds9.a(dynamicArray.o)
                              C:/devkitPro/libnds/lib\libnds9.a(videoGL.o) (DynamicArrayInit)
C:/devkitPro/libnds/lib\libnds9.a(video.o)
                              C:/devkitPro/libnds/lib\libnds9.a(videoGL.o) (vramSetBanks_EFG)
[...]
Memory Configuration

Name             Origin             Length             Attributes
ewram            0x02000000         0x00380000
dtcm             0x02ff0000         0x00004000
vectors          0x01000000         0x00000100
itcm             0x01000100         0x00007f00
*default*        0x00000000         0xffffffff

Linker script and memory map

                0x02380000                        __ewram_end = (ORIGIN (ewram) + LENGTH (ewram))
                0x02380000                        __eheap_end = (ORIGIN (ewram) + LENGTH (ewram))
                0x02ff4000                        __dtcm_top = (ORIGIN (dtcm) + LENGTH (dtcm))
                0x02ff3ff8                        __irq_flags = (__dtcm_top - 0x8)
                0x02ff3ffc                        __irq_vector = (__dtcm_top - 0x4)
                0x02ff3f00                        __sp_svc = (__dtcm_top - 0x100)
                0x02ff3e00                        __sp_irq = (__sp_svc - 0x100)
                0x02ff3d00                        __sp_usr = (__sp_irq - 0x100)

.secure         0x02000000      0x800
 *(.secure)
 .secure        0x02000000      0x800 C:/devkitPro/libnds/lib\libnds9.a(securearea.o)
                0x02000000                __secure_area__

.crt0           0x02000800      0x300
                0x02000800                        __text_start = .
 *(.crt0)
 .crt0          0x02000800      0x300 C:/devkitPro/devkitARM/bin/../lib/gcc/arm-none-eabi/13.2.0/../../../../arm-none-eabi/lib/thumb/ds_arm9_crt0.o
                0x02000800                _start
                0x02000b00                        . = ALIGN (0x4)

.plt
 *(.plt)

.init           0x02000b00        0xc
 *(SORT_NONE(.init))
 .init          0x02000b00        0x4 C:/devkitPro/devkitARM/bin/../lib/gcc/arm-none-eabi/13.2.0/thumb/crti.o
                0x02000b00                _init
 .init          0x02000b04        0x8 C:/devkitPro/devkitARM/bin/../lib/gcc/arm-none-eabi/13.2.0/thumb/crtn.o

.text           0x02000b40    0x1abc0
 *(EXCLUDE_FILE(*.twl* *.vectors* *.itcm*) .text)
 .text          0x02000b40       0x54 globals.o
                0x02000b40                clip(float, float, float)
                0x02000b68                lerp(float, float, float)
 .text          0x02000b94      0x2c8 main.o
                0x02000bd0                GenerateLevel()
                0x02000c98                DrawGLScene()
                0x02000dc0                DrawFileTextTemp()
 *fill*         0x02000e5c       0x24 ff
 .text          0x02000e80     0x4000 C:/devkitPro/libnds/lib\libnds9.a(dldi_stub.o)
                0x02000e80                _io_dldi_stub
 .text          0x02004e80      0x11c C:/devkitPro/devkitARM/bin/../lib/gcc/arm-none-eabi/13.2.0/thumb\libgcc.a(_udivsi3.o)
                0x02004e80                __aeabi_uidiv
                0x02004e80                __udivsi3
                0x02004f7c                __aeabi_uidivmod
 .text          0x02004f9c      0x150 C:/devkitPro/devkitARM/bin/../lib/gcc/arm-none-eabi/13.2.0/thumb\libgcc.a(_divsi3.o)
                0x02004f9c                __divsi3
                0x02004f9c                __aeabi_idiv
                0x020050cc                __aeabi_idivmod
 .text          0x020050ec        0x4 C:/devkitPro/devkitARM/bin/../lib/gcc/arm-none-eabi/13.2.0/thumb\libgcc.a(_dvmd_tls.o)
                0x020050ec                __aeabi_idiv0
                0x020050ec                __aeabi_ldiv0
 .text          0x020050f0      0x424 C:/devkitPro/devkitARM/bin/../lib/gcc/arm-none-eabi/13.2.0/thumb\libgcc.a(_arm_addsubdf3.o)
                0x020050f0                __aeabi_drsub
                0x020050f8                __aeabi_dsub
                0x020050f8                __subdf3
                0x020050fc                __aeabi_dadd
                0x020050fc                __adddf3
                0x0200540c                __floatunsidf
                0x0200540c                __aeabi_ui2d
                0x02005430                __floatsidf
                0x02005430                __aeabi_i2d
                0x02005458                __aeabi_f2d
                0x02005458                __extendsfdf2
                0x020054a0                __floatundidf
                0x020054a0                __aeabi_ul2d
                0x020054b4                __floatdidf
                0x020054b4                __aeabi_l2d
 .text          0x02005514      0x49c C:/devkitPro/devkitARM/bin/../lib/gcc/arm-none-eabi/13.2.0/thumb\libgcc.a(_arm_muldivdf3.o)
                0x02005514                __aeabi_dmul
                0x02005514                __muldf3
                0x020057a4                __divdf3
                0x020057a4                __aeabi_ddiv
 .text          0x020059b0      0x144 C:/devkitPro/devkitARM/bin/../lib/gcc/arm-none-eabi/13.2.0/thumb\libgcc.a(_arm_cmpdf2.o)
                0x020059b0                __gtdf2
                0x020059b0                __gedf2
                0x020059b8                __ltdf2
                0x020059b8                __ledf2
                0x020059c0                __nedf2
                0x020059c0                __eqdf2
                0x020059c0                __cmpdf2
                0x02005a48                __aeabi_cdrcmple
                0x02005a64                __aeabi_cdcmpeq
                0x02005a64                __aeabi_cdcmple
                0x02005a7c                __aeabi_dcmpeq
                0x02005a94                __aeabi_dcmplt
                0x02005aac                __aeabi_dcmple
                0x02005ac4                __aeabi_dcmpge
                0x02005adc                __aeabi_dcmpgt
 .text          0x02005af4       0x38 C:/devkitPro/devkitARM/bin/../lib/gcc/arm-none-eabi/13.2.0/thumb\libgcc.a(_arm_unorddf2.o)
                0x02005af4                __unorddf2
                0x02005af4                __aeabi_dcmpun
 .text          0x02005b2c       0x5c C:/devkitPro/devkitARM/bin/../lib/gcc/arm-none-eabi/13.2.0/thumb\libgcc.a(_arm_fixdfsi.o)
                0x02005b2c                __aeabi_d2iz
                0x02005b2c                __fixdfsi
 .text          0x02005b88      0x2ac C:/devkitPro/devkitARM/bin/../lib/gcc/arm-none-eabi/13.2.0/thumb\libgcc.a(_arm_addsubsf3.o)
                0x02005b88                __aeabi_frsub
                0x02005b90                __subsf3
                0x02005b90                __aeabi_fsub
                0x02005b94                __aeabi_fadd
                0x02005b94                __addsf3
                0x02005d50                __aeabi_ui2f
                0x02005d50                __floatunsisf
                0x02005d58                __aeabi_i2f
                0x02005d58                __floatsisf
                0x02005d78                __aeabi_ul2f
                0x02005d78                __floatundisf
                0x02005d88                __aeabi_l2f
                0x02005d88                __floatdisf
 .text          0x02005e34      0x2f8 C:/devkitPro/devkitARM/bin/../lib/gcc/arm-none-eabi/13.2.0/thumb\libgcc.a(_arm_muldivsf3.o)
                0x02005e34                __mulsf3
                0x02005e34                __aeabi_fmul
                0x02005fcc                __aeabi_fdiv
                0x02005fcc                __divsf3
 .text          0x0200612c      0x114 C:/devkitPro/devkitARM/bin/../lib/gcc/arm-none-eabi/13.2.0/thumb\libgcc.a(_arm_cmpsf2.o)
                0x0200612c                __gesf2
                0x0200612c                __gtsf2
                0x02006134                __lesf2
                0x02006134                __ltsf2
                0x0200613c                __nesf2
                0x0200613c                __eqsf2
                0x0200613c                __cmpsf2
                0x020061a0                __aeabi_cfrcmple
                0x020061b0                __aeabi_cfcmpeq
                0x020061b0                __aeabi_cfcmple
                0x020061c8                __aeabi_fcmpeq
                0x020061e0                __aeabi_fcmplt
                0x020061f8                __aeabi_fcmple
                0x02006210                __aeabi_fcmpge
                0x02006228                __aeabi_fcmpgt
 .text          0x02006240       0x5c C:/devkitPro/devkitARM/bin/../lib/gcc/arm-none-eabi/13.2.0/thumb\libgcc.a(_arm_fixsfsi.o)
                0x02006240                __aeabi_f2iz
                0x02006240                __fixsfsi
 .text          0x0200629c       0xd4 C:/devkitPro/devkitARM/bin/../lib/gcc/arm-none-eabi/13.2.0/thumb\libgcc.a(_aeabi_ldivmod.o)
                0x0200629c                __aeabi_ldivmod
 .text          0x02006370       0x28 C:/devkitPro/devkitARM/bin/../lib/gcc/arm-none-eabi/13.2.0/thumb\libgcc.a(_clzdi2.o)
                0x02006370                __clzdi2
 .text          0x02006398       0x48 C:/devkitPro/devkitARM/bin/../lib/gcc/arm-none-eabi/13.2.0/thumb\libgcc.a(_clzsi2.o)
                0x02006398                __clzsi2
 .text          0x020063e0      0x224 C:/devkitPro/devkitARM/bin/../lib/gcc/arm-none-eabi/13.2.0/../../../../arm-none-eabi/lib/thumb\libg.a(libc_a-strcmp.o)
                0x020063e0                strcmp
 .text          0x02006604       0x14 C:/devkitPro/devkitARM/bin/../lib/gcc/arm-none-eabi/13.2.0/thumb\libgcc.a(_thumb1_case_uqi.o)
                0x02006604                __gnu_thumb1_case_uqi
 .text          0x02006618       0x14 C:/devkitPro/devkitARM/bin/../lib/gcc/arm-none-eabi/13.2.0/thumb\libgcc.a(_thumb1_case_uhi.o)
                0x02006618                __gnu_thumb1_case_uhi
 .text          0x0200662c       0x3c C:/devkitPro/devkitARM/bin/../lib/gcc/arm-none-eabi/13.2.0/thumb\libgcc.a(_aeabi_uldivmod.o)
                0x0200662c                __aeabi_uldivmod
 *(EXCLUDE_FILE(*.twl* *.vectors* *.itcm*) .stub)
 *(EXCLUDE_FILE(*.twl* *.vectors* *.itcm*) .text.*)
 .text.__do_global_dtors_aux
                0x02006668       0x2c C:/devkitPro/devkitARM/bin/../lib/gcc/arm-none-eabi/13.2.0/thumb/crtbegin.o
 .text.frame_dummy
                0x02006694       0x24 C:/devkitPro/devkitARM/bin/../lib/gcc/arm-none-eabi/13.2.0/thumb/crtbegin.o
 .text.startup  0x020066b8      0x42c main.o
                0x020066b8                main
 .text.nitroFSDirClose
                0x02006ae4        0x4 C:/devkitPro/libnds/lib\libfilesystem.a(nitrofs.o)
 .text.nitroFSSeek
                0x02006ae8       0x78 C:/devkitPro/libnds/lib\libfilesystem.a(nitrofs.o)
 .text.nitroFSFstat
                0x02006b60       0x10 C:/devkitPro/libnds/lib\libfilesystem.a(nitrofs.o)
 .text.nitroSubReadBlock
                0x02006b70       0x54 C:/devkitPro/libnds/lib\libfilesystem.a(nitrofs.o)
 .text.nitroSubReadCard
                0x02006bc4       0xb0 C:/devkitPro/libnds/lib\libfilesystem.a(nitrofs.o)
 .text.nitroFSClose
                0x02006c74        0x4 C:/devkitPro/libnds/lib\libfilesystem.a(nitrofs.o)
 .text.nitroDirReset
                0x02006c78       0x9c C:/devkitPro/libnds/lib\libfilesystem.a(nitrofs.o)
 .text.nitroFSRead
                0x02006d14       0xbc C:/devkitPro/libnds/lib\libfilesystem.a(nitrofs.o)
 .text.nitroFSDirNext
                0x02006dd0      0x30c C:/devkitPro/libnds/lib\libfilesystem.a(nitrofs.o)
 .text.nitroFSDirOpen
                0x020070dc       0xe0 C:/devkitPro/libnds/lib\libfilesystem.a(nitrofs.o)
 .text.nitroFSChdir
                0x020071bc       0x30 C:/devkitPro/libnds/lib\libfilesystem.a(nitrofs.o)
 .text.nitroFSOpen
                0x020071ec       0xc4 C:/devkitPro/libnds/lib\libfilesystem.a(nitrofs.o)
 .text.nitroFSstat
                0x020072b0       0x68 C:/devkitPro/libnds/lib\libfilesystem.a(nitrofs.o)
 .text.nitroFSInit
                0x02007318      0x12c C:/devkitPro/libnds/lib\libfilesystem.a(nitrofs.o)
                0x02007318                nitroFSInit
 .text.fatMount.part.0
                0x02007444       0xa0 C:/devkitPro/libnds/lib\libfat.a(libfat.o)
 .text.fatMount
                0x020074e4       0x3c C:/devkitPro/libnds/lib\libfat.a(libfat.o)
                0x020074e4                fatMount
 .text.fatInit  0x02007520      0x130 C:/devkitPro/libnds/lib\libfat.a(libfat.o)
                0x02007520                fatInit
 .text.fatInitDefault
                0x02007650        0xc C:/devkitPro/libnds/lib\libfat.a(libfat.o)
                0x02007650                fatInitDefault
 .text._FAT_check_position_for_next_cluster.part.0
                0x0200765c       0x68 C:/devkitPro/libnds/lib\libfat.a(fatfile.o)
 .text._FAT_syncToDisc.part.0
                0x020076c4       0xd4 C:/devkitPro/libnds/lib\libfat.a(fatfile.o)
 .text._FAT_file_extend_r
                0x02007798      0x208 C:/devkitPro/libnds/lib\libfat.a(fatfile.o)
 .text._FAT_open_r
                0x020079a0      0x2d4 C:/devkitPro/libnds/lib\libfat.a(fatfile.o)
                0x020079a0                _FAT_open_r
 .text._FAT_close_r
                0x02007c74       0x74 C:/devkitPro/libnds/lib\libfat.a(fatfile.o)
                0x02007c74                _FAT_close_r
 .text._FAT_read_r
                0x02007ce8      0x398 C:/devkitPro/libnds/lib\libfat.a(fatfile.o)
                0x02007ce8                _FAT_read_r
 .text._FAT_write_r
                0x02008080      0x53c C:/devkitPro/libnds/lib\libfat.a(fatfile.o)
                0x02008080                _FAT_write_r
 .text._FAT_seek_r
                0x020085bc      0x194 C:/devkitPro/libnds/lib\libfat.a(fatfile.o)
                0x020085bc                _FAT_seek_r
 .text._FAT_fstat_r
                0x02008750       0x8c C:/devkitPro/libnds/lib\libfat.a(fatfile.o)
                0x02008750                _FAT_fstat_r
 .text._FAT_ftruncate_r
                0x020087dc      0x16c C:/devkitPro/libnds/lib\libfat.a(fatfile.o)
                0x020087dc                _FAT_ftruncate_r
 .text._FAT_fsync_r
                0x02008948       0x44 C:/devkitPro/libnds/lib\libfat.a(fatfile.o)
                0x02008948                _FAT_fsync_r
 .text._FAT_cache_getPage
                0x0200898c       0xf0 C:/devkitPro/libnds/lib\libfat.a(cache.o)
 .text._FAT_cache_constructor
                0x02008a7c       0x90 C:/devkitPro/libnds/lib\libfat.a(cache.o)
                0x02008a7c                _FAT_cache_constructor
 .text._FAT_cache_readSectors
                0x02008b0c       0x60 C:/devkitPro/libnds/lib\libfat.a(cache.o)
                0x02008b0c                _FAT_cache_readSectors
 .text._FAT_cache_readPartialSector
                0x02008b6c       0x3c C:/devkitPro/libnds/lib\libfat.a(cache.o)
                0x02008b6c                _FAT_cache_readPartialSector
 .text._FAT_cache_readLittleEndianValue
                0x02008ba8       0x70 C:/devkitPro/libnds/lib\libfat.a(cache.o)
                0x02008ba8                _FAT_cache_readLittleEndianValue
 .text._FAT_cache_writePartialSector
                0x02008c18       0x4c C:/devkitPro/libnds/lib\libfat.a(cache.o)
                0x02008c18                _FAT_cache_writePartialSector
 .text._FAT_cache_writeLittleEndianValue
                0x02008c64       0x8c C:/devkitPro/libnds/lib\libfat.a(cache.o)
                0x02008c64                _FAT_cache_writeLittleEndianValue
 .text._FAT_cache_eraseWritePartialSector
                0x02008cf0       0x60 C:/devkitPro/libnds/lib\libfat.a(cache.o)
                0x02008cf0                _FAT_cache_eraseWritePartialSector
 .text._FAT_cache_writeSectors
                0x02008d50       0x80 C:/devkitPro/libnds/lib\libfat.a(cache.o)
                0x02008d50                _FAT_cache_writeSectors
 .text._FAT_cache_flush
                0x02008dd0       0x40 C:/devkitPro/libnds/lib\libfat.a(cache.o)
                0x02008dd0                _FAT_cache_flush
 .text._FAT_stat_r
                0x02008e10       0x90 C:/devkitPro/libnds/lib\libfat.a(fatdir.o)
                0x02008e10                _FAT_stat_r
 .text._FAT_link_r
                0x02008ea0        0xc C:/devkitPro/libnds/lib\libfat.a(fatdir.o)
                0x02008ea0                _FAT_link_r
 .text._FAT_unlink_r
                0x02008eac      0x184 C:/devkitPro/libnds/lib\libfat.a(fatdir.o)
                0x02008eac                _FAT_unlink_r
 .text._FAT_chdir_r
                0x02009030       0x70 C:/devkitPro/libnds/lib\libfat.a(fatdir.o)
                0x02009030                _FAT_chdir_r
 .text._FAT_rename_r
                0x020090a0      0x1c4 C:/devkitPro/libnds/lib\libfat.a(fatdir.o)
                0x020090a0                _FAT_rename_r
 .text._FAT_mkdir_r
                0x02009264      0x244 C:/devkitPro/libnds/lib\libfat.a(fatdir.o)
                0x02009264                _FAT_mkdir_r
 .text._FAT_statvfs_r
                0x020094a8       0x78 C:/devkitPro/libnds/lib\libfat.a(fatdir.o)
                0x020094a8                _FAT_statvfs_r
 .text._FAT_diropen_r
                0x02009520       0xb0 C:/devkitPro/libnds/lib\libfat.a(fatdir.o)
                0x02009520                _FAT_diropen_r
 .text._FAT_dirreset_r
                0x020095d0       0x4c C:/devkitPro/libnds/lib\libfat.a(fatdir.o)
                0x020095d0                _FAT_dirreset_r
 .text._FAT_dirnext_r
                0x0200961c       0x7c C:/devkitPro/libnds/lib\libfat.a(fatdir.o)
                0x0200961c                _FAT_dirnext_r
 .text._FAT_dirclose_r
                0x02009698       0x20 C:/devkitPro/libnds/lib\libfat.a(fatdir.o)
                0x02009698                _FAT_dirclose_r
 .text._FAT_directory_entryGetAlias
                0x020096b8       0xc8 C:/devkitPro/libnds/lib\libfat.a(directory.o)
 .text._FAT_directory_incrementDirEntryPosition
                0x02009780       0x80 C:/devkitPro/libnds/lib\libfat.a(directory.o)
 .text._FAT_directory_mbsncasecmp
                0x02009800       0xa8 C:/devkitPro/libnds/lib\libfat.a(directory.o)
 .text._FAT_directory_ucs2tombs.constprop.0
                0x020098a8       0x90 C:/devkitPro/libnds/lib\libfat.a(directory.o)
 .text._FAT_directory_entryGetCluster
                0x02009938       0x20 C:/devkitPro/libnds/lib\libfat.a(directory.o)
                0x02009938                _FAT_directory_entryGetCluster
 .text._FAT_directory_getNextEntry
                0x02009958      0x23c C:/devkitPro/libnds/lib\libfat.a(directory.o)
                0x02009958                _FAT_directory_getNextEntry
 .text._FAT_directory_entryExists
                0x02009b94       0x80 C:/devkitPro/libnds/lib\libfat.a(directory.o)
 .text._FAT_directory_getFirstEntry
                0x02009c14       0x20 C:/devkitPro/libnds/lib\libfat.a(directory.o)
                0x02009c14                _FAT_directory_getFirstEntry
 .text._FAT_directory_getRootEntry
                0x02009c34       0x60 C:/devkitPro/libnds/lib\libfat.a(directory.o)
                0x02009c34                _FAT_directory_getRootEntry
 .text._FAT_directory_entryFromPosition
                0x02009c94      0x150 C:/devkitPro/libnds/lib\libfat.a(directory.o)
                0x02009c94                _FAT_directory_entryFromPosition
 .text._FAT_directory_entryFromPath
                0x02009de4      0x248 C:/devkitPro/libnds/lib\libfat.a(directory.o)
                0x02009de4                _FAT_directory_entryFromPath
 .text._FAT_directory_removeEntry
                0x0200a02c       0xd8 C:/devkitPro/libnds/lib\libfat.a(directory.o)
                0x0200a02c                _FAT_directory_removeEntry
 .text._FAT_directory_addEntry
                0x0200a104      0x808 C:/devkitPro/libnds/lib\libfat.a(directory.o)
                0x0200a104                _FAT_directory_addEntry
 .text._FAT_directory_chdir
                0x0200a90c       0x3c C:/devkitPro/libnds/lib\libfat.a(directory.o)
                0x0200a90c                _FAT_directory_chdir
 .text._FAT_directory_entryStat
                0x0200a948       0xe4 C:/devkitPro/libnds/lib\libfat.a(directory.o)
                0x0200a948                _FAT_directory_entryStat
 .text.isValidMBR
                0x0200aa2c       0x5c C:/devkitPro/libnds/lib\libfat.a(partition.o)
 .text._FAT_updateFS_INFO
                0x0200aa88       0x54 C:/devkitPro/libnds/lib\libfat.a(partition.o)
 .text.FindFirstValidPartition_buf.part.0
                0x0200aadc      0x11c C:/devkitPro/libnds/lib\libfat.a(partition.o)
 .text._FAT_partition_getPartitionFromPath
                0x0200abf8       0x10 C:/devkitPro/libnds/lib\libfat.a(partition.o)
                0x0200abf8                _FAT_partition_getPartitionFromPath
 .text._FAT_partition_createFSinfo
                0x0200ac08       0x50 C:/devkitPro/libnds/lib\libfat.a(partition.o)
                0x0200ac08                _FAT_partition_createFSinfo
 .text._FAT_partition_readFSinfo.part.0
                0x0200ac58       0x74 C:/devkitPro/libnds/lib\libfat.a(partition.o)
 .text._FAT_partition_constructor_buf
                0x0200accc      0x2e8 C:/devkitPro/libnds/lib\libfat.a(partition.o)
                0x0200accc                _FAT_partition_constructor_buf
 .text._FAT_partition_constructor
                0x0200afb4       0x40 C:/devkitPro/libnds/lib\libfat.a(partition.o)
                0x0200afb4                _FAT_partition_constructor
 .text._FAT_partition_readFSinfo
                0x0200aff4       0x10 C:/devkitPro/libnds/lib\libfat.a(partition.o)
                0x0200aff4                _FAT_partition_readFSinfo
 .text._FAT_lock_init
                0x0200b004        0x4 C:/devkitPro/libnds/lib\libfat.a(lock.o)
                0x0200b004                _FAT_lock_init
 .text._FAT_lock
                0x0200b008        0x4 C:/devkitPro/libnds/lib\libfat.a(lock.o)
                0x0200b008                _FAT_lock
 .text._FAT_unlock
                0x0200b00c        0x4 C:/devkitPro/libnds/lib\libfat.a(lock.o)
                0x0200b00c                _FAT_unlock
 .text._FAT_filetime_getTimeFromRTC
                0x0200b010       0x44 C:/devkitPro/libnds/lib\libfat.a(filetime.o)
                0x0200b010                _FAT_filetime_getTimeFromRTC
 .text._FAT_filetime_getDateFromRTC
                0x0200b054       0x44 C:/devkitPro/libnds/lib\libfat.a(filetime.o)
                0x0200b054                _FAT_filetime_getDateFromRTC
 .text._FAT_filetime_to_time_t
                0x0200b098       0x38 C:/devkitPro/libnds/lib\libfat.a(filetime.o)
                0x0200b098                _FAT_filetime_to_time_t
 .text._FAT_fat_writeFatEntry.part.0.isra.0
                0x0200b0d0      0x12c C:/devkitPro/libnds/lib\libfat.a(file_allocation_table.o)
 .text._FAT_fat_nextCluster
                0x0200b1fc      0x108 C:/devkitPro/libnds/lib\libfat.a(file_allocation_table.o)
                0x0200b1fc                _FAT_fat_nextCluster
 .text._FAT_fat_linkFreeCluster
                0x0200b304       0xac C:/devkitPro/libnds/lib\libfat.a(file_allocation_table.o)
                0x0200b304                _FAT_fat_linkFreeCluster
 .text._FAT_fat_linkFreeClusterCleared
                0x0200b3b0       0x68 C:/devkitPro/libnds/lib\libfat.a(file_allocation_table.o)
                0x0200b3b0                _FAT_fat_linkFreeClusterCleared
 .text._FAT_fat_clearLinks
                0x0200b418       0x7c C:/devkitPro/libnds/lib\libfat.a(file_allocation_table.o)
                0x0200b418                _FAT_fat_clearLinks
 .text._FAT_fat_trimChain
                0x0200b494       0x80 C:/devkitPro/libnds/lib\libfat.a(file_allocation_table.o)
                0x0200b494                _FAT_fat_trimChain
 .text._FAT_fat_lastCluster
                0x0200b514       0x34 C:/devkitPro/libnds/lib\libfat.a(file_allocation_table.o)
                0x0200b514                _FAT_fat_lastCluster
 .text._FAT_fat_freeClusterCount
                0x0200b548       0x2c C:/devkitPro/libnds/lib\libfat.a(file_allocation_table.o)
                0x0200b548                _FAT_fat_freeClusterCount
 .text.sinLutLookup
                0x0200b574       0x4c C:/devkitPro/libnds/lib\libnds9.a(trig.o)
                0x0200b574                sinLutLookup
 .text.sinLerp  0x0200b5c0       0x40 C:/devkitPro/libnds/lib\libnds9.a(trig.o)
                0x0200b5c0                sinLerp
 .text.cosLerp  0x0200b600       0x4c C:/devkitPro/libnds/lib\libnds9.a(trig.o)
                0x0200b600                cosLerp
 .text.tanLerp  0x0200b64c       0xb0 C:/devkitPro/libnds/lib\libnds9.a(trig.o)
                0x0200b64c                tanLerp
 .text.touchRead
                0x0200b6fc       0x24 C:/devkitPro/libnds/lib\libnds9.a(touch.o)
                0x0200b6fc                touchRead
 .text.newRow   0x0200b720       0xa8 C:/devkitPro/libnds/lib\libnds9.a(console.o)
 .text.consolePrintChar
                0x0200b7c8       0xe0 C:/devkitPro/libnds/lib\libnds9.a(console.o)
                0x0200b7c8                consolePrintChar
 .text.con_write
                0x0200b8a8      0x36c C:/devkitPro/libnds/lib\libnds9.a(console.o)
                0x0200b8a8                con_write
 .text.consoleLoadFont
                0x0200bc14      0x2a0 C:/devkitPro/libnds/lib\libnds9.a(console.o)
                0x0200bc14                consoleLoadFont
 .text.consoleInit
                0x0200beb4      0x18c C:/devkitPro/libnds/lib\libnds9.a(console.o)
                0x0200beb4                consoleInit
 .text.consoleDemoInit
                0x0200c040       0x40 C:/devkitPro/libnds/lib\libnds9.a(console.o)
                0x0200c040                consoleDemoInit
 .text.glRotatef32i
                0x0200c080      0x2b4 C:/devkitPro/libnds/lib\libnds9.a(videoGL.o)
                0x0200c080                glRotatef32i
 .text.glMaterialf
                0x0200c334       0x7c C:/devkitPro/libnds/lib\libnds9.a(videoGL.o)
                0x0200c334                glMaterialf
 .text.vramBlock_init
                0x0200c3b0       0x5c C:/devkitPro/libnds/lib\libnds9.a(videoGL.o)
                0x0200c3b0                vramBlock_init
 .text.glInit_C
                0x0200c40c      0x1cc C:/devkitPro/libnds/lib\libnds9.a(videoGL.o)
                0x0200c40c                glInit_C
 .text.glBindTexture
                0x0200c5d8       0x60 C:/devkitPro/libnds/lib\libnds9.a(videoGL.o)
                0x0200c5d8                glBindTexture
 .text.scanKeys
                0x0200c638       0x8c C:/devkitPro/libnds/lib\libnds9.a(keys.o)
                0x0200c638                scanKeys
 .text.keysHeld
                0x0200c6c4        0xc C:/devkitPro/libnds/lib\libnds9.a(keys.o)
                0x0200c6c4                keysHeld
 .text.dldiGetInternal
                0x0200c6d0       0x34 C:/devkitPro/libnds/lib\libnds9.a(dldi.o)
                0x0200c6d0                dldiGetInternal
 .text.get_io_dsisd
                0x0200c704       0x24 C:/devkitPro/libnds/lib\libnds9.a(dldi.o)
                0x0200c704                get_io_dsisd
 .text.__syscall_gettod_r
                0x0200c728       0x28 C:/devkitPro/libnds/lib\libnds9.a(initSystem.o)
                0x0200c728                __syscall_gettod_r
 .text.__syscall_exit
                0x0200c750        0x8 C:/devkitPro/libnds/lib\libnds9.a(initSystem.o)
                0x0200c750                __syscall_exit
 .text.initSystem
                0x0200c758      0x180 C:/devkitPro/libnds/lib\libnds9.a(initSystem.o)
                0x0200c758                initSystem
 .text.irqDummy
                0x0200c8d8        0x4 C:/devkitPro/libnds/lib\libnds9.a(interrupts.o)
                0x0200c8d8                irqDummy
 .text.irqSet   0x0200c8dc       0x6c C:/devkitPro/libnds/lib\libnds9.a(interrupts.o)
                0x0200c8dc                irqSet
 .text.irqInit  0x0200c948       0x50 C:/devkitPro/libnds/lib\libnds9.a(interrupts.o)
                0x0200c948                irqInit
 .text.irqEnable
                0x0200c998       0x64 C:/devkitPro/libnds/lib\libnds9.a(interrupts.o)
                0x0200c998                irqEnable
 .text.systemErrorExit
                0x0200c9fc        0x4 C:/devkitPro/libnds/lib\libnds9.a(libnds_exit.arm.o)
                0x0200c9fc                systemErrorExit
 .text.__libnds_exit
                0x0200ca00       0x5c C:/devkitPro/libnds/lib\libnds9.a(libnds_exit.arm.o)
                0x0200ca00                __libnds_exit
 .text.cardPolledTransfer
                0x0200ca5c       0x54 C:/devkitPro/libnds/lib\libnds9.a(card.o)
                0x0200ca5c                cardPolledTransfer
 .text.cardParamCommand
                0x0200cab0       0x34 C:/devkitPro/libnds/lib\libnds9.a(card.o)
                0x0200cab0                cardParamCommand
 .text.fifo_queueBlock
                0x0200cae4       0x44 C:/devkitPro/libnds/lib\libnds9.a(fifosystem.o)
 .text.fifo_waitBlock
                0x0200cb28       0x80 C:/devkitPro/libnds/lib\libnds9.a(fifosystem.o)
 .text.fifoInternalSend.part.0
                0x0200cba8       0xd4 C:/devkitPro/libnds/lib\libnds9.a(fifosystem.o)
 .text.fifoInternalSendInterrupt
                0x0200cc7c       0xb0 C:/devkitPro/libnds/lib\libnds9.a(fifosystem.o)
 .text.fifoSetValue32Handler
                0x0200cd2c       0xd4 C:/devkitPro/libnds/lib\libnds9.a(fifosystem.o)
                0x0200cd2c                fifoSetValue32Handler
 .text.fifoSendValue32
                0x0200ce00       0x4c C:/devkitPro/libnds/lib\libnds9.a(fifosystem.o)
                0x0200ce00                fifoSendValue32
 .text.fifoSendDatamsg
                0x0200ce4c       0x90 C:/devkitPro/libnds/lib\libnds9.a(fifosystem.o)
                0x0200ce4c                fifoSendDatamsg
 .text.fifoGetValue32
                0x0200cedc       0x70 C:/devkitPro/libnds/lib\libnds9.a(fifosystem.o)
                0x0200cedc                fifoGetValue32
 .text.fifoGetDatamsg
                0x0200cf4c       0xf4 C:/devkitPro/libnds/lib\libnds9.a(fifosystem.o)
                0x0200cf4c                fifoGetDatamsg
 .text.fifoInternalRecvInterrupt
                0x0200d040      0x37c C:/devkitPro/libnds/lib\libnds9.a(fifosystem.o)
 .text.fifoSetDatamsgHandler
                0x0200d3bc       0x9c C:/devkitPro/libnds/lib\libnds9.a(fifosystem.o)
                0x0200d3bc                fifoSetDatamsgHandler
 .text.fifoCheckValue32
                0x0200d458       0x24 C:/devkitPro/libnds/lib\libnds9.a(fifosystem.o)
                0x0200d458                fifoCheckValue32
 .text.fifoInit
                0x0200d47c      0x108 C:/devkitPro/libnds/lib\libnds9.a(fifosystem.o)
                0x0200d47c                fifoInit
 .text.__libnds_mpu_setup
                0x0200d584      0x174 C:/devkitPro/libnds/lib\libnds9.a(mpu_setup.o)
                0x0200d584                __libnds_mpu_setup
 .text.memUncached
                0x0200d6f8       0x20 C:/devkitPro/libnds/lib\libnds9.a(mpu_setup.o)
                0x0200d6f8                memUncached
 .text.swiIntrWait
                0x0200d718       0x70 C:/devkitPro/libnds/lib\libnds9.a(IntrWait.o)
                0x0200d718                swiIntrWait
 .text.setCpuClock
                0x0200d788       0x50 C:/devkitPro/libnds/lib\libnds9.a(cpu_clock.o)
                0x0200d788                setCpuClock
 .text.swiDelay
                0x0200d7d8        0x4 C:/devkitPro/libnds/lib\libnds9.a(biosCalls.o)
                0x0200d7d8                swiDelay
 .text.swiSoftReset
                0x0200d7dc       0x2c C:/devkitPro/libnds/lib\libnds9.a(swiSoftReset.o)
                0x0200d7dc                swiSoftReset
 .text.checkIfText
                0x0200d808       0x5c C:/devkitPro/libnds/lib\libnds9.a(background.o)
                0x0200d808                checkIfText
 .text.bgUpdate
                0x0200d864       0xf4 C:/devkitPro/libnds/lib\libnds9.a(background.o)
                0x0200d864                bgUpdate
 .text.bgInit_call
                0x0200d958       0xc4 C:/devkitPro/libnds/lib\libnds9.a(background.o)
                0x0200d958                bgInit_call
 .text.bgInitSub_call
                0x0200da1c       0xcc C:/devkitPro/libnds/lib\libnds9.a(background.o)
                0x0200da1c                bgInitSub_call
 .text.DynamicArrayInit
                0x0200dae8       0x18 C:/devkitPro/libnds/lib\libnds9.a(dynamicArray.o)
                0x0200dae8                DynamicArrayInit
 .text.DynamicArrayGet
                0x0200db00       0x18 C:/devkitPro/libnds/lib\libnds9.a(dynamicArray.o)
                0x0200db00                DynamicArrayGet
 .text.DynamicArraySet
                0x0200db18       0x48 C:/devkitPro/libnds/lib\libnds9.a(dynamicArray.o)
                0x0200db18                DynamicArraySet
 .text.vramDefault
                0x0200db60       0xd0 C:/devkitPro/libnds/lib\libnds9.a(video.o)
                0x0200db60                vramDefault
 .text.systemValueHandler
                0x0200dc30       0x48 C:/devkitPro/libnds/lib\libnds9.a(system.o)
                0x0200dc30                systemValueHandler
 .text.systemMsgHandler
                0x0200dc78       0x60 C:/devkitPro/libnds/lib\libnds9.a(system.o)
                0x0200dc78                systemMsgHandler
 .text.powerOn  0x0200dcd8       0x2c C:/devkitPro/libnds/lib\libnds9.a(system.o)
                0x0200dcd8                powerOn
 .text.DC_FlushRange
                0x0200dd04       0x24 C:/devkitPro/libnds/lib\libnds9.a(dcache.o)
                0x0200dd04                DC_FlushRange
 .text.__muldi3
                0x0200dd28       0x64 C:/devkitPro/devkitARM/bin/../lib/gcc/arm-none-eabi/13.2.0/thumb\libgcc.a(_muldi3.o)
                0x0200dd28                __muldi3
                0x0200dd28                __aeabi_lmul
 .text.__udivmoddi4
                0x0200dd8c      0x19c C:/devkitPro/devkitARM/bin/../lib/gcc/arm-none-eabi/13.2.0/thumb\libgcc.a(_udivmoddi4.o)
                0x0200dd8c                __udivmoddi4
 .text.towlower
                0x0200df28       0x10 C:/devkitPro/devkitARM/bin/../lib/gcc/arm-none-eabi/13.2.0/../../../../arm-none-eabi/lib/thumb\libg.a(libc_a-towlower.o)
                0x0200df28                towlower
 .text._mbrtowc_r
                0x0200df38       0x90 C:/devkitPro/devkitARM/bin/../lib/gcc/arm-none-eabi/13.2.0/../../../../arm-none-eabi/lib/thumb\libg.a(libc_a-mbrtowc.o)
                0x0200df38                _mbrtowc_r
 .text.mbrtowc  0x0200dfc8       0x94 C:/devkitPro/devkitARM/bin/../lib/gcc/arm-none-eabi/13.2.0/../../../../arm-none-eabi/lib/thumb\libg.a(libc_a-mbrtowc.o)
                0x0200dfc8                mbrtowc
 .text._wcrtomb_r
                0x0200e05c       0x84 C:/devkitPro/devkitARM/bin/../lib/gcc/arm-none-eabi/13.2.0/../../../../arm-none-eabi/lib/thumb\libg.a(libc_a-wcrtomb.o)
                0x0200e05c                _wcrtomb_r
 .text.wcrtomb  0x0200e0e0       0x88 C:/devkitPro/devkitARM/bin/../lib/gcc/arm-none-eabi/13.2.0/../../../../arm-none-eabi/lib/thumb\libg.a(libc_a-wcrtomb.o)
                0x0200e0e0                wcrtomb
 .text.towupper
                0x0200e168       0x10 C:/devkitPro/devkitARM/bin/../lib/gcc/arm-none-eabi/13.2.0/../../../../arm-none-eabi/lib/thumb\libg.a(libc_a-towupper.o)
                0x0200e168                towupper
 .text.printf   0x0200e178       0x24 C:/devkitPro/devkitARM/bin/../lib/gcc/arm-none-eabi/13.2.0/../../../../arm-none-eabi/lib/thumb\libg.a(libc_a-printf.o)
                0x0200e178                printf
 .text.mbsrtowcs
                0x0200e19c       0x28 C:/devkitPro/devkitARM/bin/../lib/gcc/arm-none-eabi/13.2.0/../../../../arm-none-eabi/lib/thumb\libg.a(libc_a-mbsrtowcs.o)
                0x0200e19c                mbsrtowcs
 .text.wctob    0x0200e1c4       0x58 C:/devkitPro/devkitARM/bin/../lib/gcc/arm-none-eabi/13.2.0/../../../../arm-none-eabi/lib/thumb\libg.a(libc_a-wctob.o)
                0x0200e1c4                wctob
 .text.towctrans
                0x0200e21c       0x28 C:/devkitPro/devkitARM/bin/../lib/gcc/arm-none-eabi/13.2.0/../../../../arm-none-eabi/lib/thumb\libg.a(libc_a-towctrans.o)
                0x0200e21c                towctrans
 .text._puts_r  0x0200e244       0x88 C:/devkitPro/devkitARM/bin/../lib/gcc/arm-none-eabi/13.2.0/../../../../arm-none-eabi/lib/thumb\libg.a(libc_a-puts.o)
                0x0200e244                _puts_r
 .text.puts     0x0200e2cc       0x14 C:/devkitPro/devkitARM/bin/../lib/gcc/arm-none-eabi/13.2.0/../../../../arm-none-eabi/lib/thumb\libg.a(libc_a-puts.o)
                0x0200e2cc                puts
 .text.siscanf  0x0200e2e0       0x4c C:/devkitPro/devkitARM/bin/../lib/gcc/arm-none-eabi/13.2.0/../../../../arm-none-eabi/lib/thumb\libg.a(libc_a-siscanf.o)
                0x0200e2e0                siscanf
 .text.calloc   0x0200e32c       0x18 C:/devkitPro/devkitARM/bin/../lib/gcc/arm-none-eabi/13.2.0/../../../../arm-none-eabi/lib/thumb\libg.a(libc_a-calloc.o)
                0x0200e32c                calloc
 .text._calloc_r
                0x0200e344       0xb8 C:/devkitPro/devkitARM/bin/../lib/gcc/arm-none-eabi/13.2.0/../../../../arm-none-eabi/lib/thumb\libg.a(libc_a-callocr.o)
                0x0200e344                _calloc_r
 .text.setvbuf  0x0200e3fc      0x1a4 C:/devkitPro/devkitARM/bin/../lib/gcc/arm-none-eabi/13.2.0/../../../../arm-none-eabi/lib/thumb\libg.a(libc_a-setvbuf.o)
                0x0200e3fc                setvbuf
 .text.get_arg  0x0200e5a0       0x3e C:/devkitPro/devkitARM/bin/../lib/gcc/arm-none-eabi/13.2.0/../../../../arm-none-eabi/lib/thumb\libg.a(libc_a-svfiscanf.o)
 .text._sungetc_r
                0x0200e5de       0x7e C:/devkitPro/devkitARM/bin/../lib/gcc/arm-none-eabi/13.2.0/../../../../arm-none-eabi/lib/thumb\libg.a(libc_a-svfiscanf.o)
                0x0200e5de                _sungetc_r
 .text.__ssrefill_r
                0x0200e65c       0x42 C:/devkitPro/devkitARM/bin/../lib/gcc/arm-none-eabi/13.2.0/../../../../arm-none-eabi/lib/thumb\libg.a(libc_a-svfiscanf.o)
                0x0200e65c                __ssrefill_r
 .text._sfread_r
                0x0200e69e       0x88 C:/devkitPro/devkitARM/bin/../lib/gcc/arm-none-eabi/13.2.0/../../../../arm-none-eabi/lib/thumb\libg.a(libc_a-svfiscanf.o)
                0x0200e69e                _sfread_r
 *fill*         0x0200e726        0x2 ff
 .text.__ssvfiscanf_r
                0x0200e728     0x1ac4 C:/devkitPro/devkitARM/bin/../lib/gcc/arm-none-eabi/13.2.0/../../../../arm-none-eabi/lib/thumb\libg.a(libc_a-svfiscanf.o)
                0x0200e728                __ssvfiscanf_r
 .text._malloc_trim_r
                0x020101ec       0xac C:/devkitPro/devkitARM/bin/../lib/gcc/arm-none-eabi/13.2.0/../../../../arm-none-eabi/lib/thumb\libg.a(libc_a-freer.o)
                0x020101ec                _malloc_trim_r
 .text._free_r  0x02010298      0x1d8 C:/devkitPro/devkitARM/bin/../lib/gcc/arm-none-eabi/13.2.0/../../../../arm-none-eabi/lib/thumb\libg.a(libc_a-freer.o)
                0x02010298                _free_r
 .text.strchr   0x02010470       0xc8 C:/devkitPro/devkitARM/bin/../lib/gcc/arm-none-eabi/13.2.0/../../../../arm-none-eabi/lib/thumb\libg.a(libc_a-strchr.o)
                0x02010470                strchr
 .text.memcmp   0x02010538       0x4c C:/devkitPro/devkitARM/bin/../lib/gcc/arm-none-eabi/13.2.0/../../../../arm-none-eabi/lib/thumb\libg.a(libc_a-memcmp.o)
                0x02010538                memcmp
 .text._fclose_r
                0x02010584       0xd8 C:/devkitPro/devkitARM/bin/../lib/gcc/arm-none-eabi/13.2.0/../../../../arm-none-eabi/lib/thumb\libg.a(libc_a-fclose.o)
                0x02010584                _fclose_r
 .text.fclose   0x0201065c       0x14 C:/devkitPro/devkitARM/bin/../lib/gcc/arm-none-eabi/13.2.0/../../../../arm-none-eabi/lib/thumb\libg.a(libc_a-fclose.o)
                0x0201065c                fclose
 .text.malloc   0x02010670       0x14 C:/devkitPro/devkitARM/bin/../lib/gcc/arm-none-eabi/13.2.0/../../../../arm-none-eabi/lib/thumb\libg.a(libc_a-malloc.o)
                0x02010670                malloc
 .text.free     0x02010684       0x14 C:/devkitPro/devkitARM/bin/../lib/gcc/arm-none-eabi/13.2.0/../../../../arm-none-eabi/lib/thumb\libg.a(libc_a-malloc.o)
                0x02010684                free
 .text._malloc_r
                0x02010698      0x558 C:/devkitPro/devkitARM/bin/../lib/gcc/arm-none-eabi/13.2.0/../../../../arm-none-eabi/lib/thumb\libg.a(libc_a-mallocr.o)
                0x02010698                _malloc_r
 .text.memmove  0x02010bf0       0xbc C:/devkitPro/devkitARM/bin/../lib/gcc/arm-none-eabi/13.2.0/../../../../arm-none-eabi/lib/thumb\libg.a(libc_a-memmove.o)
                0x02010bf0                memmove
 .text.memset   0x02010cac       0xb0 C:/devkitPro/devkitARM/bin/../lib/gcc/arm-none-eabi/13.2.0/../../../../arm-none-eabi/lib/thumb\libg.a(libc_a-memset.o)
                0x02010cac                memset
 .text.__malloc_lock
                0x02010d5c       0x14 C:/devkitPro/devkitARM/bin/../lib/gcc/arm-none-eabi/13.2.0/../../../../arm-none-eabi/lib/thumb\libg.a(libc_a-mlock.o)
                0x02010d5c                __malloc_lock
 .text.__malloc_unlock
                0x02010d70       0x14 C:/devkitPro/devkitARM/bin/../lib/gcc/arm-none-eabi/13.2.0/../../../../arm-none-eabi/lib/thumb\libg.a(libc_a-mlock.o)
                0x02010d70                __malloc_unlock
 .text.get_arg  0x02010d84      0x434 C:/devkitPro/devkitARM/bin/../lib/gcc/arm-none-eabi/13.2.0/../../../../arm-none-eabi/lib/thumb\libg.a(libc_a-vfprintf.o)
 .text._vfprintf_r
                0x020111b8     0x2388 C:/devkitPro/devkitARM/bin/../lib/gcc/arm-none-eabi/13.2.0/../../../../arm-none-eabi/lib/thumb\libg.a(libc_a-vfprintf.o)
                0x020111b8                _vfprintf_r
 .text.__sbprintf
                0x02013540       0x7c C:/devkitPro/devkitARM/bin/../lib/gcc/arm-none-eabi/13.2.0/../../../../arm-none-eabi/lib/thumb\libg.a(libc_a-vfprintf.o)
 .text.strlen   0x020135bc       0x60 C:/devkitPro/devkitARM/bin/../lib/gcc/arm-none-eabi/13.2.0/../../../../arm-none-eabi/lib/thumb\libg.a(libc_a-strlen.o)
                0x020135bc                strlen
 .text._fopen_r
                0x0201361c       0xb8 C:/devkitPro/devkitARM/bin/../lib/gcc/arm-none-eabi/13.2.0/../../../../arm-none-eabi/lib/thumb\libg.a(libc_a-fopen.o)
                0x0201361c                _fopen_r
 .text.fopen    0x020136d4       0x18 C:/devkitPro/devkitARM/bin/../lib/gcc/arm-none-eabi/13.2.0/../../../../arm-none-eabi/lib/thumb\libg.a(libc_a-fopen.o)
                0x020136d4                fopen
 .text.__sflush_r
                0x020136ec      0x188 C:/devkitPro/devkitARM/bin/../lib/gcc/arm-none-eabi/13.2.0/../../../../arm-none-eabi/lib/thumb\libg.a(libc_a-fflush.o)
                0x020136ec                __sflush_r
 .text._fflush_r
                0x02013874       0x70 C:/devkitPro/devkitARM/bin/../lib/gcc/arm-none-eabi/13.2.0/../../../../arm-none-eabi/lib/thumb\libg.a(libc_a-fflush.o)
                0x02013874                _fflush_r
 .text.strpbrk  0x020138e4       0x4c C:/devkitPro/devkitARM/bin/../lib/gcc/arm-none-eabi/13.2.0/../../../../arm-none-eabi/lib/thumb\libg.a(libc_a-strpbrk.o)
                0x020138e4                strpbrk
 .text.strdup   0x02013930       0x14 C:/devkitPro/devkitARM/bin/../lib/gcc/arm-none-eabi/13.2.0/../../../../arm-none-eabi/lib/thumb\libg.a(libc_a-strdup.o)
                0x02013930                strdup
 .text.strcasecmp
                0x02013944       0x48 C:/devkitPro/devkitARM/bin/../lib/gcc/arm-none-eabi/13.2.0/../../../../arm-none-eabi/lib/thumb\libg.a(libc_a-strcasecmp.o)
                0x02013944                strcasecmp
 .text.strrchr  0x0201398c       0x30 C:/devkitPro/devkitARM/bin/../lib/gcc/arm-none-eabi/13.2.0/../../../../arm-none-eabi/lib/thumb\libg.a(libc_a-strrchr.o)
                0x0201398c                strrchr
 .text.strncasecmp
                0x020139bc       0x54 C:/devkitPro/devkitARM/bin/../lib/gcc/arm-none-eabi/13.2.0/../../../../arm-none-eabi/lib/thumb\libg.a(libc_a-strncasecmp.o)
                0x020139bc                strncasecmp
 .text._strdup_r
                0x02013a10       0x2c C:/devkitPro/devkitARM/bin/../lib/gcc/arm-none-eabi/13.2.0/../../../../arm-none-eabi/lib/thumb\libg.a(libc_a-strdup_r.o)
                0x02013a10                _strdup_r
 .text.ftell    0x02013a3c       0x24 C:/devkitPro/devkitARM/bin/../lib/gcc/arm-none-eabi/13.2.0/../../../../arm-none-eabi/lib/thumb\libg.a(libc_a-ftell.o)
                0x02013a3c                ftell
 .text.__sfvwrite_r
                0x02013a60      0x330 C:/devkitPro/devkitARM/bin/../lib/gcc/arm-none-eabi/13.2.0/../../../../arm-none-eabi/lib/thumb\libg.a(libc_a-fvwrite.o)
                0x02013a60                __sfvwrite_r
 .text.strncmp  0x02013d90       0x78 C:/devkitPro/devkitARM/bin/../lib/gcc/arm-none-eabi/13.2.0/../../../../arm-none-eabi/lib/thumb\libg.a(libc_a-strncmp.o)
                0x02013d90                strncmp
 .text._fwalk_sglue
                0x02013e08       0x4c C:/devkitPro/devkitARM/bin/../lib/gcc/arm-none-eabi/13.2.0/../../../../arm-none-eabi/lib/thumb\libg.a(libc_a-fwalk.o)
                0x02013e08                _fwalk_sglue
 .text._fread_r
                0x02013e54      0x224 C:/devkitPro/devkitARM/bin/../lib/gcc/arm-none-eabi/13.2.0/../../../../arm-none-eabi/lib/thumb\libg.a(libc_a-fread.o)
                0x02013e54                _fread_r
 .text.fread    0x02014078       0x24 C:/devkitPro/devkitARM/bin/../lib/gcc/arm-none-eabi/13.2.0/../../../../arm-none-eabi/lib/thumb\libg.a(libc_a-fread.o)
                0x02014078                fread
 .text._realloc_r
                0x0201409c      0x384 C:/devkitPro/devkitARM/bin/../lib/gcc/arm-none-eabi/13.2.0/../../../../arm-none-eabi/lib/thumb\libg.a(libc_a-reallocr.o)
                0x0201409c                _realloc_r
 .text.strncpy  0x02014420       0x68 C:/devkitPro/devkitARM/bin/../lib/gcc/arm-none-eabi/13.2.0/../../../../arm-none-eabi/lib/thumb\libg.a(libc_a-strncpy.o)
                0x02014420                strncpy
 .text.stdio_exit_handler
                0x02014488       0x20 C:/devkitPro/devkitARM/bin/../lib/gcc/arm-none-eabi/13.2.0/../../../../arm-none-eabi/lib/thumb\libg.a(libc_a-findfp.o)
 .text.cleanup_stdio
                0x020144a8       0x40 C:/devkitPro/devkitARM/bin/../lib/gcc/arm-none-eabi/13.2.0/../../../../arm-none-eabi/lib/thumb\libg.a(libc_a-findfp.o)
 .text.global_stdio_init.part.0
                0x020144e8      0x128 C:/devkitPro/devkitARM/bin/../lib/gcc/arm-none-eabi/13.2.0/../../../../arm-none-eabi/lib/thumb\libg.a(libc_a-findfp.o)
 .text.__sfp    0x02014610       0xcc C:/devkitPro/devkitARM/bin/../lib/gcc/arm-none-eabi/13.2.0/../../../../arm-none-eabi/lib/thumb\libg.a(libc_a-findfp.o)
                0x02014610                __sfp
 .text.__sinit  0x020146dc       0x3c C:/devkitPro/devkitARM/bin/../lib/gcc/arm-none-eabi/13.2.0/../../../../arm-none-eabi/lib/thumb\libg.a(libc_a-findfp.o)
                0x020146dc                __sinit
 .text.__sfp_lock_acquire
                0x02014718       0x14 C:/devkitPro/devkitARM/bin/../lib/gcc/arm-none-eabi/13.2.0/../../../../arm-none-eabi/lib/thumb\libg.a(libc_a-findfp.o)
                0x02014718                __sfp_lock_acquire
 .text.__sfp_lock_release
                0x0201472c       0x14 C:/devkitPro/devkitARM/bin/../lib/gcc/arm-none-eabi/13.2.0/../../../../arm-none-eabi/lib/thumb\libg.a(libc_a-findfp.o)
                0x0201472c                __sfp_lock_release
 .text.localtime_r
                0x02014740      0x228 C:/devkitPro/devkitARM/bin/../lib/gcc/arm-none-eabi/13.2.0/../../../../arm-none-eabi/lib/thumb\libg.a(libc_a-lcltime_r.o)
                0x02014740                localtime_r
 .text.strnlen  0x02014968       0x28 C:/devkitPro/devkitARM/bin/../lib/gcc/arm-none-eabi/13.2.0/../../../../arm-none-eabi/lib/thumb\libg.a(libc_a-strnlen.o)
                0x02014968                strnlen
 .text._tzset_unlocked
                0x02014990       0x10 C:/devkitPro/devkitARM/bin/../lib/gcc/arm-none-eabi/13.2.0/../../../../arm-none-eabi/lib/thumb\libg.a(libc_a-tzset.o)
                0x02014990                _tzset_unlocked
 .text.validate_structure
                0x020149a0      0x1d4 C:/devkitPro/devkitARM/bin/../lib/gcc/arm-none-eabi/13.2.0/../../../../arm-none-eabi/lib/thumb\libg.a(libc_a-mktime.o)
 .text.mktime   0x02014b74      0x428 C:/devkitPro/devkitARM/bin/../lib/gcc/arm-none-eabi/13.2.0/../../../../arm-none-eabi/lib/thumb\libg.a(libc_a-mktime.o)
                0x02014b74                mktime
 .text._fseek_r
                0x02014f9c       0x18 C:/devkitPro/devkitARM/bin/../lib/gcc/arm-none-eabi/13.2.0/../../../../arm-none-eabi/lib/thumb\libg.a(libc_a-fseek.o)
                0x02014f9c                _fseek_r
 .text.fseek    0x02014fb4       0x24 C:/devkitPro/devkitARM/bin/../lib/gcc/arm-none-eabi/13.2.0/../../../../arm-none-eabi/lib/thumb\libg.a(libc_a-fseek.o)
                0x02014fb4                fseek
 .text._tzset_unlocked_r
                0x02014fd8      0x4b8 C:/devkitPro/devkitARM/bin/../lib/gcc/arm-none-eabi/13.2.0/../../../../arm-none-eabi/lib/thumb\libg.a(libc_a-tzset_r.o)
                0x02014fd8                _tzset_unlocked_r
 .text._strtol_l.part.0
                0x02015490      0x13c C:/devkitPro/devkitARM/bin/../lib/gcc/arm-none-eabi/13.2.0/../../../../arm-none-eabi/lib/thumb\libg.a(libc_a-strtol.o)
 .text._strtol_r
                0x020155cc       0x34 C:/devkitPro/devkitARM/bin/../lib/gcc/arm-none-eabi/13.2.0/../../../../arm-none-eabi/lib/thumb\libg.a(libc_a-strtol.o)
                0x020155cc                _strtol_r
 .text.realloc  0x02015600       0x18 C:/devkitPro/devkitARM/bin/../lib/gcc/arm-none-eabi/13.2.0/../../../../arm-none-eabi/lib/thumb\libg.a(libc_a-realloc.o)
                0x02015600                realloc
 .text.__gettzinfo
                0x02015618        0x8 C:/devkitPro/devkitARM/bin/../lib/gcc/arm-none-eabi/13.2.0/../../../../arm-none-eabi/lib/thumb\libg.a(libc_a-gettzinfo.o)
                0x02015618                __gettzinfo
 .text._strtoul_l.isra.0
                0x02015620      0x144 C:/devkitPro/devkitARM/bin/../lib/gcc/arm-none-eabi/13.2.0/../../../../arm-none-eabi/lib/thumb\libg.a(libc_a-strtoul.o)
 .text._strtoul_r
                0x02015764       0x20 C:/devkitPro/devkitARM/bin/../lib/gcc/arm-none-eabi/13.2.0/../../../../arm-none-eabi/lib/thumb\libg.a(libc_a-strtoul.o)
                0x02015764                _strtoul_r
 .text.strtoul  0x02015784       0x24 C:/devkitPro/devkitARM/bin/../lib/gcc/arm-none-eabi/13.2.0/../../../../arm-none-eabi/lib/thumb\libg.a(libc_a-strtoul.o)
                0x02015784                strtoul
 .text.__locale_mb_cur_max
                0x020157a8       0x20 C:/devkitPro/devkitARM/bin/../lib/gcc/arm-none-eabi/13.2.0/../../../../arm-none-eabi/lib/thumb\libg.a(libc_a-locale.o)
                0x020157a8                __locale_mb_cur_max
 .text.time     0x020157c8       0x38 C:/devkitPro/devkitARM/bin/../lib/gcc/arm-none-eabi/13.2.0/../../../../arm-none-eabi/lib/thumb\libg.a(libc_a-time.o)
                0x020157c8                time
 .text._localeconv_r
                0x02015800       0x1c C:/devkitPro/devkitARM/bin/../lib/gcc/arm-none-eabi/13.2.0/../../../../arm-none-eabi/lib/thumb\libg.a(libc_a-localeconv.o)
                0x02015800                _localeconv_r
 .text.__tzcalc_limits
                0x0201581c      0x1b4 C:/devkitPro/devkitARM/bin/../lib/gcc/arm-none-eabi/13.2.0/../../../../arm-none-eabi/lib/thumb\libg.a(libc_a-tzcalc_limits.o)
                0x0201581c                __tzcalc_limits
 .text.strcpy   0x020159d0       0x10 C:/devkitPro/devkitARM/bin/../lib/gcc/arm-none-eabi/13.2.0/../../../../arm-none-eabi/lib/thumb\libg.a(libc_a-strcpy.o)
                0x020159d0                strcpy
 .text.memchr   0x020159e0       0x78 C:/devkitPro/devkitARM/bin/../lib/gcc/arm-none-eabi/13.2.0/../../../../arm-none-eabi/lib/thumb\libg.a(libc_a-memchr-stub.o)
                0x020159e0                memchr
 .text.__utf8_wctomb
                0x02015a58       0xb4 C:/devkitPro/devkitARM/bin/../lib/gcc/arm-none-eabi/13.2.0/../../../../arm-none-eabi/lib/thumb\libg.a(libc_a-wctomb_r.o)
                0x02015a58                __utf8_wctomb
 .text.memcpy   0x02015b0c       0x90 C:/devkitPro/devkitARM/bin/../lib/gcc/arm-none-eabi/13.2.0/../../../../arm-none-eabi/lib/thumb\libg.a(libc_a-memcpy-stub.o)
                0x02015b0c                memcpy
 .text.stpcpy   0x02015b9c       0x4c C:/devkitPro/devkitARM/bin/../lib/gcc/arm-none-eabi/13.2.0/../../../../arm-none-eabi/lib/thumb\libg.a(libc_a-stpcpy.o)
                0x02015b9c                stpcpy
 .text.__libc_init_array
                0x02015be8       0x54 C:/devkitPro/devkitARM/bin/../lib/gcc/arm-none-eabi/13.2.0/../../../../arm-none-eabi/lib/thumb\libg.a(libc_a-init.o)
                0x02015be8                __libc_init_array
 .text.__errno  0x02015c3c        0xc C:/devkitPro/devkitARM/bin/../lib/gcc/arm-none-eabi/13.2.0/../../../../arm-none-eabi/lib/thumb\libg.a(libc_a-errno.o)
                0x02015c3c                __errno
 .text.lseek    0x02015c48       0x24 C:/devkitPro/devkitARM/bin/../lib/gcc/arm-none-eabi/13.2.0/../../../../arm-none-eabi/lib/thumb\libg.a(libc_a-syslseek.o)
                0x02015c48                lseek
 .text.open     0x02015c6c       0x28 C:/devkitPro/devkitARM/bin/../lib/gcc/arm-none-eabi/13.2.0/../../../../arm-none-eabi/lib/thumb\libg.a(libc_a-sysopen.o)
                0x02015c6c                open
 .text.read     0x02015c94       0x1c C:/devkitPro/devkitARM/bin/../lib/gcc/arm-none-eabi/13.2.0/../../../../arm-none-eabi/lib/thumb\libg.a(libc_a-sysread.o)
                0x02015c94                read
 .text.frexp    0x02015cb0       0x6c C:/devkitPro/devkitARM/bin/../lib/gcc/arm-none-eabi/13.2.0/../../../../arm-none-eabi/lib/thumb\libg.a(libm_a-s_frexp.o)
                0x02015cb0                frexp
 .text._strtoll_l.isra.0
                0x02015d1c      0x19c C:/devkitPro/devkitARM/bin/../lib/gcc/arm-none-eabi/13.2.0/../../../../arm-none-eabi/lib/thumb\libg.a(libc_a-strtoll.o)
 .text._strtoll_r
                0x02015eb8       0x20 C:/devkitPro/devkitARM/bin/../lib/gcc/arm-none-eabi/13.2.0/../../../../arm-none-eabi/lib/thumb\libg.a(libc_a-strtoll.o)
                0x02015eb8                _strtoll_r
 .text._strtoull_l.isra.0
                0x02015ed8      0x1c4 C:/devkitPro/devkitARM/bin/../lib/gcc/arm-none-eabi/13.2.0/../../../../arm-none-eabi/lib/thumb\libg.a(libc_a-strtoull.o)
 .text._strtoull_r
                0x0201609c       0x20 C:/devkitPro/devkitARM/bin/../lib/gcc/arm-none-eabi/13.2.0/../../../../arm-none-eabi/lib/thumb\libg.a(libc_a-strtoull.o)
                0x0201609c                _strtoull_r
 .text.towctrans_l
                0x020160bc      0x188 C:/devkitPro/devkitARM/bin/../lib/gcc/arm-none-eabi/13.2.0/../../../../arm-none-eabi/lib/thumb\libg.a(libc_a-towctrans_l.o)
                0x020160bc                towctrans_l
 .text.iswspace
                0x02016244       0x10 C:/devkitPro/devkitARM/bin/../lib/gcc/arm-none-eabi/13.2.0/../../../../arm-none-eabi/lib/thumb\libg.a(libc_a-iswspace.o)
                0x02016244                iswspace
 .text.__smakebuf_r
                0x02016254       0xe8 C:/devkitPro/devkitARM/bin/../lib/gcc/arm-none-eabi/13.2.0/../../../../arm-none-eabi/lib/thumb\libg.a(libc_a-makebuf.o)
                0x02016254                __smakebuf_r
 .text.__swhatbuf_r
                0x0201633c       0x5c C:/devkitPro/devkitARM/bin/../lib/gcc/arm-none-eabi/13.2.0/../../../../arm-none-eabi/lib/thumb\libg.a(libc_a-makebuf.o)
                0x0201633c                __swhatbuf_r
 .text.iswspace_l
                0x02016398       0x28 C:/devkitPro/devkitARM/bin/../lib/gcc/arm-none-eabi/13.2.0/../../../../arm-none-eabi/lib/thumb\libg.a(libc_a-iswspace_l.o)
                0x02016398                iswspace_l
 .text._mbsnrtowcs_r
                0x020163c0       0xb8 C:/devkitPro/devkitARM/bin/../lib/gcc/arm-none-eabi/13.2.0/../../../../arm-none-eabi/lib/thumb\libg.a(libc_a-mbsnrtowcs.o)
                0x020163c0                _mbsnrtowcs_r
 .text._wcsrtombs_r
                0x02016478       0x1c C:/devkitPro/devkitARM/bin/../lib/gcc/arm-none-eabi/13.2.0/../../../../arm-none-eabi/lib/thumb\libg.a(libc_a-wcsrtombs.o)
                0x02016478                _wcsrtombs_r
 .text.__sccl   0x02016494       0xa0 C:/devkitPro/devkitARM/bin/../lib/gcc/arm-none-eabi/13.2.0/../../../../arm-none-eabi/lib/thumb\libg.a(libc_a-sccl.o)
                0x02016494                __sccl
 .text.lflush   0x02016534       0x24 C:/devkitPro/devkitARM/bin/../lib/gcc/arm-none-eabi/13.2.0/../../../../arm-none-eabi/lib/thumb\libg.a(libc_a-refill.o)
 .text.__srefill_r
                0x02016558      0x10c C:/devkitPro/devkitARM/bin/../lib/gcc/arm-none-eabi/13.2.0/../../../../arm-none-eabi/lib/thumb\libg.a(libc_a-refill.o)
                0x02016558                __srefill_r
 .text.__submore
                0x02016664       0x88 C:/devkitPro/devkitARM/bin/../lib/gcc/arm-none-eabi/13.2.0/../../../../arm-none-eabi/lib/thumb\libg.a(libc_a-ungetc.o)
                0x02016664                __submore
 .text.__sread  0x020166ec       0x34 C:/devkitPro/devkitARM/bin/../lib/gcc/arm-none-eabi/13.2.0/../../../../arm-none-eabi/lib/thumb\libg.a(libc_a-stdio.o)
                0x020166ec                __sread
 .text.__seofread
                0x02016720        0x4 C:/devkitPro/devkitARM/bin/../lib/gcc/arm-none-eabi/13.2.0/../../../../arm-none-eabi/lib/thumb\libg.a(libc_a-stdio.o)
                0x02016720                __seofread
 .text.__swrite
                0x02016724       0x4c C:/devkitPro/devkitARM/bin/../lib/gcc/arm-none-eabi/13.2.0/../../../../arm-none-eabi/lib/thumb\libg.a(libc_a-stdio.o)
                0x02016724                __swrite
 .text.__sseek  0x02016770       0x44 C:/devkitPro/devkitARM/bin/../lib/gcc/arm-none-eabi/13.2.0/../../../../arm-none-eabi/lib/thumb\libg.a(libc_a-stdio.o)
                0x02016770                __sseek
 .text.__sclose
                0x020167b4       0x10 C:/devkitPro/devkitARM/bin/../lib/gcc/arm-none-eabi/13.2.0/../../../../arm-none-eabi/lib/thumb\libg.a(libc_a-stdio.o)
                0x020167b4                __sclose
 .text.category
                0x020167c4       0x58 C:/devkitPro/devkitARM/bin/../lib/gcc/arm-none-eabi/13.2.0/../../../../arm-none-eabi/lib/thumb\libg.a(libc_a-categories.o)
                0x020167c4                category
 .text.get_arg  0x0201681c      0x434 C:/devkitPro/devkitARM/bin/../lib/gcc/arm-none-eabi/13.2.0/../../../../arm-none-eabi/lib/thumb\libg.a(libc_a-vfiprintf.o)
 .text.__sprint_r
                0x02016c50       0x24 C:/devkitPro/devkitARM/bin/../lib/gcc/arm-none-eabi/13.2.0/../../../../arm-none-eabi/lib/thumb\libg.a(libc_a-vfiprintf.o)
                0x02016c50                __sprint_r
 .text._vfiprintf_r
                0x02016c74     0x17cc C:/devkitPro/devkitARM/bin/../lib/gcc/arm-none-eabi/13.2.0/../../../../arm-none-eabi/lib/thumb\libg.a(libc_a-vfiprintf.o)
                0x02016c74                _vfiprintf_r
 .text.__sbprintf
                0x02018440       0x7c C:/devkitPro/devkitARM/bin/../lib/gcc/arm-none-eabi/13.2.0/../../../../arm-none-eabi/lib/thumb\libg.a(libc_a-vfiprintf.o)
 .text.div      0x020184bc       0x18 C:/devkitPro/devkitARM/bin/../lib/gcc/arm-none-eabi/13.2.0/../../../../arm-none-eabi/lib/thumb\libg.a(libc_a-div.o)
                0x020184bc                div
 .text.__swsetup_r
                0x020184d4       0xcc C:/devkitPro/devkitARM/bin/../lib/gcc/arm-none-eabi/13.2.0/../../../../arm-none-eabi/lib/thumb\libg.a(libc_a-wsetup.o)
                0x020184d4                __swsetup_r
 .text.quorem   0x020185a0      0x158 C:/devkitPro/devkitARM/bin/../lib/gcc/arm-none-eabi/13.2.0/../../../../arm-none-eabi/lib/thumb\libg.a(libc_a-dtoa.o)
 .text._dtoa_r  0x020186f8     0x1024 C:/devkitPro/devkitARM/bin/../lib/gcc/arm-none-eabi/13.2.0/../../../../arm-none-eabi/lib/thumb\libg.a(libc_a-dtoa.o)
                0x020186f8                _dtoa_r
 .text._fseeko_r
                0x0201971c      0x414 C:/devkitPro/devkitARM/bin/../lib/gcc/arm-none-eabi/13.2.0/../../../../arm-none-eabi/lib/thumb\libg.a(libc_a-fseeko.o)
                0x0201971c                _fseeko_r
 .text._findenv_r
                0x02019b30       0x94 C:/devkitPro/devkitARM/bin/../lib/gcc/arm-none-eabi/13.2.0/../../../../arm-none-eabi/lib/thumb\libg.a(libc_a-getenv_r.o)
                0x02019b30                _findenv_r
 .text._getenv_r
                0x02019bc4       0x10 C:/devkitPro/devkitARM/bin/../lib/gcc/arm-none-eabi/13.2.0/../../../../arm-none-eabi/lib/thumb\libg.a(libc_a-getenv_r.o)
                0x02019bc4                _getenv_r
 .text._ftello_r
                0x02019bd4      0x124 C:/devkitPro/devkitARM/bin/../lib/gcc/arm-none-eabi/13.2.0/../../../../arm-none-eabi/lib/thumb\libg.a(libc_a-ftello.o)
                0x02019bd4                _ftello_r
 .text.__sflags
                0x02019cf8       0xa4 C:/devkitPro/devkitARM/bin/../lib/gcc/arm-none-eabi/13.2.0/../../../../arm-none-eabi/lib/thumb\libg.a(libc_a-flags.o)
                0x02019cf8                __sflags
 .text._Balloc  0x02019d9c       0x54 C:/devkitPro/devkitARM/bin/../lib/gcc/arm-none-eabi/13.2.0/../../../../arm-none-eabi/lib/thumb\libg.a(libc_a-mprec.o)
                0x02019d9c                _Balloc
 .text._Bfree   0x02019df0       0x14 C:/devkitPro/devkitARM/bin/../lib/gcc/arm-none-eabi/13.2.0/../../../../arm-none-eabi/lib/thumb\libg.a(libc_a-mprec.o)
                0x02019df0                _Bfree
 .text.__multadd
                0x02019e04       0xac C:/devkitPro/devkitARM/bin/../lib/gcc/arm-none-eabi/13.2.0/../../../../arm-none-eabi/lib/thumb\libg.a(libc_a-mprec.o)
                0x02019e04                __multadd
 .text.__hi0bits
                0x02019eb0       0x4c C:/devkitPro/devkitARM/bin/../lib/gcc/arm-none-eabi/13.2.0/../../../../arm-none-eabi/lib/thumb\libg.a(libc_a-mprec.o)
                0x02019eb0                __hi0bits
 .text.__lo0bits
                0x02019efc       0x5c C:/devkitPro/devkitARM/bin/../lib/gcc/arm-none-eabi/13.2.0/../../../../arm-none-eabi/lib/thumb\libg.a(libc_a-mprec.o)
                0x02019efc                __lo0bits
 .text.__i2b    0x02019f58       0x64 C:/devkitPro/devkitARM/bin/../lib/gcc/arm-none-eabi/13.2.0/../../../../arm-none-eabi/lib/thumb\libg.a(libc_a-mprec.o)
                0x02019f58                __i2b
 .text.__multiply
                0x02019fbc      0x1b0 C:/devkitPro/devkitARM/bin/../lib/gcc/arm-none-eabi/13.2.0/../../../../arm-none-eabi/lib/thumb\libg.a(libc_a-mprec.o)
                0x02019fbc                __multiply
 .text.__pow5mult
                0x0201a16c       0xd4 C:/devkitPro/devkitARM/bin/../lib/gcc/arm-none-eabi/13.2.0/../../../../arm-none-eabi/lib/thumb\libg.a(libc_a-mprec.o)
                0x0201a16c                __pow5mult
 .text.__lshift
                0x0201a240      0x100 C:/devkitPro/devkitARM/bin/../lib/gcc/arm-none-eabi/13.2.0/../../../../arm-none-eabi/lib/thumb\libg.a(libc_a-mprec.o)
                0x0201a240                __lshift
 .text.__mcmp   0x0201a340       0x40 C:/devkitPro/devkitARM/bin/../lib/gcc/arm-none-eabi/13.2.0/../../../../arm-none-eabi/lib/thumb\libg.a(libc_a-mprec.o)
                0x0201a340                __mcmp
 .text.__mdiff  0x0201a380      0x1b4 C:/devkitPro/devkitARM/bin/../lib/gcc/arm-none-eabi/13.2.0/../../../../arm-none-eabi/lib/thumb\libg.a(libc_a-mprec.o)
                0x0201a380                __mdiff
 .text.__d2b    0x0201a534       0xd0 C:/devkitPro/devkitARM/bin/../lib/gcc/arm-none-eabi/13.2.0/../../../../arm-none-eabi/lib/thumb\libg.a(libc_a-mprec.o)
                0x0201a534                __d2b
 .text.gmtime_r
                0x0201a604      0x1c0 C:/devkitPro/devkitARM/bin/../lib/gcc/arm-none-eabi/13.2.0/../../../../arm-none-eabi/lib/thumb\libg.a(libc_a-gmtime_r.o)
                0x0201a604                gmtime_r
 .text.__tz_lock
                0x0201a7c4       0x14 C:/devkitPro/devkitARM/bin/../lib/gcc/arm-none-eabi/13.2.0/../../../../arm-none-eabi/lib/thumb\libg.a(libc_a-tzlock.o)
                0x0201a7c4                __tz_lock
 .text.__tz_unlock
                0x0201a7d8       0x14 C:/devkitPro/devkitARM/bin/../lib/gcc/arm-none-eabi/13.2.0/../../../../arm-none-eabi/lib/thumb\libg.a(libc_a-tzlock.o)
                0x0201a7d8                __tz_unlock
 .text.__utf8_mbtowc
                0x0201a7ec      0x27c C:/devkitPro/devkitARM/bin/../lib/gcc/arm-none-eabi/13.2.0/../../../../arm-none-eabi/lib/thumb\libg.a(libc_a-mbtowc_r.o)
                0x0201a7ec                __utf8_mbtowc
 .text._wcsnrtombs_l
                0x0201aa68      0x11c C:/devkitPro/devkitARM/bin/../lib/gcc/arm-none-eabi/13.2.0/../../../../arm-none-eabi/lib/thumb\libg.a(libc_a-wcsnrtombs.o)
                0x0201aa68                _wcsnrtombs_l
 .text._wcsnrtombs_r
                0x0201ab84       0x40 C:/devkitPro/devkitARM/bin/../lib/gcc/arm-none-eabi/13.2.0/../../../../arm-none-eabi/lib/thumb\libg.a(libc_a-wcsnrtombs.o)
                0x0201ab84                _wcsnrtombs_r
 .text.__env_lock
                0x0201abc4       0x14 C:/devkitPro/devkitARM/bin/../lib/gcc/arm-none-eabi/13.2.0/../../../../arm-none-eabi/lib/thumb\libg.a(libc_a-envlock.o)
                0x0201abc4                __env_lock
 .text.__env_unlock
                0x0201abd8       0x14 C:/devkitPro/devkitARM/bin/../lib/gcc/arm-none-eabi/13.2.0/../../../../arm-none-eabi/lib/thumb\libg.a(libc_a-envlock.o)
                0x0201abd8                __env_unlock
 .text.__assert_func
                0x0201abec       0x40 C:/devkitPro/devkitARM/bin/../lib/gcc/arm-none-eabi/13.2.0/../../../../arm-none-eabi/lib/thumb\libg.a(libc_a-assert.o)
                0x0201abec                __assert_func
 .text.fiprintf
                0x0201ac2c       0x28 C:/devkitPro/devkitARM/bin/../lib/gcc/arm-none-eabi/13.2.0/../../../../arm-none-eabi/lib/thumb\libg.a(libc_a-fiprintf.o)
                0x0201ac2c                fiprintf
 .text.abort    0x0201ac54       0x10 C:/devkitPro/devkitARM/bin/../lib/gcc/arm-none-eabi/13.2.0/../../../../arm-none-eabi/lib/thumb\libg.a(libc_a-abort.o)
                0x0201ac54                abort
 .text._raise_r
                0x0201ac64       0x60 C:/devkitPro/devkitARM/bin/../lib/gcc/arm-none-eabi/13.2.0/../../../../arm-none-eabi/lib/thumb\libg.a(libc_a-signal.o)
                0x0201ac64                _raise_r
 .text.raise    0x0201acc4       0x14 C:/devkitPro/devkitARM/bin/../lib/gcc/arm-none-eabi/13.2.0/../../../../arm-none-eabi/lib/thumb\libg.a(libc_a-signal.o)
                0x0201acc4                raise
 .text._exit    0x0201acd8       0x14 C:/devkitPro/devkitARM/bin/../lib/gcc/arm-none-eabi/13.2.0/../../../../arm-none-eabi/lib/thumb\libsysbase.a(libsysbase_libsysbase_a-_exit.o)
                0x0201acd8                _exit
 .text.build_argv
                0x0201acec       0x54 C:/devkitPro/devkitARM/bin/../lib/gcc/arm-none-eabi/13.2.0/../../../../arm-none-eabi/lib/thumb\libsysbase.a(libsysbase_libsysbase_a-build_argv.o)
                0x0201acec                build_argv
 .text.chdir    0x0201ad40       0xe4 C:/devkitPro/devkitARM/bin/../lib/gcc/arm-none-eabi/13.2.0/../../../../arm-none-eabi/lib/thumb\libsysbase.a(libsysbase_libsysbase_a-chdir.o)
                0x0201ad40                chdir
 .text.getcwd   0x0201ae24       0x60 C:/devkitPro/devkitARM/bin/../lib/gcc/arm-none-eabi/13.2.0/../../../../arm-none-eabi/lib/thumb\libsysbase.a(libsysbase_libsysbase_a-chdir.o)
                0x0201ae24                getcwd
 .text._concatenate_path
                0x0201ae84      0x134 C:/devkitPro/devkitARM/bin/../lib/gcc/arm-none-eabi/13.2.0/../../../../arm-none-eabi/lib/thumb\libsysbase.a(libsysbase_libsysbase_a-concatenate.o)
                0x0201ae84                _concatenate_path
 .text._fstat_r
                0x0201afb8       0x4c C:/devkitPro/devkitARM/bin/../lib/gcc/arm-none-eabi/13.2.0/../../../../arm-none-eabi/lib/thumb\libsysbase.a(libsysbase_libsysbase_a-fstat.o)
                0x0201afb8                _fstat_r
 .text._getpid_r
                0x0201b004        0xc C:/devkitPro/devkitARM/bin/../lib/gcc/arm-none-eabi/13.2.0/../../../../arm-none-eabi/lib/thumb\libsysbase.a(libsysbase_libsysbase_a-getpid.o)
                0x0201b004                _getpid_r
 .text.__getreent
                0x0201b010       0x20 C:/devkitPro/devkitARM/bin/../lib/gcc/arm-none-eabi/13.2.0/../../../../arm-none-eabi/lib/thumb\libsysbase.a(libsysbase_libsysbase_a-getreent.o)
                0x0201b010                __getreent
 .text._gettimeofday_r
                0x0201b030       0x20 C:/devkitPro/devkitARM/bin/../lib/gcc/arm-none-eabi/13.2.0/../../../../arm-none-eabi/lib/thumb\libsysbase.a(libsysbase_libsysbase_a-gettod.o)
                0x0201b030                _gettimeofday_r
 .text.__release_handle
                0x0201b050       0x68 C:/devkitPro/devkitARM/bin/../lib/gcc/arm-none-eabi/13.2.0/../../../../arm-none-eabi/lib/thumb\libsysbase.a(libsysbase_libsysbase_a-handle_manager.o)
                0x0201b050                __release_handle
 .text.__alloc_handle
                0x0201b0b8       0x7c C:/devkitPro/devkitARM/bin/../lib/gcc/arm-none-eabi/13.2.0/../../../../arm-none-eabi/lib/thumb\libsysbase.a(libsysbase_libsysbase_a-handle_manager.o)
                0x0201b0b8                __alloc_handle
 .text.__get_handle
                0x0201b134       0x34 C:/devkitPro/devkitARM/bin/../lib/gcc/arm-none-eabi/13.2.0/../../../../arm-none-eabi/lib/thumb\libsysbase.a(libsysbase_libsysbase_a-handle_manager.o)
                0x0201b134                __get_handle
 .text._close_r
                0x0201b168       0xb8 C:/devkitPro/devkitARM/bin/../lib/gcc/arm-none-eabi/13.2.0/../../../../arm-none-eabi/lib/thumb\libsysbase.a(libsysbase_libsysbase_a-handle_manager.o)
                0x0201b168                _close_r
 .text.null_write
                0x0201b220        0x4 C:/devkitPro/devkitARM/bin/../lib/gcc/arm-none-eabi/13.2.0/../../../../arm-none-eabi/lib/thumb\libsysbase.a(libsysbase_libsysbase_a-iosupport.o)
 .text.setDefaultDevice
                0x0201b224       0x10 C:/devkitPro/devkitARM/bin/../lib/gcc/arm-none-eabi/13.2.0/../../../../arm-none-eabi/lib/thumb\libsysbase.a(libsysbase_libsysbase_a-iosupport.o)
                0x0201b224                setDefaultDevice
 .text.FindDevice
                0x0201b234       0x98 C:/devkitPro/devkitARM/bin/../lib/gcc/arm-none-eabi/13.2.0/../../../../arm-none-eabi/lib/thumb\libsysbase.a(libsysbase_libsysbase_a-iosupport.o)
                0x0201b234                FindDevice
 .text.AddDevice
                0x0201b2cc       0x78 C:/devkitPro/devkitARM/bin/../lib/gcc/arm-none-eabi/13.2.0/../../../../arm-none-eabi/lib/thumb\libsysbase.a(libsysbase_libsysbase_a-iosupport.o)
                0x0201b2cc                AddDevice
 .text.GetDeviceOpTab
                0x0201b344       0x20 C:/devkitPro/devkitARM/bin/../lib/gcc/arm-none-eabi/13.2.0/../../../../arm-none-eabi/lib/thumb\libsysbase.a(libsysbase_libsysbase_a-iosupport.o)
                0x0201b344                GetDeviceOpTab
 .text._isatty_r
                0x0201b364        0x4 C:/devkitPro/devkitARM/bin/../lib/gcc/arm-none-eabi/13.2.0/../../../../arm-none-eabi/lib/thumb\libsysbase.a(libsysbase_libsysbase_a-isatty.o)
                0x0201b364                _isatty_r
 .text._kill_r  0x0201b368        0xc C:/devkitPro/devkitARM/bin/../lib/gcc/arm-none-eabi/13.2.0/../../../../arm-none-eabi/lib/thumb\libsysbase.a(libsysbase_libsysbase_a-kill.o)
                0x0201b368                _kill_r
 .text._lseek_r
                0x0201b374       0x5c C:/devkitPro/devkitARM/bin/../lib/gcc/arm-none-eabi/13.2.0/../../../../arm-none-eabi/lib/thumb\libsysbase.a(libsysbase_libsysbase_a-lseek.o)
                0x0201b374                _lseek_r
 .text._open_r  0x0201b3d0       0x98 C:/devkitPro/devkitARM/bin/../lib/gcc/arm-none-eabi/13.2.0/../../../../arm-none-eabi/lib/thumb\libsysbase.a(libsysbase_libsysbase_a-open.o)
                0x0201b3d0                _open_r
 .text._read_r  0x0201b468       0x50 C:/devkitPro/devkitARM/bin/../lib/gcc/arm-none-eabi/13.2.0/../../../../arm-none-eabi/lib/thumb\libsysbase.a(libsysbase_libsysbase_a-read.o)
                0x0201b468                _read_r
 .text._sbrk_r  0x0201b4b8       0x54 C:/devkitPro/devkitARM/bin/../lib/gcc/arm-none-eabi/13.2.0/../../../../arm-none-eabi/lib/thumb\libsysbase.a(libsysbase_libsysbase_a-sbrk.o)
                0x0201b4b8                _sbrk_r
 .text.__libc_lock_acquire
                0x0201b50c       0x18 C:/devkitPro/devkitARM/bin/../lib/gcc/arm-none-eabi/13.2.0/../../../../arm-none-eabi/lib/thumb\libsysbase.a(libsysbase_libsysbase_a-syscall_support.o)
                0x0201b50c                __libc_lock_acquire
 .text.__libc_lock_release
                0x0201b524       0x18 C:/devkitPro/devkitARM/bin/../lib/gcc/arm-none-eabi/13.2.0/../../../../arm-none-eabi/lib/thumb\libsysbase.a(libsysbase_libsysbase_a-syscall_support.o)
                0x0201b524                __libc_lock_release
 .text.__libc_lock_acquire_recursive
                0x0201b53c       0x18 C:/devkitPro/devkitARM/bin/../lib/gcc/arm-none-eabi/13.2.0/../../../../arm-none-eabi/lib/thumb\libsysbase.a(libsysbase_libsysbase_a-syscall_support.o)
                0x0201b53c                __libc_lock_acquire_recursive
 .text.__libc_lock_release_recursive
                0x0201b554       0x18 C:/devkitPro/devkitARM/bin/../lib/gcc/arm-none-eabi/13.2.0/../../../../arm-none-eabi/lib/thumb\libsysbase.a(libsysbase_libsysbase_a-syscall_support.o)
                0x0201b554                __libc_lock_release_recursive
 .text._write_r
                0x0201b56c       0x50 C:/devkitPro/devkitARM/bin/../lib/gcc/arm-none-eabi/13.2.0/../../../../arm-none-eabi/lib/thumb\libsysbase.a(libsysbase_libsysbase_a-write.o)
                0x0201b56c                _write_r
 *fill*         0x0201b5bc        0x4 ff
 .text._write_r.__stub
                0x0201b5c0      0x130 linker stubs
 *(EXCLUDE_FILE(*.twl*) .gnu.warning)
 *(EXCLUDE_FILE(*.twl*) .gnu.linkonce.t*)
 *(.glue_7)
 .glue_7        0x0201b700        0x0 linker stubs
 *(.glue_7t)
 .glue_7t       0x0201b700        0x0 linker stubs
                0x0201b700                        . = ALIGN (0x4)

.vfp11_veneer   0x0201b700        0x0
 .vfp11_veneer  0x0201b700        0x0 linker stubs

.v4_bx          0x0201b700        0x0
 .v4_bx         0x0201b700        0x0 linker stubs

.iplt           0x0201b700        0x0
 .iplt          0x0201b700        0x0 C:/devkitPro/devkitARM/bin/../lib/gcc/arm-none-eabi/13.2.0/../../../../arm-none-eabi/lib/thumb/ds_arm9_crt0.o

.fini           0x0201b700        0xc
 *(.fini)
 .fini          0x0201b700        0x4 C:/devkitPro/devkitARM/bin/../lib/gcc/arm-none-eabi/13.2.0/thumb/crti.o
                0x0201b700                _fini
 .fini          0x0201b704        0x8 C:/devkitPro/devkitARM/bin/../lib/gcc/arm-none-eabi/13.2.0/thumb/crtn.o
                0x0201b70c                        __text_end = .

.rodata         0x0201b710     0x6390
 *(EXCLUDE_FILE(*.twl*) .rodata)
 *all.rodata*(*)
 *(EXCLUDE_FILE(*.twl*) .roda)
 *(EXCLUDE_FILE(*.twl*) .rodata.*)
 .rodata.str1.4
                0x0201b710      0x334 main.o
                                0x125 (size before relaxing)
 .rodata.nitroFSInit.str1.4
                0x0201ba44        0x8 C:/devkitPro/libnds/lib\libfilesystem.a(nitrofs.o)
 .rodata.str1.4
                0x0201ba44        0xe C:/devkitPro/libnds/lib\libfilesystem.a(nitrofs.o)
 .rodata.fatMount.part.0.str1.4
                0x0201ba44        0x2 C:/devkitPro/libnds/lib\libfat.a(libfat.o)
 .rodata.fatInit.str1.4
                0x0201ba44        0x3 C:/devkitPro/libnds/lib\libfat.a(libfat.o)
 .rodata.str1.4
                0x0201ba44        0x4 C:/devkitPro/libnds/lib\libfat.a(libfat.o)
 .rodata.dotab_fat
                0x0201ba44       0x70 C:/devkitPro/libnds/lib\libfat.a(libfat.o)
 .rodata.str1.4
                0x0201bab4        0x8 C:/devkitPro/libnds/lib\libfat.a(disc.o)
 .rodata._FAT_disc_interfaces
                0x0201bab4       0x18 C:/devkitPro/libnds/lib\libfat.a(disc.o)
                0x0201bab4                _FAT_disc_interfaces
 .rodata._FAT_directory_entryFromPath.str1.4
                0x0201bacc        0x7 C:/devkitPro/libnds/lib\libfat.a(directory.o)
 .rodata.ILLEGAL_ALIAS_CHARACTERS
                0x0201bacc       0x12 C:/devkitPro/libnds/lib\libfat.a(directory.o)
 *fill*         0x0201bade        0x2 ff
 .rodata.ILLEGAL_LFN_CHARACTERS
                0x0201bae0        0xa C:/devkitPro/libnds/lib\libfat.a(directory.o)
 *fill*         0x0201baea        0x2 ff
 .rodata.LFN_offset_table
                0x0201baec       0x34 C:/devkitPro/libnds/lib\libfat.a(directory.o)
 .rodata.FAT_SIG
                0x0201bb20        0x3 C:/devkitPro/libnds/lib\libfat.a(partition.o)
 *fill*         0x0201bb23        0x1 ff
 .rodata.FS_TWL_SIG
                0x0201bb24        0x8 C:/devkitPro/libnds/lib\libfat.a(partition.o)
 .rodata.SIN_LUT
                0x0201bb2c      0x102 C:/devkitPro/libnds/lib\libnds9.a(trig.o)
                0x0201bb2c                SIN_LUT
 *fill*         0x0201bc2e        0x2 ff
 .rodata.TAN_LUT
                0x0201bc30      0x204 C:/devkitPro/libnds/lib\libnds9.a(trig.o)
                0x0201bc30                TAN_LUT
 .rodata.con_write.str1.4
                0x0201be34       0x30 C:/devkitPro/libnds/lib\libnds9.a(console.o)
 .rodata.con_write
                0x0201be34       0xd4 C:/devkitPro/libnds/lib\libnds9.a(console.o)
 .rodata.str1.4
                0x0201bf08       0x14 C:/devkitPro/libnds/lib\libnds9.a(console.o)
 .rodata.dotab_stdout
                0x0201bf08       0x70 C:/devkitPro/libnds/lib\libnds9.a(console.o)
 .rodata.glMaterialf
                0x0201bf78       0x44 C:/devkitPro/libnds/lib\libnds9.a(videoGL.o)
 .rodata.default_font_bin
                0x0201bfbc     0x2000 C:/devkitPro/libnds/lib\libnds9.a(default_font.bin.o)
                0x0201bfbc                default_font_bin
                0x0201dfbc                default_font_bin_end
 .rodata._mbrtowc_r.str1.4
                0x0201dfbc        0x1 C:/devkitPro/devkitARM/bin/../lib/gcc/arm-none-eabi/13.2.0/../../../../arm-none-eabi/lib/thumb\libg.a(libc_a-mbrtowc.o)
 .rodata._ctype_
                0x0201dfbc      0x101 C:/devkitPro/devkitARM/bin/../lib/gcc/arm-none-eabi/13.2.0/../../../../arm-none-eabi/lib/thumb\libg.a(libc_a-ctype_.o)
                0x0201dfbc                _ctype_
 .rodata._puts_r.str1.4
                0x0201e0bd        0x2 C:/devkitPro/devkitARM/bin/../lib/gcc/arm-none-eabi/13.2.0/../../../../arm-none-eabi/lib/thumb\libg.a(libc_a-puts.o)
 *fill*         0x0201e0bd        0x3 ff
 .rodata.basefix.0
                0x0201e0c0       0x22 C:/devkitPro/devkitARM/bin/../lib/gcc/arm-none-eabi/13.2.0/../../../../arm-none-eabi/lib/thumb\libg.a(libc_a-svfiscanf.o)
 .rodata._vfprintf_r.str1.1
                0x0201e0e2       0x3b C:/devkitPro/devkitARM/bin/../lib/gcc/arm-none-eabi/13.2.0/../../../../arm-none-eabi/lib/thumb\libg.a(libc_a-vfprintf.o)
 *fill*         0x0201e11d        0x3 ff
 .rodata.zeroes.0
                0x0201e120       0x10 C:/devkitPro/devkitARM/bin/../lib/gcc/arm-none-eabi/13.2.0/../../../../arm-none-eabi/lib/thumb\libg.a(libc_a-vfprintf.o)
 .rodata.blanks.1
                0x0201e130       0x10 C:/devkitPro/devkitARM/bin/../lib/gcc/arm-none-eabi/13.2.0/../../../../arm-none-eabi/lib/thumb\libg.a(libc_a-vfprintf.o)
 .rodata._DAYS_BEFORE_MONTH
                0x0201e140       0x30 C:/devkitPro/devkitARM/bin/../lib/gcc/arm-none-eabi/13.2.0/../../../../arm-none-eabi/lib/thumb\libg.a(libc_a-mktime.o)
 .rodata.DAYS_IN_MONTH
                0x0201e170       0x30 C:/devkitPro/devkitARM/bin/../lib/gcc/arm-none-eabi/13.2.0/../../../../arm-none-eabi/lib/thumb\libg.a(libc_a-mktime.o)
 .rodata._tzset_unlocked_r.str1.4
                0x0201e1a0       0x6b C:/devkitPro/devkitARM/bin/../lib/gcc/arm-none-eabi/13.2.0/../../../../arm-none-eabi/lib/thumb\libg.a(libc_a-tzset_r.o)
 .rodata.__month_lengths
                0x0201e1a0       0x60 C:/devkitPro/devkitARM/bin/../lib/gcc/arm-none-eabi/13.2.0/../../../../arm-none-eabi/lib/thumb\libg.a(libc_a-month_lengths.o)
                0x0201e1a0                __month_lengths
 .rodata.str1.4
                0x0201e200        0x4 C:/devkitPro/devkitARM/bin/../lib/gcc/arm-none-eabi/13.2.0/../../../../arm-none-eabi/lib/thumb\libg.a(libc_a-tzvars.o)
 .rodata.str1.4
                0x0201e200       0x4c C:/devkitPro/devkitARM/bin/../lib/gcc/arm-none-eabi/13.2.0/../../../../arm-none-eabi/lib/thumb\libg.a(libc_a-locale.o)
 .rodata.categories
                0x0201e200     0x3528 C:/devkitPro/devkitARM/bin/../lib/gcc/arm-none-eabi/13.2.0/../../../../arm-none-eabi/lib/thumb\libg.a(libc_a-categories.o)
 .rodata._vfiprintf_r.str1.1
                0x02021728       0x29 C:/devkitPro/devkitARM/bin/../lib/gcc/arm-none-eabi/13.2.0/../../../../arm-none-eabi/lib/thumb\libg.a(libc_a-vfiprintf.o)
 .rodata.zeroes.0
                0x02021728       0x10 C:/devkitPro/devkitARM/bin/../lib/gcc/arm-none-eabi/13.2.0/../../../../arm-none-eabi/lib/thumb\libg.a(libc_a-vfiprintf.o)
 .rodata.blanks.1
                0x02021738       0x10 C:/devkitPro/devkitARM/bin/../lib/gcc/arm-none-eabi/13.2.0/../../../../arm-none-eabi/lib/thumb\libg.a(libc_a-vfiprintf.o)
 .rodata.__action_table
                0x02021748       0x6c C:/devkitPro/devkitARM/bin/../lib/gcc/arm-none-eabi/13.2.0/../../../../arm-none-eabi/lib/thumb\libg.a(libc_a-svfiprintf.o)
                0x02021748                __action_table
 .rodata.__state_table
                0x020217b4       0x6c C:/devkitPro/devkitARM/bin/../lib/gcc/arm-none-eabi/13.2.0/../../../../arm-none-eabi/lib/thumb\libg.a(libc_a-svfiprintf.o)
                0x020217b4                __state_table
 .rodata.__chclass
                0x02021820      0x100 C:/devkitPro/devkitARM/bin/../lib/gcc/arm-none-eabi/13.2.0/../../../../arm-none-eabi/lib/thumb\libg.a(libc_a-svfiprintf.o)
                0x02021820                __chclass
 .rodata._dtoa_r.str1.4
                0x02021920       0x67 C:/devkitPro/devkitARM/bin/../lib/gcc/arm-none-eabi/13.2.0/../../../../arm-none-eabi/lib/thumb\libg.a(libc_a-dtoa.o)
 .rodata.__multadd.str1.4
                0x02021920       0x54 C:/devkitPro/devkitARM/bin/../lib/gcc/arm-none-eabi/13.2.0/../../../../arm-none-eabi/lib/thumb\libg.a(libc_a-mprec.o)
 .rodata.p05.0  0x02021920        0xc C:/devkitPro/devkitARM/bin/../lib/gcc/arm-none-eabi/13.2.0/../../../../arm-none-eabi/lib/thumb\libg.a(libc_a-mprec.o)
 *fill*         0x0202192c        0x4 ff
 .rodata.__mprec_bigtens
                0x02021930       0x28 C:/devkitPro/devkitARM/bin/../lib/gcc/arm-none-eabi/13.2.0/../../../../arm-none-eabi/lib/thumb\libg.a(libc_a-mprec.o)
                0x02021930                __mprec_bigtens
 .rodata.__mprec_tens
                0x02021958       0xc8 C:/devkitPro/devkitARM/bin/../lib/gcc/arm-none-eabi/13.2.0/../../../../arm-none-eabi/lib/thumb\libg.a(libc_a-mprec.o)
                0x02021958                __mprec_tens
 .rodata.__assert_func.str1.4
                0x02021a20       0x43 C:/devkitPro/devkitARM/bin/../lib/gcc/arm-none-eabi/13.2.0/../../../../arm-none-eabi/lib/thumb\libg.a(libc_a-assert.o)
 .rodata.AddDevice.str1.4
                0x02021a20        0x8 C:/devkitPro/devkitARM/bin/../lib/gcc/arm-none-eabi/13.2.0/../../../../arm-none-eabi/lib/thumb\libsysbase.a(libsysbase_libsysbase_a-iosupport.o)
 .rodata.dotab_stdnull
                0x02021a20       0x80 C:/devkitPro/devkitARM/bin/../lib/gcc/arm-none-eabi/13.2.0/../../../../arm-none-eabi/lib/thumb\libsysbase.a(libsysbase_libsysbase_a-iosupport.o)
                0x02021a20                dotab_stdnull
 *(EXCLUDE_FILE(*.twl*) .gnu.linkonce.r*)
                0x02021aa0                        . = ALIGN (0x4)

.ARM.extab
 *(.ARM.extab* .gnu.linkonce.armextab.*)
                0x02021aa0                        __exidx_start = .

ARM.exidx
 *(.ARM.exidx* .gnu.linkonce.armexidx.*)
                0x02021aa0                        __exidx_end = .
                0x02021aa0                        . = ALIGN (0x4)
                0x02021aa0                        PROVIDE (__preinit_array_start = .)

.preinit_array
 *(.preinit_array)
                0x02021aa0                        PROVIDE (__preinit_array_end = .)
                0x02021aa0                        PROVIDE (__init_array_start = .)

.init_array     0x02021aa0        0x4
 *(SORT_BY_NAME(.init_array.*))
 *(.init_array)
 .init_array    0x02021aa0        0x4 C:/devkitPro/devkitARM/bin/../lib/gcc/arm-none-eabi/13.2.0/thumb/crtbegin.o
                0x02021aa4                        PROVIDE (__init_array_end = .)
                [!provide]                        PROVIDE (__fini_array_start = .)

.fini_array     0x02021aa4        0x4
 *(.fini_array)
 .fini_array    0x02021aa4        0x4 C:/devkitPro/devkitARM/bin/../lib/gcc/arm-none-eabi/13.2.0/thumb/crtbegin.o
 *(SORT_BY_NAME(.fini_array.*))
                [!provide]                        PROVIDE (__fini_array_end = .)

.ctors          0x02021aa8        0x0
 *crtbegin.o(.ctors)
 *(EXCLUDE_FILE(*crtend.o) .ctors)
 *(SORT_BY_NAME(.ctors.*))
 *(.ctors)
                0x02021aa8                        . = ALIGN (0x4)

.dtors          0x02021aa8        0x0
 *crtbegin.o(.dtors)
 *(EXCLUDE_FILE(*crtend.o) .dtors)
 *(SORT_BY_NAME(.dtors.*))
 *(.dtors)
                0x02021aa8                        . = ALIGN (0x4)

.eh_frame       0x02021aa8        0x4
 *(.eh_frame)
 .eh_frame      0x02021aa8        0x0 C:/devkitPro/devkitARM/bin/../lib/gcc/arm-none-eabi/13.2.0/thumb/crtbegin.o
 .eh_frame      0x02021aa8        0x4 C:/devkitPro/devkitARM/bin/../lib/gcc/arm-none-eabi/13.2.0/thumb/crtend.o
                0x02021aac                        . = ALIGN (0x4)

.gcc_except_table
                0x02021aac        0x0
 *(.gcc_except_table)
                0x02021aac                        . = ALIGN (0x4)

.jcr
 *(.jcr)

.got
 *(.got.plt)
 *(.got)
 *(.rel.got)

.ewram          0x02021aac        0x0
                0x02021aac                        __ewram_start = ABSOLUTE (.)
 *(.ewram)
 *ewram.*(.text)
                0x02021aac                        . = ALIGN (0x4)

.data           0x02021aac     0x24fc
                0x02021aac                        __data_start = ABSOLUTE (.)
 *(EXCLUDE_FILE(*.twl*) .data)
 .data          0x02021aac        0x4 main.o
                0x02021aac                ypos
 .data          0x02021ab0       0x28 C:/devkitPro/libnds/lib\libnds9.a(mpu_setup.o)
 *(EXCLUDE_FILE(*.twl*) .data.*)
 .data.ndsFileFD
                0x02021ad8        0x4 C:/devkitPro/libnds/lib\libfilesystem.a(nitrofs.o)
 .data.nitroFSdevoptab
                0x02021adc       0x70 C:/devkitPro/libnds/lib\libfilesystem.a(nitrofs.o)
                0x02021adc                nitroFSdevoptab
 .data.syspaths
                0x02021b4c        0x8 C:/devkitPro/libnds/lib\libfilesystem.a(nitrofs.o)
                0x02021b4c                syspaths
 .data.currentConsole
                0x02021b54        0x4 C:/devkitPro/libnds/lib\libnds9.a(console.o)
                0x02021b54                currentConsole
 .data.defaultConsole
                0x02021b58       0x5c C:/devkitPro/libnds/lib\libnds9.a(console.o)
                0x02021b58                defaultConsole
 .data.firstConsoleInit.0
                0x02021bb4        0x1 C:/devkitPro/libnds/lib\libnds9.a(console.o)
 *fill*         0x02021bb5        0x3 ff
 .data.glGlob   0x02021bb8        0x4 C:/devkitPro/libnds/lib\libnds9.a(videoGL.o)
 .data.count    0x02021bbc        0x1 C:/devkitPro/libnds/lib\libnds9.a(keys.o)
 .data.delay    0x02021bbd        0x1 C:/devkitPro/libnds/lib\libnds9.a(keys.o)
 .data.repeat   0x02021bbe        0x1 C:/devkitPro/libnds/lib\libnds9.a(keys.o)
 *fill*         0x02021bbf        0x1 ff
 .data.fifo_buffer_free
                0x02021bc0        0x4 C:/devkitPro/libnds/lib\libnds9.a(fifosystem.o)
                0x02021bc0                fifo_buffer_free
 .data.fifo_freewords
                0x02021bc4        0x4 C:/devkitPro/libnds/lib\libnds9.a(fifosystem.o)
                0x02021bc4                fifo_freewords
 .data.fifo_receive_queue
                0x02021bc8        0x4 C:/devkitPro/libnds/lib\libnds9.a(fifosystem.o)
                0x02021bc8                fifo_receive_queue
 .data.fifo_send_queue
                0x02021bcc        0x4 C:/devkitPro/libnds/lib\libnds9.a(fifosystem.o)
                0x02021bcc                fifo_send_queue
 .data.bgControl
                0x02021bd0       0x20 C:/devkitPro/libnds/lib\libnds9.a(background.o)
                0x02021bd0                bgControl
 .data.bgScrollTable
                0x02021bf0       0x20 C:/devkitPro/libnds/lib\libnds9.a(background.o)
                0x02021bf0                bgScrollTable
 .data.bgTransform
                0x02021c10       0x20 C:/devkitPro/libnds/lib\libnds9.a(background.o)
                0x02021c10                bgTransform
 .data.__malloc_sbrk_base
                0x02021c30        0x4 C:/devkitPro/devkitARM/bin/../lib/gcc/arm-none-eabi/13.2.0/../../../../arm-none-eabi/lib/thumb\libg.a(libc_a-mallocr.o)
                0x02021c30                __malloc_sbrk_base
 .data.__malloc_trim_threshold
                0x02021c34        0x4 C:/devkitPro/devkitARM/bin/../lib/gcc/arm-none-eabi/13.2.0/../../../../arm-none-eabi/lib/thumb\libg.a(libc_a-mallocr.o)
                0x02021c34                __malloc_trim_threshold
 .data.__malloc_av_
                0x02021c38      0x408 C:/devkitPro/devkitARM/bin/../lib/gcc/arm-none-eabi/13.2.0/../../../../arm-none-eabi/lib/thumb\libg.a(libc_a-mallocr.o)
                0x02021c38                __malloc_av_
 .data.__sglue  0x02022040        0xc C:/devkitPro/devkitARM/bin/../lib/gcc/arm-none-eabi/13.2.0/../../../../arm-none-eabi/lib/thumb\libg.a(libc_a-findfp.o)
                0x02022040                __sglue
 .data._tzname  0x0202204c        0x8 C:/devkitPro/devkitARM/bin/../lib/gcc/arm-none-eabi/13.2.0/../../../../arm-none-eabi/lib/thumb\libg.a(libc_a-tzvars.o)
                0x0202204c                _tzname
 *fill*         0x02022054        0x4 ff
 .data.tzinfo   0x02022058       0x58 C:/devkitPro/devkitARM/bin/../lib/gcc/arm-none-eabi/13.2.0/../../../../arm-none-eabi/lib/thumb\libg.a(libc_a-gettzinfo.o)
 .data.__global_locale
                0x020220b0      0x16c C:/devkitPro/devkitARM/bin/../lib/gcc/arm-none-eabi/13.2.0/../../../../arm-none-eabi/lib/thumb\libg.a(libc_a-locale.o)
                0x020220b0                __global_locale
 .data._impure_ptr
                0x0202221c        0x4 C:/devkitPro/devkitARM/bin/../lib/gcc/arm-none-eabi/13.2.0/../../../../arm-none-eabi/lib/thumb\libg.a(libc_a-impure.o)
                0x0202221c                _impure_ptr
 .data._impure_data
                0x02022220      0x120 C:/devkitPro/devkitARM/bin/../lib/gcc/arm-none-eabi/13.2.0/../../../../arm-none-eabi/lib/thumb\libg.a(libc_a-impure.o)
                0x02022220                _impure_data
 .data.caseconv_table
                0x02022340      0x7b0 C:/devkitPro/devkitARM/bin/../lib/gcc/arm-none-eabi/13.2.0/../../../../arm-none-eabi/lib/thumb\libg.a(libc_a-towctrans_l.o)
 .data.environ  0x02022af0        0x4 C:/devkitPro/devkitARM/bin/../lib/gcc/arm-none-eabi/13.2.0/../../../../arm-none-eabi/lib/thumb\libg.a(libc_a-environ.o)
                0x02022af0                environ
 .data._current_working_directory
                0x02022af4      0x400 C:/devkitPro/devkitARM/bin/../lib/gcc/arm-none-eabi/13.2.0/../../../../arm-none-eabi/lib/thumb\libsysbase.a(libsysbase_libsysbase_a-chdir.o)
 .data.handles  0x02022ef4     0x1000 C:/devkitPro/devkitARM/bin/../lib/gcc/arm-none-eabi/13.2.0/../../../../arm-none-eabi/lib/thumb\libsysbase.a(libsysbase_libsysbase_a-handle_manager.o)
 .data.__stderr_handle
                0x02023ef4        0xc C:/devkitPro/devkitARM/bin/../lib/gcc/arm-none-eabi/13.2.0/../../../../arm-none-eabi/lib/thumb\libsysbase.a(libsysbase_libsysbase_a-handle_manager.o)
 .data.__stdout_handle
                0x02023f00        0xc C:/devkitPro/devkitARM/bin/../lib/gcc/arm-none-eabi/13.2.0/../../../../arm-none-eabi/lib/thumb\libsysbase.a(libsysbase_libsysbase_a-handle_manager.o)
 .data.__stdin_handle
                0x02023f0c        0xc C:/devkitPro/devkitARM/bin/../lib/gcc/arm-none-eabi/13.2.0/../../../../arm-none-eabi/lib/thumb\libsysbase.a(libsysbase_libsysbase_a-handle_manager.o)
 .data.devoptab_list
                0x02023f18       0x8c C:/devkitPro/devkitARM/bin/../lib/gcc/arm-none-eabi/13.2.0/../../../../arm-none-eabi/lib/thumb\libsysbase.a(libsysbase_libsysbase_a-iosupport.o)
                0x02023f18                devoptab_list
 .data.defaultDevice
                0x02023fa4        0x4 C:/devkitPro/devkitARM/bin/../lib/gcc/arm-none-eabi/13.2.0/../../../../arm-none-eabi/lib/thumb\libsysbase.a(libsysbase_libsysbase_a-iosupport.o)
 *(EXCLUDE_FILE(*.twl*) .gnu.linkonce.d*)
                0x02023fa8                        . = ALIGN (0x4)
                0x02023fa8                        __data_end = ABSOLUTE (.)
                0x02023fa8                        __bss_vma = .

.igot.plt       0x02023fa8        0x0
 .igot.plt      0x02023fa8        0x0 C:/devkitPro/devkitARM/bin/../lib/gcc/arm-none-eabi/13.2.0/../../../../arm-none-eabi/lib/thumb/ds_arm9_crt0.o

.dtcm           0x02ff0000        0x0 load address 0x02023fa8
                0x02023fa8                        __dtcm_lma = LOADADDR (.dtcm)
                0x02ff0000                        __dtcm_start = ABSOLUTE (.)
 *(.dtcm)
 *(.dtcm.*)
                0x02ff0000                        . = ALIGN (0x4)
                0x02ff0000                        __dtcm_end = ABSOLUTE (.)

.itcm           0x01000100      0x194 load address 0x02023fa8
                0x02023fa8                        __itcm_lma = LOADADDR (.itcm)
                0x01000100                        __itcm_start = ABSOLUTE (.)
 *(.itcm)
 .itcm          0x01000100       0xc8 C:/devkitPro/libnds/lib\libnds9.a(interrupts.o)
                0x01000100                irqTable
 .itcm          0x010001c8       0xcc C:/devkitPro/libnds/lib\libnds9.a(interruptDispatcher.o)
                0x010001c8                IntrMain
 *.itcm*(.text .stub .text.*)
                0x01000294                        . = ALIGN (0x4)
                0x01000294                        __itcm_end = ABSOLUTE (.)

.vectors        0x01000000        0x0 load address 0x0202413c
                0x0202413c                        __vectors_lma = LOADADDR (.vectors)
                0x01000000                        __vectors_start = ABSOLUTE (.)
 *(.vectors .vectors.*)